Component: ARM Compiler 5.06 update 7 (build 960) Tool: armlink [4d3601]

==============================================================================

Section Cross References

    startup_stm32f407xx.o(STACK) refers (Special) to heapauxi.o(.text) for __use_two_region_memory
    startup_stm32f407xx.o(HEAP) refers (Special) to heapauxi.o(.text) for __use_two_region_memory
    startup_stm32f407xx.o(RESET) refers (Special) to heapauxi.o(.text) for __use_two_region_memory
    startup_stm32f407xx.o(RESET) refers to startup_stm32f407xx.o(STACK) for __initial_sp
    startup_stm32f407xx.o(RESET) refers to startup_stm32f407xx.o(.text) for Reset_Handler
    startup_stm32f407xx.o(RESET) refers to gtim.o(i.TIM3_IRQHandler) for TIM3_IRQHandler
    startup_stm32f407xx.o(RESET) refers to usart.o(i.USART1_IRQHandler) for USART1_IRQHandler
    startup_stm32f407xx.o(RESET) refers to atim.o(i.TIM8_UP_TIM13_IRQHandler) for TIM8_UP_TIM13_IRQHandler
    startup_stm32f407xx.o(RESET) refers to adc.o(i.DMA2_Stream0_IRQHandler) for DMA2_Stream0_IRQHandler
    startup_stm32f407xx.o(.text) refers (Special) to heapauxi.o(.text) for __use_two_region_memory
    startup_stm32f407xx.o(.text) refers to __main.o(!!!main) for __main
    startup_stm32f407xx.o(.text) refers to startup_stm32f407xx.o(HEAP) for Heap_Mem
    startup_stm32f407xx.o(.text) refers to startup_stm32f407xx.o(STACK) for Stack_Mem
    main.o(i.main) refers to sys.o(i.sys_stm32_clock_init) for sys_stm32_clock_init
    main.o(i.main) refers to delay.o(i.delay_init) for delay_init
    main.o(i.main) refers to usart.o(i.usart_init) for usart_init
    main.o(i.main) refers to led.o(i.led_init) for led_init
    main.o(i.main) refers to spi.o(i.SPI2_GPIO_MasterInit) for SPI2_GPIO_MasterInit
    main.o(i.main) refers to spi.o(i.SPI2_MasterInit) for SPI2_MasterInit
    main.o(i.main) refers to i2c.o(i.AS5600_Init) for AS5600_Init
    main.o(i.main) refers to adc.o(i.adc_init) for adc_init
    main.o(i.main) refers to adc.o(i.dma_init) for dma_init
    main.o(i.main) refers to atim.o(i.atim_timx_cplm_pwm_init) for atim_timx_cplm_pwm_init
    main.o(i.main) refers to gtim.o(i.gtim_timx_int_init) for gtim_timx_int_init
    main.o(i.main) refers to gtim.o(i.RunSystimer) for RunSystimer
    main.o(i.main) refers to gtim.o(i.CLEAR_flag) for CLEAR_flag
    delay.o(i.delay_init) refers to delay.o(.data) for g_fac_us
    delay.o(i.delay_ms) refers to delay.o(i.delay_us) for delay_us
    delay.o(i.delay_us) refers to delay.o(.data) for g_fac_us
    sys.o(i.sys_nvic_init) refers to sys.o(i.sys_nvic_priority_group_config) for sys_nvic_priority_group_config
    sys.o(i.sys_standby) refers to sys.o(i.sys_wfi_set) for sys_wfi_set
    sys.o(i.sys_stm32_clock_init) refers to sys.o(i.sys_clock_set) for sys_clock_set
    sys.o(i.sys_stm32_clock_init) refers to sys.o(i.sys_nvic_set_vector_table) for sys_nvic_set_vector_table
    usart.o(.rev16_text) refers (Special) to use_no_semi_2.o(.text) for __use_no_semihosting
    usart.o(.revsh_text) refers (Special) to use_no_semi_2.o(.text) for __use_no_semihosting
    usart.o(.rrx_text) refers (Special) to use_no_semi_2.o(.text) for __use_no_semihosting
    usart.o(i.USART1_IRQHandler) refers (Special) to use_no_semi_2.o(.text) for __use_no_semihosting
    usart.o(i.USART1_IRQHandler) refers to usart.o(.data) for g_usart_rx_sta
    usart.o(i.USART1_IRQHandler) refers to usart.o(.bss) for g_usart_rx_buf
    usart.o(i._sys_command_string) refers (Special) to use_no_semi_2.o(.text) for __use_no_semihosting
    usart.o(i._sys_exit) refers (Special) to use_no_semi_2.o(.text) for __use_no_semihosting
    usart.o(i._ttywrch) refers (Special) to use_no_semi_2.o(.text) for __use_no_semihosting
    usart.o(i.fputc) refers (Special) to use_no_semi_2.o(.text) for __use_no_semihosting
    usart.o(i.usart_init) refers (Special) to use_no_semi_2.o(.text) for __use_no_semihosting
    usart.o(i.usart_init) refers to sys.o(i.sys_gpio_set) for sys_gpio_set
    usart.o(i.usart_init) refers to sys.o(i.sys_gpio_af_set) for sys_gpio_af_set
    usart.o(i.usart_init) refers to sys.o(i.sys_nvic_init) for sys_nvic_init
    usart.o(.bss) refers (Special) to use_no_semi_2.o(.text) for __use_no_semihosting
    usart.o(.data) refers (Special) to use_no_semi_2.o(.text) for __use_no_semihosting
    as5600.o(i.AgetRawAngle) refers to as5600.o(i.readTwoBytes) for readTwoBytes
    as5600.o(i.PrintMenu) refers to _printf_percent.o(.ARM.Collect$$_printf_percent$$00000000) for _printf_percent
    as5600.o(i.PrintMenu) refers to _printf_d.o(.ARM.Collect$$_printf_percent$$00000009) for _printf_d
    as5600.o(i.PrintMenu) refers to _printf_dec.o(.text) for _printf_int_dec
    as5600.o(i.PrintMenu) refers to noretval__2printf.o(.text) for __2printf
    as5600.o(i.PrintMenu) refers to as5600.o(i.getBurnCount) for getBurnCount
    as5600.o(i.PrintMenu) refers to as5600.o(i.PrintInFromConsole) for PrintInFromConsole
    as5600.o(i.PrintMenu) refers to as5600.o(.data) for MenuChoice
[...]
    Removing sys.o(i.sys_gpio_pin_get), (16 bytes).
    Removing sys.o(i.sys_intx_disable), (4 bytes).
    Removing sys.o(i.sys_intx_enable), (4 bytes).
    Removing sys.o(i.sys_msr_msp), (10 bytes).
    Removing sys.o(i.sys_nvic_ex_config), (288 bytes).
    Removing sys.o(i.sys_soft_reset), (16 bytes).
    Removing sys.o(i.sys_standby), (76 bytes).
    Removing sys.o(i.sys_wfi_set), (4 bytes).
    Removing usart.o(.rev16_text), (4 bytes).
    Removing usart.o(.revsh_text), (4 bytes).
    Removing usart.o(.rrx_text), (6 bytes).
    Removing usart.o(i._sys_command_string), (6 bytes).
    Removing usart.o(i._ttywrch), (4 bytes).
    Removing usart.o(i.fputc), (28 bytes).
    Removing as5600.o(.rev16_text), (4 bytes).
    Removing as5600.o(.revsh_text), (4 bytes).
    Removing as5600.o(.rrx_text), (6 bytes).
    Removing as5600.o(i.AgetRawAngle), (14 bytes).
    Removing as5600.o(i.PrintInFromConsole), (2 bytes).
    Removing as5600.o(i.PrintMenu), (552 bytes).
    Removing as5600.o(i.Programe_Run), (36 bytes).
    Removing as5600.o(i.Sim_I2C1_Delay), (10 bytes).
    Removing as5600.o(i.Sim_I2C1_ReceiveByte), (112 bytes).
    Removing as5600.o(i.Sim_I2C1_ReceiveByte_WithACK), (112 bytes).
    Removing as5600.o(i.Sim_I2C1_START), (116 bytes).
    Removing as5600.o(i.Sim_I2C1_STOP), (100 bytes).
    Removing as5600.o(i.Sim_I2C1_SendACK), (108 bytes).
    Removing as5600.o(i.Sim_I2C1_SendByte), (164 bytes).
    Removing as5600.o(i.Sim_I2C1_SendNACK), (108 bytes).
    Removing as5600.o(i.Sim_I2C1_Wait_Ack), (136 bytes).
    Removing as5600.o(i.Sim_I2C1_Write8), (76 bytes).
    Removing as5600.o(i.Sim_I2C_Read8), (98 bytes).
    Removing as5600.o(i.burnAngle), (92 bytes).
    Removing as5600.o(i.burnMaxAngleAndConfig), (108 bytes).
    Removing as5600.o(i.convertRawAngleToDegrees), (60 bytes).
    Removing as5600.o(i.detectMagnet), (24 bytes).
    Removing as5600.o(i.getAddress), (4 bytes).
    Removing as5600.o(i.getAgc), (10 bytes).
    Removing as5600.o(i.getBurnCount), (10 bytes).
    Removing as5600.o(i.getEndPosition), (16 bytes).
    Removing as5600.o(i.getMagnetStrength), (44 bytes).
    Removing as5600.o(i.getMagnitude), (14 bytes).
    Removing as5600.o(i.getMaxAngle), (14 bytes).
    Removing as5600.o(i.getRawAngle), (14 bytes).
    Removing as5600.o(i.getScaledAngle), (14 bytes).
    Removing as5600.o(i.getStartPosition), (14 bytes).
    Removing as5600.o(i.highByte), (8 bytes).
    Removing as5600.o(i.iic_init), (84 bytes).
    Removing as5600.o(i.lowByte), (8 bytes).
    Removing as5600.o(i.readOneByte), (34 bytes).
    Removing as5600.o(i.readTwoBytes), (46 bytes).
    Removing as5600.o(i.setEndPosition), (100 bytes).
    Removing as5600.o(i.setMaxAngle), (88 bytes).
    Removing as5600.o(i.setStartPosition), (100 bytes).
    Removing as5600.o(i.writeOneByte), (22 bytes).
    Removing as5600.o(.data), (20 bytes).
    Removing atim.o(.rev16_text), (4 bytes).
    Removing atim.o(.revsh_text), (4 bytes).
    Removing atim.o(.rrx_text), (6 bytes).
    Removing gtim.o(.rev16_text), (4 bytes).
    Removing gtim.o(.revsh_text), (4 bytes).
    Removing gtim.o(.rrx_text), (6 bytes).
    Removing adc.o(.rev16_text), (4 bytes).
    Removing adc.o(.revsh_text), (4 bytes).
    Removing adc.o(.rrx_text), (6 bytes).
    Removing adc.o(.data), (1 bytes).
    Removing led.o(.rev16_text), (4 bytes).
    Removing led.o(.revsh_text), (4 bytes).
    Removing led.o(.rrx_text), (6 bytes).
    Removing spi.o(.rev16_text), (4 bytes).
    Removing spi.o(.revsh_text), (4 bytes).
    Removing spi.o(.rrx_text), (6 bytes).
    Removing spi.o(i.SPI2_ReceiveByte), (52 bytes).
    Removing spi.o(i.SPI2_SendByte), (56 bytes).
    Removing spi.o(i.SPI2_TransferByte), (52 bytes).
    Removing spi.o(i.SPI2_test), (52 bytes).
    Removing i2c.o(.rev16_text), (4 bytes).
    Removing i2c.o(.revsh_text), (4 bytes).
    Removing i2c.o(.rrx_text), (6 bytes).
    Removing i2c.o(i.AS5600_ReadAngle_Degrees), (56 bytes).
    Removing i2c.o(i.AS5600_ReadAngle_Radians), (100 bytes).
    Removing i2c.o(i.AS5600_ReadRawAngle), (70 bytes).
    Removing i2c.o(i.I2C1_Init), (172 bytes).
    Removing i2c.o(i.I2C1_Start), (108 bytes).
    Removing i2c.o(i.I2C1_Stop), (28 bytes).
    Removing i2c.o(i.I2C1_WaitFlag), (52 bytes).
    Removing i2c.o(i.I2C1_Write), (52 bytes).
    Removing i2c.o(i.I2C2_Read_ACK), (48 bytes).
    Removing i2c.o(i.I2C2_Read_NACK), (60 bytes).
    Removing i2c.o(i.I2C2_Start), (104 bytes).
    Removing i2c.o(i.I2C2_Stop), (28 bytes).
    Removing i2c.o(i.I2C2_WaitFlag), (52 bytes).
    Removing i2c.o(i.I2C2_Write), (48 bytes).
    Removing i2c.o(i.OLED_Clear), (56 bytes).
    Removing i2c.o(i.OLED_Init), (178 bytes).
    Removing i2c.o(i.OLED_ShowByte), (44 bytes).
    Removing i2c.o(i.OLED_WriteCommand), (30 bytes).
    Removing i2c.o(i.OLED_WriteData), (30 bytes).
    Removing axis_transform.o(.rev16_text), (4 bytes).
    Removing axis_transform.o(.revsh_text), (4 bytes).
    Removing axis_transform.o(.rrx_text), (6 bytes).
    Removing axis_transform.o(i.CLARKE_Cale), (24 bytes).
    Removing axis_transform.o(i.IPARK_Cale), (42 bytes).
    Removing axis_transform.o(i.PARK_Cale), (42 bytes).
    Removing iq_math.o(.rev16_text), (4 bytes).
    Removing iq_math.o(.revsh_text), (4 bytes).
    Removing iq_math.o(.rrx_text), (6 bytes).
    Removing iq_math.o(i.IQSin_Cos_Cale), (148 bytes).
    Removing iq_math.o(i.IQSqrt), (64 bytes).
    Removing iq_math.o(i.IQsat), (22 bytes).
    Removing iq_math.o(.constdata), (512 bytes).
    Removing pi_cale.o(.rev16_text), (4 bytes).
    Removing pi_cale.o(.revsh_text), (4 bytes).
    Removing pi_cale.o(.rrx_text), (6 bytes).
    Removing pi_cale.o(i.PI_Controller), (70 bytes).
    Removing pi_cale.o(i.PI_Pare_init), (84 bytes).
    Removing pi_cale.o(.bss), (144 bytes).
    Removing svpwm_dq.o(.rev16_text), (4 bytes).
    Removing svpwm_dq.o(.revsh_text), (4 bytes).
    Removing svpwm_dq.o(.rrx_text), (6 bytes).
    Removing svpwm_dq.o(i.SVPWM_Cale), (170 bytes).
    Removing motor.o(.rev16_text), (4 bytes).
    Removing motor.o(.revsh_text), (4 bytes).
    Removing motor.o(.rrx_text), (6 bytes).
    Removing motor.o(i.ADC_Sample), (144 bytes).
    Removing motor.o(i.Offset_CurrentReading), (120 bytes).
    Removing motor.o(i.motor_bldc_algorithm_main), (2 bytes).
    Removing motor.o(i.motor_init), (8 bytes).
    Removing gui.o(.rev16_text), (4 bytes).
    Removing gui.o(.revsh_text), (4 bytes).
    Removing gui.o(.rrx_text), (6 bytes).
    Removing gui.o(i.DisplayButtonDown), (130 bytes).
    Removing gui.o(i.DisplayButtonUp), (130 bytes).
    Removing gui.o(i.Gui_Circle), (300 bytes).
    Removing gui.o(i.Gui_DrawFont_GBK16), (404 bytes).
    Removing gui.o(i.Gui_DrawFont_GBK24), (496 bytes).
    Removing gui.o(i.Gui_DrawFont_Num32), (128 bytes).
    Removing gui.o(i.Gui_DrawLine), (186 bytes).
    Removing gui.o(i.Gui_box), (188 bytes).
    Removing gui.o(i.Gui_box2), (386 bytes).
    Removing gui.o(i.LCD_BGR2RGB), (26 bytes).
    Removing gui.o(.constdata), (6616 bytes).
    Removing lcd_drive.o(.rev16_text), (4 bytes).
    Removing lcd_drive.o(.revsh_text), (4 bytes).
    Removing lcd_drive.o(.rrx_text), (6 bytes).
    Removing lcd_drive.o(i.Gui_DrawPoint), (32 bytes).
    Removing lcd_drive.o(i.LCD_GPIO_Init), (48 bytes).
    Removing lcd_drive.o(i.LCD_WriteData_16Bit), (52 bytes).
    Removing lcd_drive.o(i.Lcd_Clear), (50 bytes).
    Removing lcd_drive.o(i.Lcd_Init), (546 bytes).
    Removing lcd_drive.o(i.Lcd_ReadPoint), (24 bytes).
    Removing lcd_drive.o(i.Lcd_Reset), (40 bytes).
    Removing lcd_drive.o(i.Lcd_SetRegion), (86 bytes).
    Removing lcd_drive.o(i.Lcd_SetXY), (20 bytes).
    Removing lcd_drive.o(i.Lcd_WriteData), (48 bytes).
    Removing lcd_drive.o(i.Lcd_WriteIndex), (48 bytes).
    Removing lcd_drive.o(i.Lcd_WriteReg), (20 bytes).
    Removing lcd_drive.o(i.SPI_WriteData), (76 bytes).
    Removing qdtft_demo.o(.rev16_text), (4 bytes).
    Removing qdtft_demo.o(.revsh_text), (4 bytes).
    Removing qdtft_demo.o(.rrx_text), (6 bytes).
    Removing qdtft_demo.o(i.Color_Test), (100 bytes).
    Removing qdtft_demo.o(i.Font_Test), (240 bytes).
    Removing qdtft_demo.o(i.Num_Test), (144 bytes).
    Removing qdtft_demo.o(i.QDTFT_Test_Demo), (64 bytes).
    Removing qdtft_demo.o(i.Redraw_Mainmenu), (232 bytes).
    Removing qdtft_demo.o(i.showimage), (134 bytes).
    Removing qdtft_demo.o(.constdata), (3200 bytes).
    Removing qdtft_demo.o(.data), (10 bytes).

181 unused section(s) (total 20835 bytes) removed from the image.

==============================================================================

Image Symbol Table

    Local Symbols

    Symbol Name                              Value     Ov Type        Size  Object(Section)

    ../clib/angel/boardlib.s                 0x00000000   Number         0  boardinit3.o ABSOLUTE
    ../clib/angel/boardlib.s                 0x00000000   Number         0  boardinit2.o ABSOLUTE
    ../clib/angel/boardlib.s                 0x00000000   Number         0  boardinit1.o ABSOLUTE
    ../clib/angel/boardlib.s                 0x00000000   Number         0  boardshut.o ABSOLUTE
    ../clib/angel/handlers.s                 0x00000000   Number         0  __scatter_zi.o ABSOLUTE
    ../clib/angel/handlers.s                 0x00000000   Number         0  __scatter_copy.o ABSOLUTE
    ../clib/angel/kernel.s                   0x00000000   Number         0  __rtentry2.o ABSOLUTE
    ../clib/angel/kernel.s                   0x00000000   Number         0  rtexit2.o ABSOLUTE
    ../clib/angel/kernel.s                   0x00000000   Number         0  __rtentry.o ABSOLUTE
    ../clib/angel/kernel.s                   0x00000000   Number         0  rtexit.o ABSOLUTE
    ../clib/angel/kernel.s                   0x00000000   Number         0  __rtentry4.o ABSOLUTE
    ../clib/angel/rt.s                       0x00000000   Number         0  rt_raise.o ABSOLUTE
    ../clib/angel/rt.s                       0x00000000   Number         0  rt_errno_addr_intlibspace.o ABSOLUTE
    ../clib/angel/rt.s                       0x00000000   Number         0  rt_errno_addr.o ABSOLUTE
    ../clib/angel/scatter.s                  0x00000000   Number         0  __scatter.o ABSOLUTE
    ../clib/angel/startup.s                  0x00000000   Number         0  __main.o ABSOLUTE
    ../clib/angel/sys.s                      0x00000000   Number         0  use_no_semi_2.o ABSOLUTE
    ../clib/angel/sys.s                      0x00000000   Number         0  use_no_semi.o ABSOLUTE
    ../clib/angel/sys.s                      0x00000000   Number         0  sys_stackheap_outer.o ABSOLUTE
    ../clib/angel/sys.s                      0x00000000   Number         0  libspace.o ABSOLUTE
    ../clib/armsys.c                         0x00000000   Number         0  argv_veneer.o ABSOLUTE
    ../clib/armsys.c                         0x00000000   Number         0  _get_argv_nomalloc.o ABSOLUTE
    ../clib/armsys.c                         0x00000000   Number         0  argv_veneer.o ABSOLUTE
    ../clib/armsys.c                         0x00000000   Number         0  no_argv.o ABSOLUTE
    ../clib/fenv.c                           0x00000000   Number         0  _rserrno.o ABSOLUTE
    ../clib/heapalloc.c                      0x00000000   Number         0  hrguard.o ABSOLUTE
    ../clib/heapaux.c                        0x00000000   Number         0  heapauxi.o ABSOLUTE
    ../clib/libinit.s                        0x00000000   Number         0  libshutdown2.o ABSOLUTE
    ../clib/libinit.s                        0x00000000   Number         0  libinit.o ABSOLUTE
    ../clib/libinit.s                        0x00000000   Number         0  libshutdown.o ABSOLUTE
    ../clib/libinit.s                        0x00000000   Number         0  libinit2.o ABSOLUTE
    ../clib/printf.c                         0x00000000   Number         0  __printf_flags_ss_wp.o ABSOLUTE
    ../clib/printf.c                         0x00000000   Number         0  __printf_wp.o ABSOLUTE
    ../clib/printf.c                         0x00000000   Number         0  __2printf.o ABSOLUTE
    ../clib/printf.c                         0x00000000   Number         0  __printf.o ABSOLUTE
    ../clib/printf.c                         0x00000000   Number         0  __printf_ss_wp.o ABSOLUTE
    ../clib/printf.c                         0x00000000   Number         0  __printf_nopercent.o ABSOLUTE
    ../clib/printf.c                         0x00000000   Number         0  _printf_intcommon.o ABSOLUTE
    ../clib/printf.c                         0x00000000   Number         0  __printf_flags.o ABSOLUTE
    ../clib/printf.c                         0x00000000   Number         0  _printf_dec.o ABSOLUTE
    ../clib/printf.c                         0x00000000   Number         0  _printf_char_file.o ABSOLUTE
    ../clib/printf.c                         0x00000000   Number         0  __printf_ss.o ABSOLUTE
    ../clib/printf.c                         0x00000000   Number         0  _printf_char_common.o ABSOLUTE
    ../clib/printf.c                         0x00000000   Number         0  noretval__2printf.o ABSOLUTE
    ../clib/printf.c                         0x00000000   Number         0  __printf_flags_wp.o ABSOLUTE
    ../clib/printf.c                         0x00000000   Number         0  __printf_flags_ss.o ABSOLUTE
    ../clib/printf_percent.s                 0x00000000   Number         0  _printf_d.o ABSOLUTE
    ../clib/printf_percent.s                 0x00000000   Number         0  _printf_percent.o ABSOLUTE
    ../clib/printf_percent.s                 0x00000000   Number         0  _printf_percent_end.o ABSOLUTE
    ../clib/signal.c                         0x00000000   Number         0  defsig_rtred_inner.o ABSOLUTE
    ../clib/signal.c                         0x00000000   Number         0  defsig_abrt_inner.o ABSOLUTE
    ../clib/signal.c                         0x00000000   Number         0  defsig_general.o ABSOLUTE
    ../clib/signal.c                         0x00000000   Number         0  __raise.o ABSOLUTE
    ../clib/signal.c                         0x00000000   Number         0  defsig_cppl_inner.o ABSOLUTE
    ../clib/signal.c                         0x00000000   Number         0  defsig_rtmem_formal.o ABSOLUTE
    ../clib/signal.c                         0x00000000   Number         0  defsig_rtmem_outer.o ABSOLUTE
    ../clib/signal.c                         0x00000000   Number         0  defsig_other.o ABSOLUTE
    ../clib/signal.c                         0x00000000   Number         0  defsig_segv_inner.o ABSOLUTE
    ../clib/signal.c                         0x00000000   Number         0  defsig_exit.o ABSOLUTE
    ../clib/signal.c                         0x00000000   Number         0  defsig_pvfn_inner.o ABSOLUTE
    ../clib/signal.c                         0x00000000   Number         0  defsig_stak_inner.o ABSOLUTE
    ../clib/signal.c                         0x00000000   Number         0  defsig_fpe_inner.o ABSOLUTE
    ../clib/signal.c                         0x00000000   Number         0  defsig_rtmem_inner.o ABSOLUTE
    ../clib/signal.s                         0x00000000   Number         0  defsig.o ABSOLUTE
    ../clib/stdio.c                          0x00000000   Number         0  ferror.o ABSOLUTE
    ../clib/stdio.c                          0x00000000   Number         0  ferror_locked.o ABSOLUTE
    ../clib/stdlib.c                         0x00000000   Number         0  exit.o ABSOLUTE
    ../fplib/basic.s                         0x00000000   Number         0  basic.o ABSOLUTE
    ../fplib/d2f.s                           0x00000000   Number         0  d2f.o ABSOLUTE
    ../fplib/daddsub.s                       0x00000000   Number         0  daddsub_clz.o ABSOLUTE
    ../fplib/dcmpi.s                         0x00000000   Number         0  dcmpi.o ABSOLUTE
    ../fplib/ddiv.s                          0x00000000   Number         0  ddiv.o ABSOLUTE
    ../fplib/dfix.s                          0x00000000   Number         0  dfix.o ABSOLUTE
    ../fplib/dflt.s                          0x00000000   Number         0  dflt_clz.o ABSOLUTE
    ../fplib/dleqf.s                         0x00000000   Number         0  dleqf.o ABSOLUTE
    ../fplib/dmul.s                          0x00000000   Number         0  dmul.o ABSOLUTE
    ../fplib/dnaninf.s                       0x00000000   Number         0  dnaninf.o ABSOLUTE
    ../fplib/drem.s                          0x00000000   Number         0  drem_clz.o ABSOLUTE
    ../fplib/dretinf.s                       0x00000000   Number         0  dretinf.o ABSOLUTE
    ../fplib/drleqf.s                        0x00000000   Number         0  drleqf.o ABSOLUTE
    ../fplib/dsqrt.s                         0x00000000   Number         0  dsqrt_umaal.o ABSOLUTE
    ../fplib/f2d.s                           0x00000000   Number         0  f2d.o ABSOLUTE
    ../fplib/fnaninf.s                       0x00000000   Number         0  fnaninf.o ABSOLUTE
    ../fplib/fpinit.s                        0x00000000   Number         0  fpinit.o ABSOLUTE
    ../fplib/fretinf.s                       0x00000000   Number         0  fretinf.o ABSOLUTE
    ../fplib/usenofp.s                       0x00000000   Number         0  usenofp.o ABSOLUTE
    ../mathlib/cos.c                         0x00000000   Number         0  cos.o ABSOLUTE
    ../mathlib/cos.c                         0x00000000   Number         0  cos_x.o ABSOLUTE
    ../mathlib/cos_i.c                       0x00000000   Number         0  cos_i.o ABSOLUTE
    ../mathlib/dunder.c                      0x00000000   Number         0  dunder.o ABSOLUTE
    ../mathlib/fabs.c                        0x00000000   Number         0  fabs.o ABSOLUTE
    ../mathlib/fmod.c                        0x00000000   Number         0  fmod_x.o ABSOLUTE
    ../mathlib/fmod.c                        0x00000000   Number         0  fmod.o ABSOLUTE
    ../mathlib/fpclassify.c                  0x00000000   Number         0  fpclassify.o ABSOLUTE
    ../mathlib/poly.c                        0x00000000   Number         0  poly.o ABSOLUTE
    ../mathlib/rred.c                        0x00000000   Number         0  rred.o ABSOLUTE
    ../mathlib/sin.c                         0x00000000   Number         0  sin_x.o ABSOLUTE
    ../mathlib/sin.c                         0x00000000   Number         0  sin.o ABSOLUTE
    ../mathlib/sin_i.c                       0x00000000   Number         0  sin_i.o ABSOLUTE
    ../mathlib/sin_i.c                       0x00000000   Number         0  sin_i_x.o ABSOLUTE
    ../mathlib/sqrt.c                        0x00000000   Number         0  sqrt_x.o ABSOLUTE
    ../mathlib/sqrt.c                        0x00000000   Number         0  sqrt.o ABSOLUTE
    ..\..\Drivers\CMSIS\Device\ST\STM32F4xx\Source\Templates\arm\startup_stm32f407xx.s 0x00000000   Number         0  startup_stm32f407xx.o ABSOLUTE
    ..\..\Drivers\SYSTEM\AS5600\as5600.c     0x00000000   Number         0  as5600.o ABSOLUTE
    ..\..\Drivers\SYSTEM\TIMER\atim.c        0x00000000   Number         0  atim.o ABSOLUTE
    ..\..\Drivers\SYSTEM\TIMER\gtim.c        0x00000000   Number         0  gtim.o ABSOLUTE
    ..\..\Drivers\SYSTEM\adc\adc.c           0x00000000   Number         0  adc.o ABSOLUTE
    ..\..\Drivers\SYSTEM\delay\delay.c       0x00000000   Number         0  delay.o ABSOLUTE
    ..\..\Drivers\SYSTEM\i2c\i2c.c           0x00000000   Number         0  i2c.o ABSOLUTE
    ..\..\Drivers\SYSTEM\lcd\GUI.c           0x00000000   Number         0  gui.o ABSOLUTE
    ..\..\Drivers\SYSTEM\lcd\QDTFT_demo.c    0x00000000   Number         0  qdtft_demo.o ABSOLUTE
    ..\..\Drivers\SYSTEM\lcd\lcd_drive.c     0x00000000   Number         0  lcd_drive.o ABSOLUTE
    ..\..\Drivers\SYSTEM\led\led.c           0x00000000   Number         0  led.o ABSOLUTE
    ..\..\Drivers\SYSTEM\motor\Axis_transform.c 0x00000000   Number         0  axis_transform.o ABSOLUTE
    ..\..\Drivers\SYSTEM\motor\IQ_math.c     0x00000000   Number         0  iq_math.o ABSOLUTE
    ..\..\Drivers\SYSTEM\motor\PI_Cale.c     0x00000000   Number         0  pi_cale.o ABSOLUTE
    ..\..\Drivers\SYSTEM\motor\Svpwm_dq.c    0x00000000   Number         0  svpwm_dq.o ABSOLUTE
    ..\..\Drivers\SYSTEM\motor\motor.c       0x00000000   Number         0  motor.o ABSOLUTE
    ..\..\Drivers\SYSTEM\spi\spi.c           0x00000000   Number         0  spi.o ABSOLUTE
    ..\..\Drivers\SYSTEM\sys\sys.c           0x00000000   Number         0  sys.o ABSOLUTE
    ..\..\Drivers\SYSTEM\usart\usart.c       0x00000000   Number         0  usart.o ABSOLUTE
    ..\..\User\main.c                        0x00000000   Number         0  main.o ABSOLUTE
    ..\\..\\Drivers\\SYSTEM\\AS5600\\as5600.c 0x00000000   Number         0  as5600.o ABSOLUTE
    ..\\..\\Drivers\\SYSTEM\\TIMER\\atim.c   0x00000000   Number         0  atim.o ABSOLUTE
    ..\\..\\Drivers\\SYSTEM\\TIMER\\gtim.c   0x00000000   Number         0  gtim.o ABSOLUTE
    ..\\..\\Drivers\\SYSTEM\\adc\\adc.c      0x00000000   Number         0  adc.o ABSOLUTE
    ..\\..\\Drivers\\SYSTEM\\delay\\delay.c  0x00000000   Number         0  delay.o ABSOLUTE
    ..\\..\\Drivers\\SYSTEM\\i2c\\i2c.c      0x00000000   Number         0  i2c.o ABSOLUTE
    ..\\..\\Drivers\\SYSTEM\\lcd\\GUI.c      0x00000000   Number         0  gui.o ABSOLUTE
    ..\\..\\Drivers\\SYSTEM\\lcd\\QDTFT_demo.c 0x00000000   Number         0  qdtft_demo.o ABSOLUTE
    ..\\..\\Drivers\\SYSTEM\\lcd\\lcd_drive.c 0x00000000   Number         0  lcd_drive.o ABSOLUTE
    ..\\..\\Drivers\\SYSTEM\\led\\led.c      0x00000000   Number         0  led.o ABSOLUTE
    ..\\..\\Drivers\\SYSTEM\\motor\\Axis_transform.c 0x00000000   Number         0  axis_transform.o ABSOLUTE
    ..\\..\\Drivers\\SYSTEM\\motor\\IQ_math.c 0x00000000   Number         0  iq_math.o ABSOLUTE
    ..\\..\\Drivers\\SYSTEM\\motor\\PI_Cale.c 0x00000000   Number         0  pi_cale.o ABSOLUTE
    ..\\..\\Drivers\\SYSTEM\\motor\\Svpwm_dq.c 0x00000000   Number         0  svpwm_dq.o ABSOLUTE
    ..\\..\\Drivers\\SYSTEM\\motor\\motor.c  0x00000000   Number         0  motor.o ABSOLUTE
    ..\\..\\Drivers\\SYSTEM\\spi\\spi.c      0x00000000   Number         0  spi.o ABSOLUTE
    ..\\..\\Drivers\\SYSTEM\\sys\\sys.c      0x00000000   Number         0  sys.o ABSOLUTE
    ..\\..\\Drivers\\SYSTEM\\usart\\usart.c  0x00000000   Number         0  usart.o ABSOLUTE
    ..\\..\\User\\main.c                     0x00000000   Number         0  main.o ABSOLUTE
    dc.s                                     0x00000000   Number         0  dc.o ABSOLUTE
    RESET                                    0x08000000   Section      392  startup_stm32f407xx.o(RESET)
    !!!main                                  0x08000188   Section        8  __main.o(!!!main)
    !!!scatter                               0x08000190   Section       52  __scatter.o(!!!scatter)
    !!handler_copy                           0x080001c4   Section       26  __scatter_copy.o(!!handler_copy)
    !!handler_zi                             0x080001e0   Section       28  __scatter_zi.o(!!handler_zi)
    .ARM.Collect$$libinit$$00000000          0x080001fc   Section        2  libinit.o(.ARM.Collect$$libinit$$00000000)
    .ARM.Collect$$libinit$$00000001          0x080001fe   Section        4  libinit2.o(.ARM.Collect$$libinit$$00000001)
    .ARM.Collect$$libinit$$00000004          0x08000202   Section        0  libinit2.o(.ARM.Collect$$libinit$$00000004)
    .ARM.Collect$$libinit$$0000000A          0x08000202   Section        0  libinit2.o(.ARM.Collect$$libinit$$0000000A)
    .ARM.Collect$$libinit$$0000000C          0x08000202   Section        0  libinit2.o(.ARM.Collect$$libinit$$0000000C)
    .ARM.Collect$$libinit$$0000000E          0x08000202   Section        0  libinit2.o(.ARM.Collect$$libinit$$0000000E)
    .ARM.Collect$$libinit$$00000011          0x08000202   Section        0  libinit2.o(.ARM.Collect$$libinit$$00000011)
    .ARM.Collect$$libinit$$00000013          0x08000202   Section        0  libinit2.o(.ARM.Collect$$libinit$$00000013)
    .ARM.Collect$$libinit$$00000015          0x08000202   Section        0  libinit2.o(.ARM.Collect$$libinit$$00000015)
    .ARM.Collect$$libinit$$00000017          0x08000202   Section        0  libinit2.o(.ARM.Collect$$libinit$$00000017)
    .ARM.Collect$$libinit$$00000019          0x08000202   Section        0  libinit2.o(.ARM.Collect$$libinit$$00000019)
    .ARM.Collect$$libinit$$0000001B          0x08000202   Section        0  libinit2.o(.ARM.Collect$$libinit$$0000001B)
    .ARM.Collect$$libinit$$0000001D          0x08000202   Section        0  libinit2.o(.ARM.Collect$$libinit$$0000001D)
    .ARM.Collect$$libinit$$0000001F          0x08000202   Section        0  libinit2.o(.ARM.Collect$$libinit$$0000001F)
    .ARM.Collect$$libinit$$00000021          0x08000202   Section        0  libinit2.o(.ARM.Collect$$libinit$$00000021)
    .ARM.Collect$$libinit$$00000023          0x08000202   Section        0  libinit2.o(.ARM.Collect$$libinit$$00000023)
    .ARM.Collect$$libinit$$00000025          0x08000202   Section        0  libinit2.o(.ARM.Collect$$libinit$$00000025)
    .ARM.Collect$$libinit$$0000002C          0x08000202   Section        0  libinit2.o(.ARM.Collect$$libinit$$0000002C)
    .ARM.Collect$$libinit$$0000002E          0x08000202   Section        0  libinit2.o(.ARM.Collect$$libinit$$0000002E)
    .ARM.Collect$$libinit$$00000030          0x08000202   Section        0  libinit2.o(.ARM.Collect$$libinit$$00000030)
    .ARM.Collect$$libinit$$00000032          0x08000202   Section        0  libinit2.o(.ARM.Collect$$libinit$$00000032)
    .ARM.Collect$$libinit$$00000033          0x08000202   Section        2  libinit2.o(.ARM.Collect$$libinit$$00000033)
    .ARM.Collect$$libshutdown$$00000000      0x08000204   Section        2  libshutdown.o(.ARM.Collect$$libshutdown$$00000000)
    .ARM.Collect$$libshutdown$$00000002      0x08000206   Section        0  libshutdown2.o(.ARM.Collect$$libshutdown$$00000002)
    .ARM.Collect$$libshutdown$$00000004      0x08000206   Section        0  libshutdown2.o(.ARM.Collect$$libshutdown$$00000004)
    .ARM.Collect$$libshutdown$$00000006      0x08000206   Section        0  libshutdown2.o(.ARM.Collect$$libshutdown$$00000006)
    .ARM.Collect$$libshutdown$$00000009      0x08000206   Section        0  libshutdown2.o(.ARM.Collect$$libshutdown$$00000009)
    .ARM.Collect$$libshutdown$$0000000C      0x08000206   Section        0  libshutdown2.o(.ARM.Collect$$libshutdown$$0000000C)
    .ARM.Collect$$libshutdown$$0000000E      0x08000206   Section        0  libshutdown2.o(.ARM.Collect$$libshutdown$$0000000E)
    .ARM.Collect$$libshutdown$$00000011      0x08000206   Section        0  libshutdown2.o(.ARM.Collect$$libshutdown$$00000011)
    .ARM.Collect$$libshutdown$$00000012      0x08000206   Section        2  libshutdown2.o(.ARM.Collect$$libshutdown$$00000012)
    .ARM.Collect$$rtentry$$00000000          0x08000208   Section        0  __rtentry.o(.ARM.Collect$$rtentry$$00000000)
    .ARM.Collect$$rtentry$$00000002          0x08000208   Section        0  __rtentry2.o(.ARM.Collect$$rtentry$$00000002)
    .ARM.Collect$$rtentry$$00000004          0x08000208   Section        6  __rtentry4.o(.ARM.Collect$$rtentry$$00000004)
    .ARM.Collect$$rtentry$$00000009          0x0800020e   Section        0  __rtentry2.o(.ARM.Collect$$rtentry$$00000009)
    .ARM.Collect$$rtentry$$0000000A          0x0800020e   Section        4  __rtentry2.o(.ARM.Collect$$rtentry$$0000000A)
    .ARM.Collect$$rtentry$$0000000C          0x08000212   Section        0  __rtentry2.o(.ARM.Collect$$rtentry$$0000000C)
    .ARM.Collect$$rtentry$$0000000D          0x08000212   Section        8  __rtentry2.o(.ARM.Collect$$rtentry$$0000000D)
    .ARM.Collect$$rtexit$$00000000           0x0800021a   Section        2  rtexit.o(.ARM.Collect$$rtexit$$00000000)
    .ARM.Collect$$rtexit$$00000002           0x0800021c   Section        0  rtexit2.o(.ARM.Collect$$rtexit$$00000002)
    .ARM.Collect$$rtexit$$00000003           0x0800021c   Section        4  rtexit2.o(.ARM.Collect$$rtexit$$00000003)
    .ARM.Collect$$rtexit$$00000004           0x08000220   Section        6  rtexit2.o(.ARM.Collect$$rtexit$$00000004)
    .text                                    0x08000228   Section       68  startup_stm32f407xx.o(.text)
    $v0                                      0x08000228   Number         0  startup_stm32f407xx.o(.text)
    .text                                    0x0800026c   Section        2  use_no_semi_2.o(.text)
    .text                                    0x0800026e   Section        0  heapauxi.o(.text)
    .text                                    0x08000274   Section        2  use_no_semi.o(.text)
    .text                                    0x08000276   Section        0  _rserrno.o(.text)
    .text                                    0x0800028c   Section        8  rt_errno_addr_intlibspace.o(.text)
    .text                                    0x08000294   Section        8  libspace.o(.text)
    .text                                    0x0800029c   Section       74  sys_stackheap_outer.o(.text)
    .text                                    0x080002e6   Section        0  exit.o(.text)
    i.AS5600_Init                            0x080002f8   Section        0  i2c.o(i.AS5600_Init)
    i.CLEAR_flag                             0x08000390   Section        0  gtim.o(i.CLEAR_flag)
    i.DMA2_Stream0_IRQHandler                0x080003a8   Section        0  adc.o(i.DMA2_Stream0_IRQHandler)
    i.RunSystimer                            0x080003dc   Section        0  gtim.o(i.RunSystimer)
    i.SPI2_GPIO_MasterInit                   0x080004ac   Section        0  spi.o(i.SPI2_GPIO_MasterInit)
    i.SPI2_MasterInit                        0x080005c0   Section        0  spi.o(i.SPI2_MasterInit)
    i.TIM3_IRQHandler                        0x08000610   Section        0  gtim.o(i.TIM3_IRQHandler)
    i.TIM8_UP_TIM13_IRQHandler               0x08000644   Section        0  atim.o(i.TIM8_UP_TIM13_IRQHandler)
    i.USART1_IRQHandler                      0x08000674   Section        0  usart.o(i.USART1_IRQHandler)
    i.__ARM_fpclassify                       0x080006f4   Section        0  fpclassify.o(i.__ARM_fpclassify)
    i.__hardfp_cos                           0x08000728   Section        0  cos.o(i.__hardfp_cos)
    i.__hardfp_fmod                          0x080007f0   Section        0  fmod.o(i.__hardfp_fmod)
    i.__hardfp_sin                           0x080008f8   Section        0  sin.o(i.__hardfp_sin)
    i.__hardfp_sqrt                          0x080009c0   Section        0  sqrt.o(i.__hardfp_sqrt)
    i.__ieee754_rem_pio2                     0x08000a40   Section        0  rred.o(i.__ieee754_rem_pio2)
    i.__kernel_cos                           0x08000e78   Section        0  cos_i.o(i.__kernel_cos)
    i.__kernel_poly                          0x08000fe8   Section        0  poly.o(i.__kernel_poly)
    i.__kernel_sin                           0x080010e0   Section        0  sin_i.o(i.__kernel_sin)
    i.__mathlib_dbl_infnan                   0x08001210   Section        0  dunder.o(i.__mathlib_dbl_infnan)
    i.__mathlib_dbl_invalid                  0x08001228   Section        0  dunder.o(i.__mathlib_dbl_invalid)
    i.__mathlib_dbl_underflow                0x08001248   Section        0  dunder.o(i.__mathlib_dbl_underflow)
    i._electricalAngle                       0x08001268   Section        0  motor.o(i._electricalAngle)
    i._normalizeAngle                        0x0800127c   Section        0  motor.o(i._normalizeAngle)
    i._sys_exit                              0x080012fc   Section        0  usart.o(i._sys_exit)
    i.adc_init                               0x08001300   Section        0  adc.o(i.adc_init)
    i.atim_timx_cplm_pwm_init                0x080013b4   Section        0  atim.o(i.atim_timx_cplm_pwm_init)
    i.atim_timx_cplm_pwm_set                 0x080016bc   Section        0  atim.o(i.atim_timx_cplm_pwm_set)
    i.delay_init                             0x0800170c   Section        0  delay.o(i.delay_init)
    i.dma_init                               0x08001738   Section        0  adc.o(i.dma_init)
    i.fabs                                   0x0800181c   Section        0  fabs.o(i.fabs)
    i.gtim_timx_int_init                     0x08001834   Section        0  gtim.o(i.gtim_timx_int_init)
    i.led_init                               0x08001888   Section        0  led.o(i.led_init)
    i.main                                   0x080018ec   Section        0  main.o(i.main)
    i.motor_foc_algorithm_main               0x08001944   Section        0  motor.o(i.motor_foc_algorithm_main)
    i.setPhaseVoltage                        0x08001a70   Section        0  motor.o(i.setPhaseVoltage)
    i.setPwm                                 0x08001c98   Section        0  motor.o(i.setPwm)
    i.sys_clock_set                          0x08001e00   Section        0  sys.o(i.sys_clock_set)
    i.sys_gpio_af_set                        0x08001f8c   Section        0  sys.o(i.sys_gpio_af_set)
    i.sys_gpio_pin_set                       0x08001ff4   Section        0  sys.o(i.sys_gpio_pin_set)
    i.sys_gpio_set                           0x0800200c   Section        0  sys.o(i.sys_gpio_set)
    i.sys_nvic_init                          0x080020ec   Section        0  sys.o(i.sys_nvic_init)
    i.sys_nvic_priority_group_config         0x08002164   Section        0  sys.o(i.sys_nvic_priority_group_config)
    sys_nvic_priority_group_config           0x08002165   Thumb Code    32  sys.o(i.sys_nvic_priority_group_config)
    i.sys_nvic_set_vector_table              0x0800218c   Section        0  sys.o(i.sys_nvic_set_vector_table)
    i.sys_stm32_clock_init                   0x0800219c   Section        0  sys.o(i.sys_stm32_clock_init)
    i.usart_init                             0x080021dc   Section        0  usart.o(i.usart_init)
    x$fpl$basic                              0x080022bc   Section       24  basic.o(x$fpl$basic)
    $v0                                      0x080022bc   Number         0  basic.o(x$fpl$basic)
    x$fpl$d2f                                0x080022d4   Section       98  d2f.o(x$fpl$d2f)
    $v0                                      0x080022d4   Number         0  d2f.o(x$fpl$d2f)
    x$fpl$dadd                               0x08002338   Section      336  daddsub_clz.o(x$fpl$dadd)
    $v0                                      0x08002338   Number         0  daddsub_clz.o(x$fpl$dadd)
    _dadd1                                   0x08002349   Thumb Code     0  daddsub_clz.o(x$fpl$dadd)
    x$fpl$dcmpinf                            0x08002488   Section       24  dcmpi.o(x$fpl$dcmpinf)
    $v0                                      0x08002488   Number         0  dcmpi.o(x$fpl$dcmpinf)
    x$fpl$ddiv                               0x080024a0   Section      688  ddiv.o(x$fpl$ddiv)
    $v0                                      0x080024a0   Number         0  ddiv.o(x$fpl$ddiv)
    ddiv_entry                               0x080024a7   Thumb Code     0  ddiv.o(x$fpl$ddiv)
    x$fpl$dfix                               0x08002750   Section       94  dfix.o(x$fpl$dfix)
    $v0                                      0x08002750   Number         0  dfix.o(x$fpl$dfix)
    x$fpl$dflt                               0x080027ae   Section       46  dflt_clz.o(x$fpl$dflt)
    $v0                                      0x080027ae   Number         0  dflt_clz.o(x$fpl$dflt)
    x$fpl$dfltu                              0x080027dc   Section       38  dflt_clz.o(x$fpl$dfltu)
    $v0                                      0x080027dc   Number         0  dflt_clz.o(x$fpl$dfltu)
    x$fpl$dleqf                              0x08002804   Section      120  dleqf.o(x$fpl$dleqf)
    $v0                                      0x08002804   Number         0  dleqf.o(x$fpl$dleqf)
    x$fpl$dmul                               0x0800287c   Section      340  dmul.o(x$fpl$dmul)
    $v0                                      0x0800287c   Number         0  dmul.o(x$fpl$dmul)
    x$fpl$dnaninf                            0x080029d0   Section      156  dnaninf.o(x$fpl$dnaninf)
    $v0                                      0x080029d0   Number         0  dnaninf.o(x$fpl$dnaninf)
    x$fpl$drem                               0x08002a6c   Section      336  drem_clz.o(x$fpl$drem)
    $v0                                      0x08002a6c   Number         0  drem_clz.o(x$fpl$drem)
    x$fpl$dretinf                            0x08002bbc   Section       12  dretinf.o(x$fpl$dretinf)
    $v0                                      0x08002bbc   Number         0  dretinf.o(x$fpl$dretinf)
    x$fpl$drleqf                             0x08002bc8   Section      108  drleqf.o(x$fpl$drleqf)
    $v0                                      0x08002bc8   Number         0  drleqf.o(x$fpl$drleqf)
    x$fpl$drsb                               0x08002c34   Section       22  daddsub_clz.o(x$fpl$drsb)
    $v0                                      0x08002c34   Number         0  daddsub_clz.o(x$fpl$drsb)
    x$fpl$dsqrt                              0x08002c4c   Section      408  dsqrt_umaal.o(x$fpl$dsqrt)
    $v0                                      0x08002c4c   Number         0  dsqrt_umaal.o(x$fpl$dsqrt)
    x$fpl$dsub                               0x08002de4   Section      468  daddsub_clz.o(x$fpl$dsub)
    $v0                                      0x08002de4   Number         0  daddsub_clz.o(x$fpl$dsub)
    _dsub1                                   0x08002df5   Thumb Code     0  daddsub_clz.o(x$fpl$dsub)
    x$fpl$f2d                                0x08002fb8   Section       86  f2d.o(x$fpl$f2d)
    $v0                                      0x08002fb8   Number         0  f2d.o(x$fpl$f2d)
    x$fpl$fnaninf                            0x0800300e   Section      140  fnaninf.o(x$fpl$fnaninf)
    $v0                                      0x0800300e   Number         0  fnaninf.o(x$fpl$fnaninf)
    x$fpl$fpinit                             0x0800309a   Section       10  fpinit.o(x$fpl$fpinit)
    $v0                                      0x0800309a   Number         0  fpinit.o(x$fpl$fpinit)
    x$fpl$fretinf                            0x080030a4   Section       10  fretinf.o(x$fpl$fretinf)
    $v0                                      0x080030a4   Number         0  fretinf.o(x$fpl$fretinf)
    x$fpl$usenofp                            0x080030ae   Section        0  usenofp.o(x$fpl$usenofp)
    .constdata                               0x080030b0   Section       48  cos_i.o(.constdata)
    C                                        0x080030b0   Data          48  cos_i.o(.constdata)
    .constdata                               0x080030e0   Section      200  rred.o(.constdata)
    pio2s                                    0x080030e0   Data          48  rred.o(.constdata)
    twooverpi                                0x08003110   Data         152  rred.o(.constdata)
    .constdata                               0x080031a8   Section       40  sin_i.o(.constdata)
    S                                        0x080031a8   Data          40  sin_i.o(.constdata)
    .data                                    0x20000000   Section        4  delay.o(.data)
    g_fac_us                                 0x20000000   Data           4  delay.o(.data)
    .data                                    0x20000004   Section        6  usart.o(.data)
    .data                                    0x2000000c   Section      144  motor.o(.data)
    .bss                                     0x2000009c   Section      200  usart.o(.bss)
    .bss                                     0x20000164   Section       15  gtim.o(.bss)
    .bss                                     0x20000174   Section      610  adc.o(.bss)
    .bss                                     0x200003d8   Section       96  libspace.o(.bss)
    HEAP                                     0x20000438   Section        0  startup_stm32f407xx.o(HEAP)
    STACK                                    0x20000438   Section     1024  startup_stm32f407xx.o(STACK)
    Heap_Mem                                 0x20000438   Data           0  startup_stm32f407xx.o(HEAP)
    Stack_Mem                                0x20000438   Data        1024  startup_stm32f407xx.o(STACK)
    __initial_sp                             0x20000838   Data           0  startup_stm32f407xx.o(STACK)

    Global Symbols

    Symbol Name                              Value     Ov Type        Size  Object(Section)

    BuildAttributes$$THM_ISAv4$E$P$D$K$B$S$7EM$VFPi3$EXTD16$VFPS$VFMA$PE$A:L22UL41UL21$X:L11$S22US41US21$IEEE1$IW$USESV6$~STKCKD$USESV7$~SHL$OTIME$ROPI$IEEEX$EBA8$UX$STANDARDLIB$REQ8$PRES8$EABIv2 0x00000000   Number         0  anon$$obj.o ABSOLUTE
    __ARM_use_no_argv                        0x00000000   Number         0  main.o ABSOLUTE
    __ARM_exceptions_init                     - Undefined Weak Reference
    __alloca_initialize                       - Undefined Weak Reference
    __arm_fini_                               - Undefined Weak Reference
    __arm_preinit_                            - Undefined Weak Reference
    __cpp_initialize__aeabi_                  - Undefined Weak Reference
    __cxa_finalize                            - Undefined Weak Reference
    __rt_locale                               - Undefined Weak Reference
    __sigvec_lookup                           - Undefined Weak Reference
    _atexit_init                              - Undefined Weak Reference
    _call_atexit_fns                          - Undefined Weak Reference
    _clock_init                               - Undefined Weak Reference
    _fp_trap_init                             - Undefined Weak Reference
    _fp_trap_shutdown                         - Undefined Weak Reference
    _get_lc_collate                           - Undefined Weak Reference
    _get_lc_ctype                             - Undefined Weak Reference
    _get_lc_monetary                          - Undefined Weak Reference
    _get_lc_numeric                           - Undefined Weak Reference
    _get_lc_time                              - Undefined Weak Reference
    _getenv_init                              - Undefined Weak Reference
    _handle_redirection                       - Undefined Weak Reference
    _init_alloc                               - Undefined Weak Reference
    _init_user_alloc                          - Undefined Weak Reference
    _initio                                   - Undefined Weak Reference
    _mutex_acquire                            - Undefined Weak Reference
    _mutex_release                            - Undefined Weak Reference
    _printf_post_padding                      - Undefined Weak Reference
    _printf_pre_padding                       - Undefined Weak Reference
    _printf_truncate_signed                   - Undefined Weak Reference
    _printf_truncate_unsigned                 - Undefined Weak Reference
    _rand_init                                - Undefined Weak Reference
    _signal_finish                            - Undefined Weak Reference
    _signal_init                              - Undefined Weak Reference
    _terminate_alloc                          - Undefined Weak Reference
    _terminate_user_alloc                     - Undefined Weak Reference
    _terminateio                              - Undefined Weak Reference
    __Vectors_Size                           0x00000188   Number         0  startup_stm32f407xx.o ABSOLUTE
    __Vectors                                0x08000000   Data           4  startup_stm32f407xx.o(RESET)
    __Vectors_End                            0x08000188   Data           0  startup_stm32f407xx.o(RESET)
    __main                                   0x08000189   Thumb Code     8  __main.o(!!!main)
    __scatterload                            0x08000191   Thumb Code     0  __scatter.o(!!!scatter)
    __scatterload_rt2                        0x08000191   Thumb Code    44  __scatter.o(!!!scatter)
    __scatterload_rt2_thumb_only             0x08000191   Thumb Code     0  __scatter.o(!!!scatter)
    __scatterload_null                       0x0800019f   Thumb Code     0  __scatter.o(!!!scatter)
    __scatterload_copy                       0x080001c5   Thumb Code    26  __scatter_copy.o(!!handler_copy)
    __scatterload_zeroinit                   0x080001e1   Thumb Code    28  __scatter_zi.o(!!handler_zi)
    __rt_lib_init                            0x080001fd   Thumb Code     0  libinit.o(.ARM.Collect$$libinit$$00000000)
    __rt_lib_init_fp_1                       0x080001ff   Thumb Code     0  libinit2.o(.ARM.Collect$$libinit$$00000001)
    __rt_lib_init_alloca_1                   0x08000203   Thumb Code     0  libinit2.o(.ARM.Collect$$libinit$$0000002E)
    __rt_lib_init_argv_1                     0x08000203   Thumb Code     0  libinit2.o(.ARM.Collect$$libinit$$0000002C)
    __rt_lib_init_atexit_1                   0x08000203   Thumb Code     0  libinit2.o(.ARM.Collect$$libinit$$0000001B)
    __rt_lib_init_clock_1                    0x08000203   Thumb Code     0  libinit2.o(.ARM.Collect$$libinit$$00000021)
    __rt_lib_init_cpp_1                      0x08000203   Thumb Code     0  libinit2.o(.ARM.Collect$$libinit$$00000032)
    __rt_lib_init_exceptions_1               0x08000203   Thumb Code     0  libinit2.o(.ARM.Collect$$libinit$$00000030)
    __rt_lib_init_fp_trap_1                  0x08000203   Thumb Code     0  libinit2.o(.ARM.Collect$$libinit$$0000001F)
    __rt_lib_init_getenv_1                   0x08000203   Thumb Code     0  libinit2.o(.ARM.Collect$$libinit$$00000023)
    __rt_lib_init_heap_1                     0x08000203   Thumb Code     0  libinit2.o(.ARM.Collect$$libinit$$0000000A)
    __rt_lib_init_lc_collate_1               0x08000203   Thumb Code     0  libinit2.o(.ARM.Collect$$libinit$$00000011)
    __rt_lib_init_lc_ctype_1                 0x08000203   Thumb Code     0  libinit2.o(.ARM.Collect$$libinit$$00000013)
    __rt_lib_init_lc_monetary_1              0x08000203   Thumb Code     0  libinit2.o(.ARM.Collect$$libinit$$00000015)
    __rt_lib_init_lc_numeric_1               0x08000203   Thumb Code     0  libinit2.o(.ARM.Collect$$libinit$$00000017)
    __rt_lib_init_lc_time_1                  0x08000203   Thumb Code     0  libinit2.o(.ARM.Collect$$libinit$$00000019)
    __rt_lib_init_preinit_1                  0x08000203   Thumb Code     0  libinit2.o(.ARM.Collect$$libinit$$00000004)
    __rt_lib_init_rand_1                     0x08000203   Thumb Code     0  libinit2.o(.ARM.Collect$$libinit$$0000000E)
    __rt_lib_init_return                     0x08000203   Thumb Code     0  libinit2.o(.ARM.Collect$$libinit$$00000033)
    __rt_lib_init_signal_1                   0x08000203   Thumb Code     0  libinit2.o(.ARM.Collect$$libinit$$0000001D)
    __rt_lib_init_stdio_1                    0x08000203   Thumb Code     0  libinit2.o(.ARM.Collect$$libinit$$00000025)
    __rt_lib_init_user_alloc_1               0x08000203   Thumb Code     0  libinit2.o(.ARM.Collect$$libinit$$0000000C)
    __rt_lib_shutdown                        0x08000205   Thumb Code     0  libshutdown.o(.ARM.Collect$$libshutdown$$00000000)
    __rt_lib_shutdown_cpp_1                  0x08000207   Thumb Code     0  libshutdown2.o(.ARM.Collect$$libshutdown$$00000004)
    __rt_lib_shutdown_fini_1                 0x08000207   Thumb Code     0  libshutdown2.o(.ARM.Collect$$libshutdown$$00000002)
    __rt_lib_shutdown_fp_trap_1              0x08000207   Thumb Code     0  libshutdown2.o(.ARM.Collect$$libshutdown$$00000009)
    __rt_lib_shutdown_heap_1                 0x08000207   Thumb Code     0  libshutdown2.o(.ARM.Collect$$libshutdown$$00000011)
    __rt_lib_shutdown_return                 0x08000207   Thumb Code     0  libshutdown2.o(.ARM.Collect$$libshutdown$$00000012)
    __rt_lib_shutdown_signal_1               0x08000207   Thumb Code     0  libshutdown2.o(.ARM.Collect$$libshutdown$$0000000C)
    __rt_lib_shutdown_stdio_1                0x08000207   Thumb Code     0  libshutdown2.o(.ARM.Collect$$libshutdown$$00000006)
    __rt_lib_shutdown_user_alloc_1           0x08000207   Thumb Code     0  libshutdown2.o(.ARM.Collect$$libshutdown$$0000000E)
    __rt_entry                               0x08000209   Thumb Code     0  __rtentry.o(.ARM.Collect$$rtentry$$00000000)
    __rt_entry_presh_1                       0x08000209   Thumb Code     0  __rtentry2.o(.ARM.Collect$$rtentry$$00000002)
    __rt_entry_sh                            0x08000209   Thumb Code     0  __rtentry4.o(.ARM.Collect$$rtentry$$00000004)
    __rt_entry_li                            0x0800020f   Thumb Code     0  __rtentry2.o(.ARM.Collect$$rtentry$$0000000A)
    __rt_entry_postsh_1                      0x0800020f   Thumb Code     0  __rtentry2.o(.ARM.Collect$$rtentry$$00000009)
    __rt_entry_main                          0x08000213   Thumb Code     0  __rtentry2.o(.ARM.Collect$$rtentry$$0000000D)
    __rt_entry_postli_1                      0x08000213   Thumb Code     0  __rtentry2.o(.ARM.Collect$$rtentry$$0000000C)
    __rt_exit                                0x0800021b   Thumb Code     0  rtexit.o(.ARM.Collect$$rtexit$$00000000)
    __rt_exit_ls                             0x0800021d   Thumb Code     0  rtexit2.o(.ARM.Collect$$rtexit$$00000003)
    __rt_exit_prels_1                        0x0800021d   Thumb Code     0  rtexit2.o(.ARM.Collect$$rtexit$$00000002)
    __rt_exit_exit                           0x08000221   Thumb Code     0  rtexit2.o(.ARM.Collect$$rtexit$$00000004)
    Reset_Handler                            0x08000229   Thumb Code    14  startup_stm32f407xx.o(.text)
    NMI_Handler                              0x08000237   Thumb Code     2  startup_stm32f407xx.o(.text)
    HardFault_Handler                        0x08000239   Thumb Code     2  startup_stm32f407xx.o(.text)
    MemManage_Handler                        0x0800023b   Thumb Code     2  startup_stm32f407xx.o(.text)
    BusFault_Handler                         0x0800023d   Thumb Code     2  startup_stm32f407xx.o(.text)
    UsageFault_Handler                       0x0800023f   Thumb Code     2  startup_stm32f407xx.o(.text)
    SVC_Handler                              0x08000241   Thumb Code     2  startup_stm32f407xx.o(.text)
    DebugMon_Handler                         0x08000243   Thumb Code     2  startup_stm32f407xx.o(.text)
    PendSV_Handler                           0x08000245   Thumb Code     2  startup_stm32f407xx.o(.text)
    SysTick_Handler                          0x08000247   Thumb Code     2  startup_stm32f407xx.o(.text)
    ADC_IRQHandler                           0x08000249   Thumb Code     0  startup_stm32f407xx.o(.text)
    CAN1_RX0_IRQHandler                      0x08000249   Thumb Code     0  startup_stm32f407xx.o(.text)
    CAN1_RX1_IRQHandler                      0x08000249   Thumb Code     0  startup_stm32f407xx.o(.text)
    CAN1_SCE_IRQHandler                      0x08000249   Thumb Code     0  startup_stm32f407xx.o(.text)
    CAN1_TX_IRQHandler                       0x08000249   Thumb Code     0  startup_stm32f407xx.o(.text)
    CAN2_RX0_IRQHandler                      0x08000249   Thumb Code     0  startup_stm32f407xx.o(.text)
    CAN2_RX1_IRQHandler                      0x08000249   Thumb Code     0  startup_stm32f407xx.o(.text)
    CAN2_SCE_IRQHandler                      0x08000249   Thumb Code     0  startup_stm32f407xx.o(.text)
    CAN2_TX_IRQHandler                       0x08000249   Thumb Code     0  startup_stm32f407xx.o(.text)
    DCMI_IRQHandler                          0x08000249   Thumb Code     0  startup_stm32f407xx.o(.text)
    DMA1_Stream0_IRQHandler                  0x08000249   Thumb Code     0  startup_stm32f407xx.o(.text)
    DMA1_Stream1_IRQHandler                  0x08000249   Thumb Code     0  startup_stm32f407xx.o(.text)
    DMA1_Stream2_IRQHandler                  0x08000249   Thumb Code     0  startup_stm32f407xx.o(.text)
    DMA1_Stream3_IRQHandler                  0x08000249   Thumb Code     0  startup_stm32f407xx.o(.text)
    DMA1_Stream4_IRQHandler                  0x08000249   Thumb Code     0  startup_stm32f407xx.o(.text)
    DMA1_Stream5_IRQHandler                  0x08000249   Thumb Code     0  startup_stm32f407xx.o(.text)
    DMA1_Stream6_IRQHandler                  0x08000249   Thumb Code     0  startup_stm32f407xx.o(.text)
    DMA1_Stream7_IRQHandler                  0x08000249   Thumb Code     0  startup_stm32f407xx.o(.text)
    DMA2_Stream1_IRQHandler                  0x08000249   Thumb Code     0  startup_stm32f407xx.o(.text)
    DMA2_Stream2_IRQHandler                  0x08000249   Thumb Code     0  startup_stm32f407xx.o(.text)
    DMA2_Stream3_IRQHandler                  0x08000249   Thumb Code     0  startup_stm32f407xx.o(.text)
    DMA2_Stream4_IRQHandler                  0x08000249   Thumb Code     0  startup_stm32f407xx.o(.text)
    DMA2_Stream5_IRQHandler                  0x08000249   Thumb Code     0  startup_stm32f407xx.o(.text)
    DMA2_Stream6_IRQHandler                  0x08000249   Thumb Code     0  startup_stm32f407xx.o(.text)
    DMA2_Stream7_IRQHandler                  0x08000249   Thumb Code     0  startup_stm32f407xx.o(.text)
    ETH_IRQHandler                           0x08000249   Thumb Code     0  startup_stm32f407xx.o(.text)
    ETH_WKUP_IRQHandler                      0x08000249   Thumb Code     0  startup_stm32f407xx.o(.text)
    EXTI0_IRQHandler                         0x08000249   Thumb Code     0  startup_stm32f407xx.o(.text)
    EXTI15_10_IRQHandler                     0x08000249   Thumb Code     0  startup_stm32f407xx.o(.text)
    EXTI1_IRQHandler                         0x08000249   Thumb Code     0  startup_stm32f407xx.o(.text)
    EXTI2_IRQHandler                         0x08000249   Thumb Code     0  startup_stm32f407xx.o(.text)
    EXTI3_IRQHandler                         0x08000249   Thumb Code     0  startup_stm32f407xx.o(.text)
    EXTI4_IRQHandler                         0x08000249   Thumb Code     0  startup_stm32f407xx.o(.text)
    EXTI9_5_IRQHandler                       0x08000249   Thumb Code     0  startup_stm32f407xx.o(.text)
    FLASH_IRQHandler                         0x08000249   Thumb Code     0  startup_stm32f407xx.o(.text)
    FMC_IRQHandler                           0x08000249   Thumb Code     0  startup_stm32f407xx.o(.text)
    FPU_IRQHandler                           0x08000249   Thumb Code     0  startup_stm32f407xx.o(.text)
    HASH_RNG_IRQHandler                      0x08000249   Thumb Code     0  startup_stm32f407xx.o(.text)
    I2C1_ER_IRQHandler                       0x08000249   Thumb Code     0  startup_stm32f407xx.o(.text)
    I2C1_EV_IRQHandler                       0x08000249   Thumb Code     0  startup_stm32f407xx.o(.text)
    I2C2_ER_IRQHandler                       0x08000249   Thumb Code     0  startup_stm32f407xx.o(.text)
    I2C2_EV_IRQHandler                       0x08000249   Thumb Code     0  startup_stm32f407xx.o(.text)
    I2C3_ER_IRQHandler                       0x08000249   Thumb Code     0  startup_stm32f407xx.o(.text)
    I2C3_EV_IRQHandler                       0x08000249   Thumb Code     0  startup_stm32f407xx.o(.text)
    OTG_FS_IRQHandler                        0x08000249   Thumb Code     0  startup_stm32f407xx.o(.text)
    OTG_FS_WKUP_IRQHandler                   0x08000249   Thumb Code     0  startup_stm32f407xx.o(.text)
    OTG_HS_EP1_IN_IRQHandler                 0x08000249   Thumb Code     0  startup_stm32f407xx.o(.text)
    OTG_HS_EP1_OUT_IRQHandler                0x08000249   Thumb Code     0  startup_stm32f407xx.o(.text)
    OTG_HS_IRQHandler                        0x08000249   Thumb Code     0  startup_stm32f407xx.o(.text)
    OTG_HS_WKUP_IRQHandler                   0x08000249   Thumb Code     0  startup_stm32f407xx.o(.text)
    PVD_IRQHandler                           0x08000249   Thumb Code     0  startup_stm32f407xx.o(.text)
    RCC_IRQHandler                           0x08000249   Thumb Code     0  startup_stm32f407xx.o(.text)
    RTC_Alarm_IRQHandler                     0x08000249   Thumb Code     0  startup_stm32f407xx.o(.text)
    RTC_WKUP_IRQHandler                      0x08000249   Thumb Code     0  startup_stm32f407xx.o(.text)
    SDIO_IRQHandler                          0x08000249   Thumb Code     0  startup_stm32f407xx.o(.text)
    SPI1_IRQHandler                          0x08000249   Thumb Code     0  startup_stm32f407xx.o(.text)
    SPI2_IRQHandler                          0x08000249   Thumb Code     0  startup_stm32f407xx.o(.text)
    SPI3_IRQHandler                          0x08000249   Thumb Code     0  startup_stm32f407xx.o(.text)
    TAMP_STAMP_IRQHandler                    0x08000249   Thumb Code     0  startup_stm32f407xx.o(.text)
    TIM1_BRK_TIM9_IRQHandler                 0x08000249   Thumb Code     0  startup_stm32f407xx.o(.text)
    TIM1_CC_IRQHandler                       0x08000249   Thumb Code     0  startup_stm32f407xx.o(.text)
    TIM1_TRG_COM_TIM11_IRQHandler            0x08000249   Thumb Code     0  startup_stm32f407xx.o(.text)
    TIM1_UP_TIM10_IRQHandler                 0x08000249   Thumb Code     0  startup_stm32f407xx.o(.text)
    TIM2_IRQHandler                          0x08000249   Thumb Code     0  startup_stm32f407xx.o(.text)
    TIM4_IRQHandler                          0x08000249   Thumb Code     0  startup_stm32f407xx.o(.text)
    TIM5_IRQHandler                          0x08000249   Thumb Code     0  startup_stm32f407xx.o(.text)
    TIM6_DAC_IRQHandler                      0x08000249   Thumb Code     0  startup_stm32f407xx.o(.text)
    TIM7_IRQHandler                          0x08000249   Thumb Code     0  startup_stm32f407xx.o(.text)
    TIM8_BRK_TIM12_IRQHandler                0x08000249   Thumb Code     0  startup_stm32f407xx.o(.text)
    TIM8_CC_IRQHandler                       0x08000249   Thumb Code     0  startup_stm32f407xx.o(.text)
    TIM8_TRG_COM_TIM14_IRQHandler            0x08000249   Thumb Code     0  startup_stm32f407xx.o(.text)
    UART4_IRQHandler                         0x08000249   Thumb Code     0  startup_stm32f407xx.o(.text)
    UART5_IRQHandler                         0x08000249   Thumb Code     0  startup_stm32f407xx.o(.text)
    USART2_IRQHandler                        0x08000249   Thumb Code     0  startup_stm32f407xx.o(.text)
    USART3_IRQHandler                        0x08000249   Thumb Code     0  startup_stm32f407xx.o(.text)
    USART6_IRQHandler                        0x08000249   Thumb Code     0  startup_stm32f407xx.o(.text)
    WWDG_IRQHandler                          0x08000249   Thumb Code     0  startup_stm32f407xx.o(.text)
    __user_initial_stackheap                 0x0800024d   Thumb Code     0  startup_stm32f407xx.o(.text)
    __use_no_semihosting                     0x0800026d   Thumb Code     2  use_no_semi_2.o(.text)
    __use_two_region_memory                  0x0800026f   Thumb Code     2  heapauxi.o(.text)
    __rt_heap_escrow$2region                 0x08000271   Thumb Code     2  heapauxi.o(.text)
    __rt_heap_expand$2region                 0x08000273   Thumb Code     2  heapauxi.o(.text)
    __semihosting$guard                      0x08000275   Thumb Code     0  use_no_semi.o(.text)
    __use_no_semihosting_swi                 0x08000275   Thumb Code     2  use_no_semi.o(.text)
    __read_errno                             0x08000277   Thumb Code    10  _rserrno.o(.text)
    __set_errno                              0x08000281   Thumb Code    12  _rserrno.o(.text)
    __aeabi_errno_addr                       0x0800028d   Thumb Code     8  rt_errno_addr_intlibspace.o(.text)
    __errno$intlibspace                      0x0800028d   Thumb Code     0  rt_errno_addr_intlibspace.o(.text)
    __rt_errno_addr$intlibspace              0x0800028d   Thumb Code     0  rt_errno_addr_intlibspace.o(.text)
    __user_libspace                          0x08000295   Thumb Code     8  libspace.o(.text)
    __user_perproc_libspace                  0x08000295   Thumb Code     0  libspace.o(.text)
    __user_perthread_libspace                0x08000295   Thumb Code     0  libspace.o(.text)
    __user_setup_stackheap                   0x0800029d   Thumb Code    74  sys_stackheap_outer.o(.text)
    exit                                     0x080002e7   Thumb Code    18  exit.o(.text)
    AS5600_Init                              0x080002f9   Thumb Code   138  i2c.o(i.AS5600_Init)
    CLEAR_flag                               0x08000391   Thumb Code    18  gtim.o(i.CLEAR_flag)
    DMA2_Stream0_IRQHandler                  0x080003a9   Thumb Code    44  adc.o(i.DMA2_Stream0_IRQHandler)
    RunSystimer                              0x080003dd   Thumb Code   202  gtim.o(i.RunSystimer)
    SPI2_GPIO_MasterInit                     0x080004ad   Thumb Code   264  spi.o(i.SPI2_GPIO_MasterInit)
    SPI2_MasterInit                          0x080005c1   Thumb Code    70  spi.o(i.SPI2_MasterInit)
    TIM3_IRQHandler                          0x08000611   Thumb Code    42  gtim.o(i.TIM3_IRQHandler)
    TIM8_UP_TIM13_IRQHandler                 0x08000645   Thumb Code    40  atim.o(i.TIM8_UP_TIM13_IRQHandler)
    USART1_IRQHandler                        0x08000675   Thumb Code   116  usart.o(i.USART1_IRQHandler)
    __ARM_fpclassify                         0x080006f5   Thumb Code    48  fpclassify.o(i.__ARM_fpclassify)
    __hardfp_cos                             0x08000729   Thumb Code   180  cos.o(i.__hardfp_cos)
    __hardfp_fmod                            0x080007f1   Thumb Code   254  fmod.o(i.__hardfp_fmod)
    __hardfp_sin                             0x080008f9   Thumb Code   180  sin.o(i.__hardfp_sin)
    __hardfp_sqrt                            0x080009c1   Thumb Code   122  sqrt.o(i.__hardfp_sqrt)
    __ieee754_rem_pio2                       0x08000a41   Thumb Code   938  rred.o(i.__ieee754_rem_pio2)
    __kernel_cos                             0x08000e79   Thumb Code   322  cos_i.o(i.__kernel_cos)
    __kernel_poly                            0x08000fe9   Thumb Code   248  poly.o(i.__kernel_poly)
    __kernel_sin                             0x080010e1   Thumb Code   280  sin_i.o(i.__kernel_sin)
    __mathlib_dbl_infnan                     0x08001211   Thumb Code    20  dunder.o(i.__mathlib_dbl_infnan)
    __mathlib_dbl_invalid                    0x08001229   Thumb Code    24  dunder.o(i.__mathlib_dbl_invalid)
    __mathlib_dbl_underflow                  0x08001249   Thumb Code    24  dunder.o(i.__mathlib_dbl_underflow)
    _electricalAngle                         0x08001269   Thumb Code    18  motor.o(i._electricalAngle)
    _normalizeAngle                          0x0800127d   Thumb Code   120  motor.o(i._normalizeAngle)
    _sys_exit                                0x080012fd   Thumb Code     4  usart.o(i._sys_exit)
    adc_init                                 0x08001301   Thumb Code   162  adc.o(i.adc_init)
    atim_timx_cplm_pwm_init                  0x080013b5   Thumb Code   748  atim.o(i.atim_timx_cplm_pwm_init)
    atim_timx_cplm_pwm_set                   0x080016bd   Thumb Code    76  atim.o(i.atim_timx_cplm_pwm_set)
    delay_init                               0x0800170d   Thumb Code    38  delay.o(i.delay_init)
    dma_init                                 0x08001739   Thumb Code   206  adc.o(i.dma_init)
    fabs                                     0x0800181d   Thumb Code    24  fabs.o(i.fabs)
    gtim_timx_int_init                       0x08001835   Thumb Code    76  gtim.o(i.gtim_timx_int_init)
    led_init                                 0x08001889   Thumb Code    90  led.o(i.led_init)
    main                                     0x080018ed   Thumb Code    88  main.o(i.main)
    motor_foc_algorithm_main                 0x08001945   Thumb Code   254  motor.o(i.motor_foc_algorithm_main)
    setPhaseVoltage                          0x08001a71   Thumb Code   508  motor.o(i.setPhaseVoltage)
    setPwm                                   0x08001c99   Thumb Code   336  motor.o(i.setPwm)
    sys_clock_set                            0x08001e01   Thumb Code   382  sys.o(i.sys_clock_set)
    sys_gpio_af_set                          0x08001f8d   Thumb Code   104  sys.o(i.sys_gpio_af_set)
    sys_gpio_pin_set                         0x08001ff5   Thumb Code    24  sys.o(i.sys_gpio_pin_set)
    sys_gpio_set                             0x0800200d   Thumb Code   222  sys.o(i.sys_gpio_set)
    sys_nvic_init                            0x080020ed   Thumb Code   116  sys.o(i.sys_nvic_init)
    sys_nvic_set_vector_table                0x0800218d   Thumb Code    12  sys.o(i.sys_nvic_set_vector_table)
    sys_stm32_clock_init                     0x0800219d   Thumb Code    58  sys.o(i.sys_stm32_clock_init)
    usart_init                               0x080021dd   Thumb Code   206  usart.o(i.usart_init)
    __aeabi_dneg                             0x080022bd   Thumb Code     0  basic.o(x$fpl$basic)
    _dneg                                    0x080022bd   Thumb Code     6  basic.o(x$fpl$basic)
    __aeabi_fneg                             0x080022c3   Thumb Code     0  basic.o(x$fpl$basic)
    _fneg                                    0x080022c3   Thumb Code     6  basic.o(x$fpl$basic)
    _dabs                                    0x080022c9   Thumb Code     6  basic.o(x$fpl$basic)
    _fabs                                    0x080022cf   Thumb Code     6  basic.o(x$fpl$basic)
    __aeabi_d2f                              0x080022d5   Thumb Code     0  d2f.o(x$fpl$d2f)
    _d2f                                     0x080022d5   Thumb Code    98  d2f.o(x$fpl$d2f)
    __aeabi_dadd                             0x08002339   Thumb Code     0  daddsub_clz.o(x$fpl$dadd)
    _dadd                                    0x08002339   Thumb Code   332  daddsub_clz.o(x$fpl$dadd)
    __fpl_dcmp_Inf                           0x08002489   Thumb Code    24  dcmpi.o(x$fpl$dcmpinf)
    __aeabi_ddiv                             0x080024a1   Thumb Code     0  ddiv.o(x$fpl$ddiv)
    _ddiv                                    0x080024a1   Thumb Code   552  ddiv.o(x$fpl$ddiv)
    __aeabi_d2iz                             0x08002751   Thumb Code     0  dfix.o(x$fpl$dfix)
    _dfix                                    0x08002751   Thumb Code    94  dfix.o(x$fpl$dfix)
    __aeabi_i2d                              0x080027af   Thumb Code     0  dflt_clz.o(x$fpl$dflt)
    _dflt                                    0x080027af   Thumb Code    46  dflt_clz.o(x$fpl$dflt)
    __aeabi_ui2d                             0x080027dd   Thumb Code     0  dflt_clz.o(x$fpl$dfltu)
    _dfltu                                   0x080027dd   Thumb Code    38  dflt_clz.o(x$fpl$dfltu)
    __aeabi_cdcmple                          0x08002805   Thumb Code     0  dleqf.o(x$fpl$dleqf)
    _dcmple                                  0x08002805   Thumb Code   120  dleqf.o(x$fpl$dleqf)
    __fpl_dcmple_InfNaN                      0x08002867   Thumb Code     0  dleqf.o(x$fpl$dleqf)
    __aeabi_dmul                             0x0800287d   Thumb Code     0  dmul.o(x$fpl$dmul)
    _dmul                                    0x0800287d   Thumb Code   332  dmul.o(x$fpl$dmul)
    __fpl_dnaninf                            0x080029d1   Thumb Code   156  dnaninf.o(x$fpl$dnaninf)
    _drem                                    0x08002a6d   Thumb Code   328  drem_clz.o(x$fpl$drem)
    __fpl_dretinf                            0x08002bbd   Thumb Code    12  dretinf.o(x$fpl$dretinf)
    __aeabi_cdrcmple                         0x08002bc9   Thumb Code     0  drleqf.o(x$fpl$drleqf)
    _drcmple                                 0x08002bc9   Thumb Code   108  drleqf.o(x$fpl$drleqf)
    __aeabi_drsub                            0x08002c35   Thumb Code     0  daddsub_clz.o(x$fpl$drsb)
    _drsb                                    0x08002c35   Thumb Code    22  daddsub_clz.o(x$fpl$drsb)
    _dsqrt                                   0x08002c4d   Thumb Code   404  dsqrt_umaal.o(x$fpl$dsqrt)
    __aeabi_dsub                             0x08002de5   Thumb Code     0  daddsub_clz.o(x$fpl$dsub)
    _dsub                                    0x08002de5   Thumb Code   464  daddsub_clz.o(x$fpl$dsub)
    __aeabi_f2d                              0x08002fb9   Thumb Code     0  f2d.o(x$fpl$f2d)
    _f2d                                     0x08002fb9   Thumb Code    86  f2d.o(x$fpl$f2d)
    __fpl_fnaninf                            0x0800300f   Thumb Code   140  fnaninf.o(x$fpl$fnaninf)
    _fp_init                                 0x0800309b   Thumb Code    10  fpinit.o(x$fpl$fpinit)
    __fplib_config_fpu_vfp                   0x080030a3   Thumb Code     0  fpinit.o(x$fpl$fpinit)
    __fplib_config_pureend_doubles           0x080030a3   Thumb Code     0  fpinit.o(x$fpl$fpinit)
    __fpl_fretinf                            0x080030a5   Thumb Code    10  fretinf.o(x$fpl$fretinf)
    __I$use$fp                               0x080030ae   Number         0  usenofp.o(x$fpl$usenofp)
    Region$$Table$$Base                      0x080031d0   Number         0  anon$$obj.o(Region$$Table)
    Region$$Table$$Limit                     0x080031f0   Number         0  anon$$obj.o(Region$$Table)
    __stdout                                 0x20000004   Data           4  usart.o(.data)
    g_usart_rx_sta                           0x20000008   Data           2  usart.o(.data)
    voltage_power_supply                     0x2000000c   Data           4  motor.o(.data)
    shaft_angle                              0x20000010   Data           4  motor.o(.data)
    open_loop_timestamp                      0x20000014   Data           4  motor.o(.data)
    zero_electric_angle                      0x20000018   Data           4  motor.o(.data)
    Ualpha                                   0x2000001c   Data           4  motor.o(.data)
    Ubeta                                    0x20000020   Data           4  motor.o(.data)
    Ua                                       0x20000024   Data           4  motor.o(.data)
    Ub                                       0x20000028   Data           4  motor.o(.data)
    Uc                                       0x2000002c   Data           4  motor.o(.data)
    dc_a                                     0x20000030   Data           4  motor.o(.data)
    dc_b                                     0x20000034   Data           4  motor.o(.data)
    dc_c                                     0x20000038   Data           4  motor.o(.data)
    ADCSampPare                              0x2000003c   Data          76  motor.o(.data)
    ramp_voltage                             0x20000088   Data           4  motor.o(.data)
    target_voltage                           0x2000008c   Data           4  motor.o(.data)
    voltage_step                             0x20000090   Data           4  motor.o(.data)
    angle_step                               0x20000094   Data           4  motor.o(.data)
    target_angle_step                        0x20000098   Data           4  motor.o(.data)
    g_usart_rx_buf                           0x2000009c   Data         200  usart.o(.bss)
    TaskTimePare                             0x20000164   Data          15  gtim.o(.bss)
    g_adc_dma_buf                            0x20000174   Data         600  adc.o(.bss)
    adc_buffer                               0x200003cc   Data          10  adc.o(.bss)
    __libspace_start                         0x200003d8   Data          96  libspace.o(.bss)
    __temporary_stack_top$libspace           0x20000438   Data           0  libspace.o(.bss)



==============================================================================

Memory Map of the image

  Image Entry point : 0x08000189

  Load Region LR_IROM1 (Base: 0x08000000, Size: 0x0000328c, Max: 0x00100000, ABSOLUTE)

    Execution Region ER_IROM1 (Exec base: 0x08000000, Load base: 0x08000000, Size: 0x000031f0, Max: 0x00100000, ABSOLUTE)

    Exec Addr    Load Addr    Size         Type   Attr      Idx    E Section Name        Object

    0x08000000   0x08000000   0x00000188   Data   RO            3    RESET               startup_stm32f407xx.o
    0x08000188   0x08000188   0x00000008   Code   RO         1467  * !!!main             c_w.l(__main.o)
    0x08000190   0x08000190   0x00000034   Code   RO         1772    !!!scatter          c_w.l(__scatter.o)
    0x080001c4   0x080001c4   0x0000001a   Code   RO         1774    !!handler_copy      c_w.l(__scatter_copy.o)
    0x080001de   0x080001de   0x00000002   PAD
    0x080001e0   0x080001e0   0x0000001c   Code   RO         1776    !!handler_zi        c_w.l(__scatter_zi.o)
    0x080001fc   0x080001fc   0x00000002   Code   RO         1652    .ARM.Collect$$libinit$$00000000  c_w.l(libinit.o)
    0x080001fe   0x080001fe   0x00000004   Code   RO         1655    .ARM.Collect$$libinit$$00000001  c_w.l(libinit2.o)
    0x08000202   0x08000202   0x00000000   Code   RO         1658    .ARM.Collect$$libinit$$00000004  c_w.l(libinit2.o)
    0x08000202   0x08000202   0x00000000   Code   RO         1661    .ARM.Collect$$libinit$$0000000A  c_w.l(libinit2.o)
    0x08000202   0x08000202   0x00000000   Code   RO         1663    .ARM.Collect$$libinit$$0000000C  c_w.l(libinit2.o)
    0x08000202   0x08000202   0x00000000   Code   RO         1665    .ARM.Collect$$libinit$$0000000E  c_w.l(libinit2.o)
    0x08000202   0x08000202   0x00000000   Code   RO         1668    .ARM.Collect$$libinit$$00000011  c_w.l(libinit2.o)
    0x08000202   0x08000202   0x00000000   Code   RO         1670    .ARM.Collect$$libinit$$00000013  c_w.l(libinit2.o)
    0x08000202   0x08000202   0x00000000   Code   RO         1672    .ARM.Collect$$libinit$$00000015  c_w.l(libinit2.o)
    0x08000202   0x08000202   0x00000000   Code   RO         1674    .ARM.Collect$$libinit$$00000017  c_w.l(libinit2.o)
    0x08000202   0x08000202   0x00000000   Code   RO         1676    .ARM.Collect$$libinit$$00000019  c_w.l(libinit2.o)
    0x08000202   0x08000202   0x00000000   Code   RO         1678    .ARM.Collect$$libinit$$0000001B  c_w.l(libinit2.o)
    0x08000202   0x08000202   0x00000000   Code   RO         1680    .ARM.Collect$$libinit$$0000001D  c_w.l(libinit2.o)
    0x08000202   0x08000202   0x00000000   Code   RO         1682    .ARM.Collect$$libinit$$0000001F  c_w.l(libinit2.o)
    0x08000202   0x08000202   0x00000000   Code   RO         1684    .ARM.Collect$$libinit$$00000021  c_w.l(libinit2.o)
    0x08000202   0x08000202   0x00000000   Code   RO         1686    .ARM.Collect$$libinit$$00000023  c_w.l(libinit2.o)
    0x08000202   0x08000202   0x00000000   Code   RO         1688    .ARM.Collect$$libinit$$00000025  c_w.l(libinit2.o)
    0x08000202   0x08000202   0x00000000   Code   RO         1692    .ARM.Collect$$libinit$$0000002C  c_w.l(libinit2.o)
    0x08000202   0x08000202   0x00000000   Code   RO         1694    .ARM.Collect$$libinit$$0000002E  c_w.l(libinit2.o)
    0x08000202   0x08000202   0x00000000   Code   RO         1696    .ARM.Collect$$libinit$$00000030  c_w.l(libinit2.o)
    0x08000202   0x08000202   0x00000000   Code   RO         1698    .ARM.Collect$$libinit$$00000032  c_w.l(libinit2.o)
    0x08000202   0x08000202   0x00000002   Code   RO         1699    .ARM.Collect$$libinit$$00000033  c_w.l(libinit2.o)
    0x08000204   0x08000204   0x00000002   Code   RO         1717    .ARM.Collect$$libshutdown$$00000000  c_w.l(libshutdown.o)
    0x08000206   0x08000206   0x00000000   Code   RO         1725    .ARM.Collect$$libshutdown$$00000002  c_w.l(libshutdown2.o)
    0x08000206   0x08000206   0x00000000   Code   RO         1727    .ARM.Collect$$libshutdown$$00000004  c_w.l(libshutdown2.o)
    0x08000206   0x08000206   0x00000000   Code   RO         1729    .ARM.Collect$$libshutdown$$00000006  c_w.l(libshutdown2.o)
    0x08000206   0x08000206   0x00000000   Code   RO         1732    .ARM.Collect$$libshutdown$$00000009  c_w.l(libshutdown2.o)
    0x08000206   0x08000206   0x00000000   Code   RO         1735    .ARM.Collect$$libshutdown$$0000000C  c_w.l(libshutdown2.o)
    0x08000206   0x08000206   0x00000000   Code   RO         1737    .ARM.Collect$$libshutdown$$0000000E  c_w.l(libshutdown2.o)
    0x08000206   0x08000206   0x00000000   Code   RO         1740    .ARM.Collect$$libshutdown$$00000011  c_w.l(libshutdown2.o)
    0x08000206   0x08000206   0x00000002   Code   RO         1741    .ARM.Collect$$libshutdown$$00000012  c_w.l(libshutdown2.o)
    0x08000208   0x08000208   0x00000000   Code   RO         1545    .ARM.Collect$$rtentry$$00000000  c_w.l(__rtentry.o)
    0x08000208   0x08000208   0x00000000   Code   RO         1599    .ARM.Collect$$rtentry$$00000002  c_w.l(__rtentry2.o)
    0x08000208   0x08000208   0x00000006   Code   RO         1611    .ARM.Collect$$rtentry$$00000004  c_w.l(__rtentry4.o)
    0x0800020e   0x0800020e   0x00000000   Code   RO         1601    .ARM.Collect$$rtentry$$00000009  c_w.l(__rtentry2.o)
    0x0800020e   0x0800020e   0x00000004   Code   RO         1602    .ARM.Collect$$rtentry$$0000000A  c_w.l(__rtentry2.o)
    0x08000212   0x08000212   0x00000000   Code   RO         1604    .ARM.Collect$$rtentry$$0000000C  c_w.l(__rtentry2.o)
    0x08000212   0x08000212   0x00000008   Code   RO         1605    .ARM.Collect$$rtentry$$0000000D  c_w.l(__rtentry2.o)
    0x0800021a   0x0800021a   0x00000002   Code   RO         1653    .ARM.Collect$$rtexit$$00000000  c_w.l(rtexit.o)
    0x0800021c   0x0800021c   0x00000000   Code   RO         1701    .ARM.Collect$$rtexit$$00000002  c_w.l(rtexit2.o)
    0x0800021c   0x0800021c   0x00000004   Code   RO         1702    .ARM.Collect$$rtexit$$00000003  c_w.l(rtexit2.o)
    0x08000220   0x08000220   0x00000006   Code   RO         1703    .ARM.Collect$$rtexit$$00000004  c_w.l(rtexit2.o)
    0x08000226   0x08000226   0x00000002   PAD
    0x08000228   0x08000228   0x00000044   Code   RO            4    .text               startup_stm32f407xx.o
    0x0800026c   0x0800026c   0x00000002   Code   RO         1433    .text               c_w.l(use_no_semi_2.o)
    0x0800026e   0x0800026e   0x00000006   Code   RO         1465    .text               c_w.l(heapauxi.o)
    0x08000274   0x08000274   0x00000002   Code   RO         1543    .text               c_w.l(use_no_semi.o)
    0x08000276   0x08000276   0x00000016   Code   RO         1546    .text               c_w.l(_rserrno.o)
    0x0800028c   0x0800028c   0x00000008   Code   RO         1616    .text               c_w.l(rt_errno_addr_intlibspace.o)
    0x08000294   0x08000294   0x00000008   Code   RO         1638    .text               c_w.l(libspace.o)
    0x0800029c   0x0800029c   0x0000004a   Code   RO         1641    .text               c_w.l(sys_stackheap_outer.o)
    0x080002e6   0x080002e6   0x00000012   Code   RO         1645    .text               c_w.l(exit.o)
    0x080002f8   0x080002f8   0x00000098   Code   RO          831    i.AS5600_Init       i2c.o
    0x08000390   0x08000390   0x00000018   Code   RO          655    i.CLEAR_flag        gtim.o
    0x080003a8   0x080003a8   0x00000034   Code   RO          703    i.DMA2_Stream0_IRQHandler  adc.o
    0x080003dc   0x080003dc   0x000000d0   Code   RO          656    i.RunSystimer       gtim.o
    0x080004ac   0x080004ac   0x00000114   Code   RO          777    i.SPI2_GPIO_MasterInit  spi.o
    0x080005c0   0x080005c0   0x00000050   Code   RO          778    i.SPI2_MasterInit   spi.o
    0x08000610   0x08000610   0x00000034   Code   RO          657    i.TIM3_IRQHandler   gtim.o
    0x08000644   0x08000644   0x00000030   Code   RO          612    i.TIM8_UP_TIM13_IRQHandler  atim.o
    0x08000674   0x08000674   0x00000080   Code   RO          289    i.USART1_IRQHandler  usart.o
    0x080006f4   0x080006f4   0x00000030   Code   RO         1634    i.__ARM_fpclassify  m_wm.l(fpclassify.o)
    0x08000724   0x08000724   0x00000004   PAD
    0x08000728   0x08000728   0x000000c8   Code   RO         1495    i.__hardfp_cos      m_wm.l(cos.o)
    0x080007f0   0x080007f0   0x00000104   Code   RO         1507    i.__hardfp_fmod     m_wm.l(fmod.o)
    0x080008f4   0x080008f4   0x00000004   PAD
    0x080008f8   0x080008f8   0x000000c8   Code   RO         1519    i.__hardfp_sin      m_wm.l(sin.o)
    0x080009c0   0x080009c0   0x0000007a   Code   RO         1531    i.__hardfp_sqrt     m_wm.l(sqrt.o)
    0x08000a3a   0x08000a3a   0x00000006   PAD
    0x08000a40   0x08000a40   0x00000438   Code   RO         1587    i.__ieee754_rem_pio2  m_wm.l(rred.o)
    0x08000e78   0x08000e78   0x00000170   Code   RO         1570    i.__kernel_cos      m_wm.l(cos_i.o)
    0x08000fe8   0x08000fe8   0x000000f8   Code   RO         1636    i.__kernel_poly     m_wm.l(poly.o)
    0x080010e0   0x080010e0   0x00000130   Code   RO         1592    i.__kernel_sin      m_wm.l(sin_i.o)
    0x08001210   0x08001210   0x00000014   Code   RO         1574    i.__mathlib_dbl_infnan  m_wm.l(dunder.o)
    0x08001224   0x08001224   0x00000004   PAD
    0x08001228   0x08001228   0x00000020   Code   RO         1576    i.__mathlib_dbl_invalid  m_wm.l(dunder.o)
    0x08001248   0x08001248   0x00000020   Code   RO         1579    i.__mathlib_dbl_underflow  m_wm.l(dunder.o)
    0x08001268   0x08001268   0x00000012   Code   RO         1116    i._electricalAngle  motor.o
    0x0800127a   0x0800127a   0x00000002   PAD
    0x0800127c   0x0800127c   0x00000080   Code   RO         1117    i._normalizeAngle   motor.o
    0x080012fc   0x080012fc   0x00000004   Code   RO          291    i._sys_exit         usart.o
    0x08001300   0x08001300   0x000000b4   Code   RO          704    i.adc_init          adc.o
    0x080013b4   0x080013b4   0x00000308   Code   RO          613    i.atim_timx_cplm_pwm_init  atim.o
    0x080016bc   0x080016bc   0x00000050   Code   RO          614    i.atim_timx_cplm_pwm_set  atim.o
    0x0800170c   0x0800170c   0x0000002c   Code   RO          122    i.delay_init        delay.o
    0x08001738   0x08001738   0x000000e4   Code   RO          705    i.dma_init          adc.o
    0x0800181c   0x0800181c   0x00000018   Code   RO         1630    i.fabs              m_wm.l(fabs.o)
    0x08001834   0x08001834   0x00000054   Code   RO          658    i.gtim_timx_int_init  gtim.o
    0x08001888   0x08001888   0x00000064   Code   RO          753    i.led_init          led.o
    0x080018ec   0x080018ec   0x00000058   Code   RO           13    i.main              main.o
    0x08001944   0x08001944   0x0000012c   Code   RO         1119    i.motor_foc_algorithm_main  motor.o
    0x08001a70   0x08001a70   0x00000228   Code   RO         1121    i.setPhaseVoltage   motor.o
    0x08001c98   0x08001c98   0x00000168   Code   RO         1122    i.setPwm            motor.o
    0x08001e00   0x08001e00   0x0000018c   Code   RO          160    i.sys_clock_set     sys.o
    0x08001f8c   0x08001f8c   0x00000068   Code   RO          161    i.sys_gpio_af_set   sys.o
    0x08001ff4   0x08001ff4   0x00000018   Code   RO          163    i.sys_gpio_pin_set  sys.o
    0x0800200c   0x0800200c   0x000000de   Code   RO          164    i.sys_gpio_set      sys.o
    0x080020ea   0x080020ea   0x00000002   PAD
    0x080020ec   0x080020ec   0x00000078   Code   RO          169    i.sys_nvic_init     sys.o
    0x08002164   0x08002164   0x00000028   Code   RO          170    i.sys_nvic_priority_group_config  sys.o
    0x0800218c   0x0800218c   0x00000010   Code   RO          171    i.sys_nvic_set_vector_table  sys.o
    0x0800219c   0x0800219c   0x00000040   Code   RO          174    i.sys_stm32_clock_init  sys.o
    0x080021dc   0x080021dc   0x000000e0   Code   RO          294    i.usart_init        usart.o
    0x080022bc   0x080022bc   0x00000018   Code   RO         1553    x$fpl$basic         fz_wm.l(basic.o)
    0x080022d4   0x080022d4   0x00000062   Code   RO         1469    x$fpl$d2f           fz_wm.l(d2f.o)
    0x08002336   0x08002336   0x00000002   PAD
    0x08002338   0x08002338   0x00000150   Code   RO         1471    x$fpl$dadd          fz_wm.l(daddsub_clz.o)
    0x08002488   0x08002488   0x00000018   Code   RO         1555    x$fpl$dcmpinf       fz_wm.l(dcmpi.o)
    0x080024a0   0x080024a0   0x000002b0   Code   RO         1478    x$fpl$ddiv          fz_wm.l(ddiv.o)
    0x08002750   0x08002750   0x0000005e   Code   RO         1624    x$fpl$dfix          fz_wm.l(dfix.o)
    0x080027ae   0x080027ae   0x0000002e   Code   RO         1482    x$fpl$dflt          fz_wm.l(dflt_clz.o)
    0x080027dc   0x080027dc   0x00000026   Code   RO         1481    x$fpl$dfltu         fz_wm.l(dflt_clz.o)
    0x08002802   0x08002802   0x00000002   PAD
    0x08002804   0x08002804   0x00000078   Code   RO         1487    x$fpl$dleqf         fz_wm.l(dleqf.o)
    0x0800287c   0x0800287c   0x00000154   Code   RO         1489    x$fpl$dmul          fz_wm.l(dmul.o)
    0x080029d0   0x080029d0   0x0000009c   Code   RO         1557    x$fpl$dnaninf       fz_wm.l(dnaninf.o)
    0x08002a6c   0x08002a6c   0x00000150   Code   RO         1559    x$fpl$drem          fz_wm.l(drem_clz.o)
    0x08002bbc   0x08002bbc   0x0000000c   Code   RO         1561    x$fpl$dretinf       fz_wm.l(dretinf.o)
    0x08002bc8   0x08002bc8   0x0000006c   Code   RO         1491    x$fpl$drleqf        fz_wm.l(drleqf.o)
    0x08002c34   0x08002c34   0x00000016   Code   RO         1472    x$fpl$drsb          fz_wm.l(daddsub_clz.o)
    0x08002c4a   0x08002c4a   0x00000002   PAD
    0x08002c4c   0x08002c4c   0x00000198   Code   RO         1563    x$fpl$dsqrt         fz_wm.l(dsqrt_umaal.o)
    0x08002de4   0x08002de4   0x000001d4   Code   RO         1473    x$fpl$dsub          fz_wm.l(daddsub_clz.o)
    0x08002fb8   0x08002fb8   0x00000056   Code   RO         1493    x$fpl$f2d           fz_wm.l(f2d.o)
    0x0800300e   0x0800300e   0x0000008c   Code   RO         1565    x$fpl$fnaninf       fz_wm.l(fnaninf.o)
    0x0800309a   0x0800309a   0x0000000a   Code   RO         1709    x$fpl$fpinit        fz_wm.l(fpinit.o)
    0x080030a4   0x080030a4   0x0000000a   Code   RO         1567    x$fpl$fretinf       fz_wm.l(fretinf.o)
    0x080030ae   0x080030ae   0x00000000   Code   RO         1569    x$fpl$usenofp       fz_wm.l(usenofp.o)
    0x080030ae   0x080030ae   0x00000002   PAD
    0x080030b0   0x080030b0   0x00000030   Data   RO         1571    .constdata          m_wm.l(cos_i.o)
    0x080030e0   0x080030e0   0x000000c8   Data   RO         1589    .constdata          m_wm.l(rred.o)
    0x080031a8   0x080031a8   0x00000028   Data   RO         1593    .constdata          m_wm.l(sin_i.o)
    0x080031d0   0x080031d0   0x00000020   Data   RO         1770    Region$$Table       anon$$obj.o


    Execution Region RW_IRAM1 (Exec base: 0x20000000, Load base: 0x080031f0, Size: 0x00000838, Max: 0x00020000, ABSOLUTE)

    Exec Addr    Load Addr    Size         Type   Attr      Idx    E Section Name        Object

    0x20000000   0x080031f0   0x00000004   Data   RW          125    .data               delay.o
    0x20000004   0x080031f4   0x00000006   Data   RW          296    .data               usart.o
    0x2000000a   0x080031fa   0x00000002   PAD
    0x2000000c   0x080031fc   0x00000090   Data   RW         1123    .data               motor.o
    0x2000009c        -       0x000000c8   Zero   RW          295    .bss                usart.o
    0x20000164        -       0x0000000f   Zero   RW          659    .bss                gtim.o
    0x20000173   0x0800328c   0x00000001   PAD
    0x20000174        -       0x00000262   Zero   RW          706    .bss                adc.o
    0x200003d6   0x0800328c   0x00000002   PAD
    0x200003d8        -       0x00000060   Zero   RW         1639    .bss                c_w.l(libspace.o)
    0x20000438        -       0x00000000   Zero   RW            2    HEAP                startup_stm32f407xx.o
    0x20000438        -       0x00000400   Zero   RW            1    STACK               startup_stm32f407xx.o


==============================================================================

Image component sizes


      Code (inc. data)   RO Data    RW Data    ZI Data      Debug   Object Name

       460         48          0          0        610      32888   adc.o
       904         40          0          0          0      32613   atim.o
        44          6          0          4          0        777   delay.o
       368         30          0          0         15       3541   gtim.o
       152         14          0          0          0        546   i2c.o
       100         10          0          0          0        539   led.o
        88          0          0          0          0     568192   main.o
      1358        122          0        144          0       4581   motor.o
       356         22          0          0          0       1129   spi.o
        68         24        392          0       1024       1012   startup_stm32f407xx.o
       986         36          0          0          0     565327   sys.o
       356         30          0          6        200       3865   usart.o

    ----------------------------------------------------------------------
      5244        382        424        156       1852    1215010   Object Totals
         0          0         32          0          0          0   (incl. Generated)
         4          0          0          2          3          0   (incl. Padding)

    ----------------------------------------------------------------------

      Code (inc. data)   RO Data    RW Data    ZI Data      Debug   Library Member Name

         8          0          0          0          0         68   __main.o
         0          0          0          0          0          0   __rtentry.o
        12          0          0          0          0          0   __rtentry2.o
         6          0          0          0          0          0   __rtentry4.o
        52          8          0          0          0          0   __scatter.o
        26          0          0          0          0          0   __scatter_copy.o
        28          0          0          0          0          0   __scatter_zi.o
        22          0          0          0          0        100   _rserrno.o
        18          0          0          0          0         80   exit.o
         6          0          0          0          0        152   heapauxi.o
         2          0          0          0          0          0   libinit.o
         6          0          0          0          0          0   libinit2.o
         2          0          0          0          0          0   libshutdown.o
         2          0          0          0          0          0   libshutdown2.o
         8          4          0          0         96         68   libspace.o
         8          4          0          0          0         68   rt_errno_addr_intlibspace.o
         2          0          0          0          0          0   rtexit.o
        10          0          0          0          0          0   rtexit2.o
        74          0          0          0          0         80   sys_stackheap_outer.o
         2          0          0          0          0         68   use_no_semi.o
         2          0          0          0          0         68   use_no_semi_2.o
        24          0          0          0          0        164   basic.o
        98          4          0          0          0        140   d2f.o
       826         16          0          0          0        492   daddsub_clz.o
        24          0          0          0          0        116   dcmpi.o
       688        140          0          0          0        256   ddiv.o
        94          4          0          0          0        140   dfix.o
        84          0          0          0          0        232   dflt_clz.o
       120          4          0          0          0        140   dleqf.o
       340         12          0          0          0        152   dmul.o
       156          4          0          0          0        140   dnaninf.o
       336         12          0          0          0        136   drem_clz.o
        12          0          0          0          0        116   dretinf.o
       108          0          0          0          0        128   drleqf.o
       408         56          0          0          0        168   dsqrt_umaal.o
        86          4          0          0          0        132   f2d.o
       140          4          0          0          0        132   fnaninf.o
        10          0          0          0          0        116   fpinit.o
        10          0          0          0          0        116   fretinf.o
         0          0          0          0          0          0   usenofp.o
       200         20          0          0          0        164   cos.o
       368         46         48          0          0        200   cos_i.o
        84         16          0          0          0        372   dunder.o
        24          0          0          0          0        124   fabs.o
       260          6          0          0          0        144   fmod.o
        48          0          0          0          0        124   fpclassify.o
       248          0          0          0          0        152   poly.o
      1080        142        200          0          0        188   rred.o
       200         20          0          0          0        164   sin.o
       304         24         40          0          0        208   sin_i.o
       122          0          0          0          0        148   sqrt.o

    ----------------------------------------------------------------------
      6828        554        288          0         96       5756   Library Totals
        30          4          0          0          0          0   (incl. Padding)

    ----------------------------------------------------------------------

      Code (inc. data)   RO Data    RW Data    ZI Data      Debug   Library Name

       296         16          0          0         96        752   c_w.l
      3564        260          0          0          0       3016   fz_wm.l
      2938        274        288          0          0       1988   m_wm.l

    ----------------------------------------------------------------------
      6828        554        288          0         96       5756   Library Totals

    ----------------------------------------------------------------------

==============================================================================


      Code (inc. data)   RO Data    RW Data    ZI Data      Debug   

     12072        936        712        156       1948    1214606   Grand Totals
     12072        936        712        156       1948    1214606   ELF Image Totals
     12072        936        712        156          0          0   ROM Totals

==============================================================================

    Total RO  Size (Code + RO Data)                12784 (  12.48kB)
    Total RW  Size (RW Data + ZI Data)              2104 (   2.05kB)
    Total ROM Size (Code + RO Data + RW Data)      12940 (  12.64kB)

==============================================================================

