<html>
<body>
<pre>
<h1>µVision Build Log</h1>
<h2>Tool Versions:</h2>
IDE-Version: ¦ÌVision V5.36.0.0
Copyright (C) 2021 ARM Ltd and ARM Germany GmbH. All rights reserved.
License Information: 11 1, 1, LIC=GMZI6-DK8RD-9UC4U-SGNVC-FY8SB-F7VEI
 
Tool Versions:
Toolchain:       MDK-ARM Plus  Version: 5.36.0.0
Toolchain Path:  D:\1.sofeware\keil5\ARM\ARMCC\Bin
C Compiler:      Armcc.exe V5.06 update 7 (build 960)
Assembler:       Armasm.exe V5.06 update 7 (build 960)
Linker/Locator:  ArmLink.exe V5.06 update 7 (build 960)
Library Manager: ArmAr.exe V5.06 update 7 (build 960)
Hex Converter:   FromElf.exe V5.06 update 7 (build 960)
CPU DLL:         SARMCM3.DLL V5.36.0.0
Dialog DLL:      DCM.DLL V1.17.3.0
Target DLL:      STLink\ST-LINKIII-KEIL_SWO.dll V3.0.9.0
Dialog DLL:      TCM.DLL V1.53.0.0
 
<h2>Project:</h2>
C:\Users\yourfather\Desktop\stm32f407\motor_control\Projects\MDK-ARM\atk_f407.uvprojx
Project File Date:  06/01/2025

<h2>Output:</h2>
*** Using Compiler 'V5.06 update 7 (build 960)', folder: 'D:\1.sofeware\keil5\ARM\ARMCC\Bin'
Rebuild target 'USART'
assembling startup_stm32f407xx.s...
compiling main.c...
..\..\User\main.c(20): warning:  #177-D: variable "t"  was declared but never referenced
  		float t = 0;
..\..\User\main.c(21): warning:  #177-D: variable "retval"  was declared but never referenced
  		status_t retval;
..\..\User\main.c: 2 warnings, 0 errors
compiling delay.c...
compiling dma.c...
compiling gtim.c...
compiling atim.c...
compiling led.c...
compiling Axis_transform.c...
compiling adc.c...
compiling sys.c...
compiling as5600.c...
..\..\Drivers\SYSTEM\AS5600\as5600.c(324): warning:  #68-D: integer conversion resulted in a change of sign
      uint8_t retVal = -1;
..\..\Drivers\SYSTEM\AS5600\as5600.c(340): warning:  #68-D: integer conversion resulted in a change of sign
      uint16_t retVal = -1;
..\..\Drivers\SYSTEM\AS5600\as5600.c(599): warning:  #68-D: integer conversion resulted in a change of sign
                  retVal = -3;
..\..\Drivers\SYSTEM\AS5600\as5600.c(604): warning:  #68-D: integer conversion resulted in a change of sign
              retVal = -2;
..\..\Drivers\SYSTEM\AS5600\as5600.c(607): warning:  #68-D: integer conversion resulted in a change of sign
          retVal = -1;
..\..\Drivers\SYSTEM\AS5600\as5600.c(627): warning:  #68-D: integer conversion resulted in a change of sign
              retVal = -2;
..\..\Drivers\SYSTEM\AS5600\as5600.c(632): warning:  #68-D: integer conversion resulted in a change of sign
          retVal = -1;
..\..\Drivers\SYSTEM\AS5600\as5600.c: 7 warnings, 0 errors
compiling usart.c...
compiling PI_Cale.c...
compiling IQ_math.c...
compiling Svpwm_dq.c...
compiling motor.c...
..\..\Drivers\SYSTEM\motor\motor.c(148): warning:  #1035-D: single-precision operand implicitly converted to double-precision
      if(ramp_voltage > target_voltage * 0.5) {
..\..\Drivers\SYSTEM\motor\motor.c(152): warning:  #1035-D: single-precision operand implicitly converted to double-precision
  					angle_step+=0.00001;
..\..\Drivers\SYSTEM\motor\motor.c: 2 warnings, 0 errors
compiling QDTFT_demo.c...
compiling lcd_drive.c...
compiling GUI.c...
linking...
Program Size: Code=18720 RO-data=888 RW-data=184 ZI-data=1936  
FromELF: creating hex file...
"..\..\Output\atk_f407.axf" - 0 Error(s), 11 Warning(s).

<h2>Software Packages used:</h2>

Package Vendor: Keil
                https://www.keil.com/pack/Keil.STM32F4xx_DFP.3.0.0.pack
                Keil.STM32F4xx_DFP.3.0.0
                STMicroelectronics STM32F4 Series Device Support

<h2>Collection of Component include folders:</h2>

<h2>Collection of Component Files used:</h2>
Build Time Elapsed:  00:00:02
</pre>
</body>
</html>
