Component: ARM Compiler 5.06 update 7 (build 960) Tool: armlink [4d3601]

==============================================================================

Section Cross References

    startup_stm32f407xx.o(STACK) refers (Special) to heapauxi.o(.text) for __use_two_region_memory
    startup_stm32f407xx.o(HEAP) refers (Special) to heapauxi.o(.text) for __use_two_region_memory
    startup_stm32f407xx.o(RESET) refers (Special) to heapauxi.o(.text) for __use_two_region_memory
    startup_stm32f407xx.o(RESET) refers to startup_stm32f407xx.o(STACK) for __initial_sp
    startup_stm32f407xx.o(RESET) refers to startup_stm32f407xx.o(.text) for Reset_Handler
    startup_stm32f407xx.o(RESET) refers to adc.o(i.ADC_IRQHandler) for ADC_IRQHandler
    startup_stm32f407xx.o(RESET) refers to atim.o(i.TIM1_UP_TIM10_IRQHandler) for TIM1_UP_TIM10_IRQHandler
    startup_stm32f407xx.o(RESET) refers to gtim.o(i.TIM3_IRQHandler) for TIM3_IRQHandler
    startup_stm32f407xx.o(RESET) refers to usart.o(i.USART1_IRQHandler) for USART1_IRQHandler
    startup_stm32f407xx.o(RESET) refers to atim.o(i.TIM8_UP_TIM13_IRQHandler) for TIM8_UP_TIM13_IRQHandler
    startup_stm32f407xx.o(RESET) refers to adc.o(i.DMA2_Stream4_IRQHandler) for DMA2_Stream4_IRQHandler
    startup_stm32f407xx.o(.text) refers (Special) to heapauxi.o(.text) for __use_two_region_memory
    startup_stm32f407xx.o(.text) refers to __main.o(!!!main) for __main
    startup_stm32f407xx.o(.text) refers to startup_stm32f407xx.o(HEAP) for Heap_Mem
    startup_stm32f407xx.o(.text) refers to startup_stm32f407xx.o(STACK) for Stack_Mem
    main.o(i.main) refers to _printf_percent.o(.ARM.Collect$$_printf_percent$$00000000) for _printf_percent
    main.o(i.main) refers to _printf_f.o(.ARM.Collect$$_printf_percent$$00000003) for _printf_f
    main.o(i.main) refers to printf1.o(x$fpl$printf1) for _printf_fp_dec
    main.o(i.main) refers to sys.o(i.sys_stm32_clock_init) for sys_stm32_clock_init
    main.o(i.main) refers to delay.o(i.delay_init) for delay_init
    main.o(i.main) refers to usart.o(i.usart_init) for usart_init
    main.o(i.main) refers to led.o(i.led_init) for led_init
    main.o(i.main) refers to as5600.o(i.iic_init) for iic_init
    main.o(i.main) refers to adc.o(i.adc_init) for adc_init
    main.o(i.main) refers to lcd_drive.o(i.Lcd_Init) for Lcd_Init
    main.o(i.main) refers to motor.o(i.motor_init) for motor_init
    main.o(i.main) refers to atim.o(i.atim_timx_cplm_pwm_init) for atim_timx_cplm_pwm_init
    main.o(i.main) refers to gtim.o(i.gtim_timx_int_init) for gtim_timx_int_init
    main.o(i.main) refers to as5600.o(i.Programe_Run) for Programe_Run
    main.o(i.main) refers to gtim.o(i.RunSystimer) for RunSystimer
    main.o(i.main) refers to f2d.o(x$fpl$f2d) for __aeabi_f2d
    main.o(i.main) refers to noretval__2printf.o(.text) for __2printf
    main.o(i.main) refers to gtim.o(i.CLEAR_flag) for CLEAR_flag
    main.o(i.main) refers to gtim.o(.bss) for TaskTimePare
    main.o(i.main) refers to motor.o(.data) for Uc
    led.o(i.led_init) refers to sys.o(i.sys_gpio_set) for sys_gpio_set
    led.o(i.led_init) refers to sys.o(i.sys_gpio_pin_set) for sys_gpio_pin_set
    delay.o(i.delay_init) refers to delay.o(.data) for g_fac_us
    delay.o(i.delay_ms) refers to delay.o(i.delay_us) for delay_us
    delay.o(i.delay_us) refers to delay.o(.data) for g_fac_us
    sys.o(i.sys_nvic_init) refers to sys.o(i.sys_nvic_priority_group_config) for sys_nvic_priority_group_config
    sys.o(i.sys_standby) refers to sys.o(i.sys_wfi_set) for sys_wfi_set
    sys.o(i.sys_stm32_clock_init) refers to sys.o(i.sys_clock_set) for sys_clock_set
    sys.o(i.sys_stm32_clock_init) refers to sys.o(i.sys_nvic_set_vector_table) for sys_nvic_set_vector_table
    usart.o(.rev16_text) refers (Special) to use_no_semi_2.o(.text) for __use_no_semihosting
    usart.o(.revsh_text) refers (Special) to use_no_semi_2.o(.text) for __use_no_semihosting
    usart.o(.rrx_text) refers (Special) to use_no_semi_2.o(.text) for __use_no_semihosting
    usart.o(i.USART1_IRQHandler) refers (Special) to use_no_semi_2.o(.text) for __use_no_semihosting
    usart.o(i.USART1_IRQHandler) refers to usart.o(.data) for g_usart_rx_sta
    usart.o(i.USART1_IRQHandler) refers to usart.o(.bss) for g_usart_rx_buf
    usart.o(i._sys_command_string) refers (Special) to use_no_semi_2.o(.text) for __use_no_semihosting
    usart.o(i._sys_exit) refers (Special) to use_no_semi_2.o(.text) for __use_no_semihosting
    usart.o(i._ttywrch) refers (Special) to use_no_semi_2.o(.text) for __use_no_semihosting
    usart.o(i.fputc) refers (Special) to use_no_semi_2.o(.text) for __use_no_semihosting
    usart.o(i.usart_init) refers (Special) to use_no_semi_2.o(.text) for __use_no_semihosting
    usart.o(i.usart_init) refers to sys.o(i.sys_gpio_set) for sys_gpio_set
    usart.o(i.usart_init) refers to sys.o(i.sys_gpio_af_set) for sys_gpio_af_set
    usart.o(i.usart_init) refers to sys.o(i.sys_nvic_init) for sys_nvic_init
[...]
    ..\\..\\Drivers\\SYSTEM\\TIMER\\atim.c   0x00000000   Number         0  atim.o ABSOLUTE
    ..\\..\\Drivers\\SYSTEM\\TIMER\\gtim.c   0x00000000   Number         0  gtim.o ABSOLUTE
    ..\\..\\Drivers\\SYSTEM\\adc\\adc.c      0x00000000   Number         0  adc.o ABSOLUTE
    ..\\..\\Drivers\\SYSTEM\\delay\\delay.c  0x00000000   Number         0  delay.o ABSOLUTE
    ..\\..\\Drivers\\SYSTEM\\dma\\dma.c      0x00000000   Number         0  dma.o ABSOLUTE
    ..\\..\\Drivers\\SYSTEM\\lcd\\GUI.c      0x00000000   Number         0  gui.o ABSOLUTE
    ..\\..\\Drivers\\SYSTEM\\lcd\\QDTFT_demo.c 0x00000000   Number         0  qdtft_demo.o ABSOLUTE
    ..\\..\\Drivers\\SYSTEM\\lcd\\lcd_drive.c 0x00000000   Number         0  lcd_drive.o ABSOLUTE
    ..\\..\\Drivers\\SYSTEM\\motor\\Axis_transform.c 0x00000000   Number         0  axis_transform.o ABSOLUTE
    ..\\..\\Drivers\\SYSTEM\\motor\\IQ_math.c 0x00000000   Number         0  iq_math.o ABSOLUTE
    ..\\..\\Drivers\\SYSTEM\\motor\\PI_Cale.c 0x00000000   Number         0  pi_cale.o ABSOLUTE
    ..\\..\\Drivers\\SYSTEM\\motor\\Svpwm_dq.c 0x00000000   Number         0  svpwm_dq.o ABSOLUTE
    ..\\..\\Drivers\\SYSTEM\\motor\\motor.c  0x00000000   Number         0  motor.o ABSOLUTE
    ..\\..\\Drivers\\SYSTEM\\sys\\sys.c      0x00000000   Number         0  sys.o ABSOLUTE
    ..\\..\\Drivers\\SYSTEM\\usart\\usart.c  0x00000000   Number         0  usart.o ABSOLUTE
    ..\\..\\User\\main.c                     0x00000000   Number         0  main.o ABSOLUTE
    dc.s                                     0x00000000   Number         0  dc.o ABSOLUTE
    RESET                                    0x08000000   Section      392  startup_stm32f407xx.o(RESET)
    !!!main                                  0x08000188   Section        8  __main.o(!!!main)
    !!!scatter                               0x08000190   Section       52  __scatter.o(!!!scatter)
    !!handler_copy                           0x080001c4   Section       26  __scatter_copy.o(!!handler_copy)
    !!handler_zi                             0x080001e0   Section       28  __scatter_zi.o(!!handler_zi)
    .ARM.Collect$$_printf_percent$$00000000  0x080001fc   Section        0  _printf_percent.o(.ARM.Collect$$_printf_percent$$00000000)
    .ARM.Collect$$_printf_percent$$00000003  0x080001fc   Section        6  _printf_f.o(.ARM.Collect$$_printf_percent$$00000003)
    .ARM.Collect$$_printf_percent$$00000017  0x08000202   Section        4  _printf_percent_end.o(.ARM.Collect$$_printf_percent$$00000017)
    .ARM.Collect$$libinit$$00000000          0x08000206   Section        2  libinit.o(.ARM.Collect$$libinit$$00000000)
    .ARM.Collect$$libinit$$00000001          0x08000208   Section        4  libinit2.o(.ARM.Collect$$libinit$$00000001)
    .ARM.Collect$$libinit$$00000004          0x0800020c   Section        0  libinit2.o(.ARM.Collect$$libinit$$00000004)
    .ARM.Collect$$libinit$$0000000A          0x0800020c   Section        0  libinit2.o(.ARM.Collect$$libinit$$0000000A)
    .ARM.Collect$$libinit$$0000000C          0x0800020c   Section        0  libinit2.o(.ARM.Collect$$libinit$$0000000C)
    .ARM.Collect$$libinit$$0000000E          0x0800020c   Section        0  libinit2.o(.ARM.Collect$$libinit$$0000000E)
    .ARM.Collect$$libinit$$0000000F          0x0800020c   Section        6  libinit2.o(.ARM.Collect$$libinit$$0000000F)
    .ARM.Collect$$libinit$$00000011          0x08000212   Section        0  libinit2.o(.ARM.Collect$$libinit$$00000011)
    .ARM.Collect$$libinit$$00000013          0x08000212   Section        0  libinit2.o(.ARM.Collect$$libinit$$00000013)
    .ARM.Collect$$libinit$$00000015          0x08000212   Section        0  libinit2.o(.ARM.Collect$$libinit$$00000015)
    .ARM.Collect$$libinit$$00000016          0x08000212   Section       10  libinit2.o(.ARM.Collect$$libinit$$00000016)
    .ARM.Collect$$libinit$$00000017          0x0800021c   Section        0  libinit2.o(.ARM.Collect$$libinit$$00000017)
    .ARM.Collect$$libinit$$00000019          0x0800021c   Section        0  libinit2.o(.ARM.Collect$$libinit$$00000019)
    .ARM.Collect$$libinit$$0000001B          0x0800021c   Section        0  libinit2.o(.ARM.Collect$$libinit$$0000001B)
    .ARM.Collect$$libinit$$0000001D          0x0800021c   Section        0  libinit2.o(.ARM.Collect$$libinit$$0000001D)
    .ARM.Collect$$libinit$$0000001F          0x0800021c   Section        0  libinit2.o(.ARM.Collect$$libinit$$0000001F)
    .ARM.Collect$$libinit$$00000021          0x0800021c   Section        0  libinit2.o(.ARM.Collect$$libinit$$00000021)
    .ARM.Collect$$libinit$$00000023          0x0800021c   Section        0  libinit2.o(.ARM.Collect$$libinit$$00000023)
    .ARM.Collect$$libinit$$00000025          0x0800021c   Section        0  libinit2.o(.ARM.Collect$$libinit$$00000025)
    .ARM.Collect$$libinit$$0000002C          0x0800021c   Section        0  libinit2.o(.ARM.Collect$$libinit$$0000002C)
    .ARM.Collect$$libinit$$0000002E          0x0800021c   Section        0  libinit2.o(.ARM.Collect$$libinit$$0000002E)
    .ARM.Collect$$libinit$$00000030          0x0800021c   Section        0  libinit2.o(.ARM.Collect$$libinit$$00000030)
    .ARM.Collect$$libinit$$00000032          0x0800021c   Section        0  libinit2.o(.ARM.Collect$$libinit$$00000032)
    .ARM.Collect$$libinit$$00000033          0x0800021c   Section        2  libinit2.o(.ARM.Collect$$libinit$$00000033)
    .ARM.Collect$$libshutdown$$00000000      0x0800021e   Section        2  libshutdown.o(.ARM.Collect$$libshutdown$$00000000)
    .ARM.Collect$$libshutdown$$00000002      0x08000220   Section        0  libshutdown2.o(.ARM.Collect$$libshutdown$$00000002)
    .ARM.Collect$$libshutdown$$00000004      0x08000220   Section        0  libshutdown2.o(.ARM.Collect$$libshutdown$$00000004)
    .ARM.Collect$$libshutdown$$00000006      0x08000220   Section        0  libshutdown2.o(.ARM.Collect$$libshutdown$$00000006)
    .ARM.Collect$$libshutdown$$00000009      0x08000220   Section        0  libshutdown2.o(.ARM.Collect$$libshutdown$$00000009)
    .ARM.Collect$$libshutdown$$0000000C      0x08000220   Section        0  libshutdown2.o(.ARM.Collect$$libshutdown$$0000000C)
    .ARM.Collect$$libshutdown$$0000000E      0x08000220   Section        0  libshutdown2.o(.ARM.Collect$$libshutdown$$0000000E)
    .ARM.Collect$$libshutdown$$00000011      0x08000220   Section        0  libshutdown2.o(.ARM.Collect$$libshutdown$$00000011)
    .ARM.Collect$$libshutdown$$00000012      0x08000220   Section        2  libshutdown2.o(.ARM.Collect$$libshutdown$$00000012)
    .ARM.Collect$$rtentry$$00000000          0x08000222   Section        0  __rtentry.o(.ARM.Collect$$rtentry$$00000000)
    .ARM.Collect$$rtentry$$00000002          0x08000222   Section        0  __rtentry2.o(.ARM.Collect$$rtentry$$00000002)
    .ARM.Collect$$rtentry$$00000004          0x08000222   Section        6  __rtentry4.o(.ARM.Collect$$rtentry$$00000004)
    .ARM.Collect$$rtentry$$00000009          0x08000228   Section        0  __rtentry2.o(.ARM.Collect$$rtentry$$00000009)
    .ARM.Collect$$rtentry$$0000000A          0x08000228   Section        4  __rtentry2.o(.ARM.Collect$$rtentry$$0000000A)
    .ARM.Collect$$rtentry$$0000000C          0x0800022c   Section        0  __rtentry2.o(.ARM.Collect$$rtentry$$0000000C)
    .ARM.Collect$$rtentry$$0000000D          0x0800022c   Section        8  __rtentry2.o(.ARM.Collect$$rtentry$$0000000D)
    .ARM.Collect$$rtexit$$00000000           0x08000234   Section        2  rtexit.o(.ARM.Collect$$rtexit$$00000000)
    .ARM.Collect$$rtexit$$00000002           0x08000236   Section        0  rtexit2.o(.ARM.Collect$$rtexit$$00000002)
    .ARM.Collect$$rtexit$$00000003           0x08000236   Section        4  rtexit2.o(.ARM.Collect$$rtexit$$00000003)
    .ARM.Collect$$rtexit$$00000004           0x0800023a   Section        6  rtexit2.o(.ARM.Collect$$rtexit$$00000004)
    .text                                    0x08000240   Section       68  startup_stm32f407xx.o(.text)
    $v0                                      0x08000240   Number         0  startup_stm32f407xx.o(.text)
    .text                                    0x08000284   Section        2  use_no_semi_2.o(.text)
    .text                                    0x08000288   Section        0  noretval__2printf.o(.text)
    .text                                    0x080002a0   Section        0  __printf.o(.text)
    .text                                    0x08000308   Section        0  heapauxi.o(.text)
    .text                                    0x0800030e   Section        2  use_no_semi.o(.text)
    .text                                    0x08000310   Section        0  _rserrno.o(.text)
    .text                                    0x08000326   Section        0  _printf_fp_dec.o(.text)
    _fp_digits                               0x08000329   Thumb Code   432  _printf_fp_dec.o(.text)
    .text                                    0x08000744   Section        0  _printf_char_file.o(.text)
    .text                                    0x08000768   Section        8  rt_locale_intlibspace.o(.text)
    .text                                    0x08000770   Section        8  rt_errno_addr_intlibspace.o(.text)
    .text                                    0x08000778   Section      138  lludiv10.o(.text)
    .text                                    0x08000804   Section        0  _printf_char_common.o(.text)
    _printf_input_char                       0x08000805   Thumb Code    10  _printf_char_common.o(.text)
    .text                                    0x08000834   Section        0  _printf_fp_infnan.o(.text)
    .text                                    0x080008b4   Section        0  bigflt0.o(.text)
    .text                                    0x08000998   Section        0  ferror.o(.text)
    .text                                    0x080009a0   Section        8  libspace.o(.text)
    .text                                    0x080009a8   Section       74  sys_stackheap_outer.o(.text)
    .text                                    0x080009f2   Section        0  exit.o(.text)
    .text                                    0x08000a04   Section      128  strcmpv7m.o(.text)
    CL$$btod_d2e                             0x08000a84   Section       62  btod.o(CL$$btod_d2e)
    CL$$btod_d2e_denorm_low                  0x08000ac2   Section       70  btod.o(CL$$btod_d2e_denorm_low)
    CL$$btod_d2e_norm_op1                    0x08000b08   Section       96  btod.o(CL$$btod_d2e_norm_op1)
    CL$$btod_div_common                      0x08000b68   Section      824  btod.o(CL$$btod_div_common)
    CL$$btod_e2e                             0x08000ea0   Section      220  btod.o(CL$$btod_e2e)
    CL$$btod_ediv                            0x08000f7c   Section       42  btod.o(CL$$btod_ediv)
    CL$$btod_emul                            0x08000fa6   Section       42  btod.o(CL$$btod_emul)
    CL$$btod_mult_common                     0x08000fd0   Section      580  btod.o(CL$$btod_mult_common)
    i.ADC_IRQHandler                         0x08001214   Section        0  adc.o(i.ADC_IRQHandler)
    i.CLEAR_flag                             0x0800122c   Section        0  gtim.o(i.CLEAR_flag)
    i.DMA2_Stream4_IRQHandler                0x08001244   Section        0  adc.o(i.DMA2_Stream4_IRQHandler)
    i.LCD_GPIO_Init                          0x08001274   Section        0  lcd_drive.o(i.LCD_GPIO_Init)
    i.Lcd_Init                               0x080012a4   Section        0  lcd_drive.o(i.Lcd_Init)
    i.Lcd_Reset                              0x080014c8   Section        0  lcd_drive.o(i.Lcd_Reset)
    i.Lcd_WriteData                          0x080014f0   Section        0  lcd_drive.o(i.Lcd_WriteData)
    i.Lcd_WriteIndex                         0x08001520   Section        0  lcd_drive.o(i.Lcd_WriteIndex)
    i.Offset_CurrentReading                  0x08001550   Section        0  motor.o(i.Offset_CurrentReading)
    i.Programe_Run                           0x080015d0   Section        0  as5600.o(i.Programe_Run)
    i.RunSystimer                            0x080015f4   Section        0  gtim.o(i.RunSystimer)
    i.SPI_WriteData                          0x080016c4   Section        0  lcd_drive.o(i.SPI_WriteData)
    i.Sim_I2C1_Delay                         0x08001710   Section        0  as5600.o(i.Sim_I2C1_Delay)
    i.Sim_I2C1_ReceiveByte                   0x0800171c   Section        0  as5600.o(i.Sim_I2C1_ReceiveByte)
    i.Sim_I2C1_ReceiveByte_WithACK           0x0800178c   Section        0  as5600.o(i.Sim_I2C1_ReceiveByte_WithACK)
    i.Sim_I2C1_START                         0x080017fc   Section        0  as5600.o(i.Sim_I2C1_START)
    i.Sim_I2C1_STOP                          0x08001870   Section        0  as5600.o(i.Sim_I2C1_STOP)
    i.Sim_I2C1_SendACK                       0x080018d4   Section        0  as5600.o(i.Sim_I2C1_SendACK)
    i.Sim_I2C1_SendByte                      0x08001940   Section        0  as5600.o(i.Sim_I2C1_SendByte)
    i.Sim_I2C1_SendNACK                      0x080019e4   Section        0  as5600.o(i.Sim_I2C1_SendNACK)
    i.Sim_I2C1_Wait_Ack                      0x08001a50   Section        0  as5600.o(i.Sim_I2C1_Wait_Ack)
    i.Sim_I2C_Read8                          0x08001ad8   Section        0  as5600.o(i.Sim_I2C_Read8)
    i.TIM1_UP_TIM10_IRQHandler               0x08001b3c   Section        0  atim.o(i.TIM1_UP_TIM10_IRQHandler)
    i.TIM3_IRQHandler                        0x08001b58   Section        0  gtim.o(i.TIM3_IRQHandler)
    i.TIM8_UP_TIM13_IRQHandler               0x08001b8c   Section        0  atim.o(i.TIM8_UP_TIM13_IRQHandler)
    i.USART1_IRQHandler                      0x08001ba8   Section        0  usart.o(i.USART1_IRQHandler)
    i.__ARM_fpclassify                       0x08001c28   Section        0  fpclassify.o(i.__ARM_fpclassify)
    i.__hardfp_cos                           0x08001c58   Section        0  cos.o(i.__hardfp_cos)
    i.__hardfp_fmod                          0x08001d20   Section        0  fmod.o(i.__hardfp_fmod)
    i.__hardfp_sin                           0x08001e28   Section        0  sin.o(i.__hardfp_sin)
    i.__hardfp_sqrt                          0x08001ef0   Section        0  sqrt.o(i.__hardfp_sqrt)
    i.__ieee754_rem_pio2                     0x08001f70   Section        0  rred.o(i.__ieee754_rem_pio2)
    i.__kernel_cos                           0x080023a8   Section        0  cos_i.o(i.__kernel_cos)
    i.__kernel_poly                          0x08002518   Section        0  poly.o(i.__kernel_poly)
    i.__kernel_sin                           0x08002610   Section        0  sin_i.o(i.__kernel_sin)
    i.__mathlib_dbl_infnan                   0x08002740   Section        0  dunder.o(i.__mathlib_dbl_infnan)
    i.__mathlib_dbl_invalid                  0x08002758   Section        0  dunder.o(i.__mathlib_dbl_invalid)
    i.__mathlib_dbl_underflow                0x08002778   Section        0  dunder.o(i.__mathlib_dbl_underflow)
    i._electricalAngle                       0x08002798   Section        0  motor.o(i._electricalAngle)
    i._normalizeAngle                        0x080027ac   Section        0  motor.o(i._normalizeAngle)
    i._sys_exit                              0x0800282c   Section        0  usart.o(i._sys_exit)
    i.adc_dma_enable                         0x08002830   Section        0  adc.o(i.adc_dma_enable)
    i.adc_init                               0x08002868   Section        0  adc.o(i.adc_init)
    i.atim_timx_cplm_pwm_init                0x0800294c   Section        0  atim.o(i.atim_timx_cplm_pwm_init)
    i.atim_timx_cplm_pwm_set                 0x08002c54   Section        0  atim.o(i.atim_timx_cplm_pwm_set)
    i.convertRawAngleToDegrees               0x08002ca4   Section        0  as5600.o(i.convertRawAngleToDegrees)
    i.delay_init                             0x08002ce0   Section        0  delay.o(i.delay_init)
    i.delay_ms                               0x08002d0c   Section        0  delay.o(i.delay_ms)
    i.delay_us                               0x08002d20   Section        0  delay.o(i.delay_us)
    i.dma_enable                             0x08002d68   Section        0  dma.o(i.dma_enable)
    i.fabs                                   0x08002d88   Section        0  fabs.o(i.fabs)
    i.fputc                                  0x08002da0   Section        0  usart.o(i.fputc)
    i.getRawAngle                            0x08002dbc   Section        0  as5600.o(i.getRawAngle)
    i.gtim_timx_int_init                     0x08002dcc   Section        0  gtim.o(i.gtim_timx_int_init)
    i.iic_init                               0x08002e20   Section        0  as5600.o(i.iic_init)
    i.led_init                               0x08002e74   Section        0  led.o(i.led_init)
    i.main                                   0x08002ed8   Section        0  main.o(i.main)
    i.motor_foc_algorithm_main               0x08002fac   Section        0  motor.o(i.motor_foc_algorithm_main)
    i.motor_init                             0x080030d8   Section        0  motor.o(i.motor_init)
    i.readOneByte                            0x080030e0   Section        0  as5600.o(i.readOneByte)
    i.readTwoBytes                           0x08003102   Section        0  as5600.o(i.readTwoBytes)
    i.setPhaseVoltage                        0x08003130   Section        0  motor.o(i.setPhaseVoltage)
    i.setPwm                                 0x08003358   Section        0  motor.o(i.setPwm)
    i.sys_clock_set                          0x080034c0   Section        0  sys.o(i.sys_clock_set)
    i.sys_gpio_af_set                        0x0800364c   Section        0  sys.o(i.sys_gpio_af_set)
    i.sys_gpio_pin_set                       0x080036b4   Section        0  sys.o(i.sys_gpio_pin_set)
    i.sys_gpio_set                           0x080036cc   Section        0  sys.o(i.sys_gpio_set)
    i.sys_nvic_init                          0x080037ac   Section        0  sys.o(i.sys_nvic_init)
    i.sys_nvic_priority_group_config         0x08003824   Section        0  sys.o(i.sys_nvic_priority_group_config)
    sys_nvic_priority_group_config           0x08003825   Thumb Code    32  sys.o(i.sys_nvic_priority_group_config)
    i.sys_nvic_set_vector_table              0x0800384c   Section        0  sys.o(i.sys_nvic_set_vector_table)
    i.sys_stm32_clock_init                   0x0800385c   Section        0  sys.o(i.sys_stm32_clock_init)
    i.usart_init                             0x0800389c   Section        0  usart.o(i.usart_init)
    locale$$code                             0x0800397c   Section       44  lc_numeric_c.o(locale$$code)
    x$fpl$basic                              0x080039a8   Section       24  basic.o(x$fpl$basic)
    $v0                                      0x080039a8   Number         0  basic.o(x$fpl$basic)
    x$fpl$d2f                                0x080039c0   Section       98  d2f.o(x$fpl$d2f)
    $v0                                      0x080039c0   Number         0  d2f.o(x$fpl$d2f)
    x$fpl$dadd                               0x08003a24   Section      336  daddsub_clz.o(x$fpl$dadd)
    $v0                                      0x08003a24   Number         0  daddsub_clz.o(x$fpl$dadd)
    _dadd1                                   0x08003a35   Thumb Code     0  daddsub_clz.o(x$fpl$dadd)
    x$fpl$dcmpinf                            0x08003b74   Section       24  dcmpi.o(x$fpl$dcmpinf)
    $v0                                      0x08003b74   Number         0  dcmpi.o(x$fpl$dcmpinf)
    x$fpl$ddiv                               0x08003b8c   Section      688  ddiv.o(x$fpl$ddiv)
    $v0                                      0x08003b8c   Number         0  ddiv.o(x$fpl$ddiv)
    ddiv_entry                               0x08003b93   Thumb Code     0  ddiv.o(x$fpl$ddiv)
    x$fpl$dfix                               0x08003e3c   Section       94  dfix.o(x$fpl$dfix)
    $v0                                      0x08003e3c   Number         0  dfix.o(x$fpl$dfix)
    x$fpl$dflt                               0x08003e9a   Section       46  dflt_clz.o(x$fpl$dflt)
    $v0                                      0x08003e9a   Number         0  dflt_clz.o(x$fpl$dflt)
    x$fpl$dfltu                              0x08003ec8   Section       38  dflt_clz.o(x$fpl$dfltu)
    $v0                                      0x08003ec8   Number         0  dflt_clz.o(x$fpl$dfltu)
    x$fpl$dleqf                              0x08003ef0   Section      120  dleqf.o(x$fpl$dleqf)
    $v0                                      0x08003ef0   Number         0  dleqf.o(x$fpl$dleqf)
    x$fpl$dmul                               0x08003f68   Section      340  dmul.o(x$fpl$dmul)
    $v0                                      0x08003f68   Number         0  dmul.o(x$fpl$dmul)
    x$fpl$dnaninf                            0x080040bc   Section      156  dnaninf.o(x$fpl$dnaninf)
    $v0                                      0x080040bc   Number         0  dnaninf.o(x$fpl$dnaninf)
    x$fpl$drem                               0x08004158   Section      336  drem_clz.o(x$fpl$drem)
    $v0                                      0x08004158   Number         0  drem_clz.o(x$fpl$drem)
    x$fpl$dretinf                            0x080042a8   Section       12  dretinf.o(x$fpl$dretinf)
    $v0                                      0x080042a8   Number         0  dretinf.o(x$fpl$dretinf)
    x$fpl$drleqf                             0x080042b4   Section      108  drleqf.o(x$fpl$drleqf)
    $v0                                      0x080042b4   Number         0  drleqf.o(x$fpl$drleqf)
    x$fpl$drsb                               0x08004320   Section       22  daddsub_clz.o(x$fpl$drsb)
    $v0                                      0x08004320   Number         0  daddsub_clz.o(x$fpl$drsb)
    x$fpl$dsqrt                              0x08004338   Section      408  dsqrt_umaal.o(x$fpl$dsqrt)
    $v0                                      0x08004338   Number         0  dsqrt_umaal.o(x$fpl$dsqrt)
    x$fpl$dsub                               0x080044d0   Section      468  daddsub_clz.o(x$fpl$dsub)
    $v0                                      0x080044d0   Number         0  daddsub_clz.o(x$fpl$dsub)
    _dsub1                                   0x080044e1   Thumb Code     0  daddsub_clz.o(x$fpl$dsub)
    x$fpl$f2d                                0x080046a4   Section       86  f2d.o(x$fpl$f2d)
    $v0                                      0x080046a4   Number         0  f2d.o(x$fpl$f2d)
    x$fpl$fnaninf                            0x080046fa   Section      140  fnaninf.o(x$fpl$fnaninf)
    $v0                                      0x080046fa   Number         0  fnaninf.o(x$fpl$fnaninf)
    x$fpl$fpinit                             0x08004786   Section       10  fpinit.o(x$fpl$fpinit)
    $v0                                      0x08004786   Number         0  fpinit.o(x$fpl$fpinit)
    x$fpl$fretinf                            0x08004790   Section       10  fretinf.o(x$fpl$fretinf)
    $v0                                      0x08004790   Number         0  fretinf.o(x$fpl$fretinf)
    x$fpl$printf1                            0x0800479a   Section        4  printf1.o(x$fpl$printf1)
    $v0                                      0x0800479a   Number         0  printf1.o(x$fpl$printf1)
    x$fpl$usenofp                            0x0800479e   Section        0  usenofp.o(x$fpl$usenofp)
    .constdata                               0x080047a0   Section       48  cos_i.o(.constdata)
    C                                        0x080047a0   Data          48  cos_i.o(.constdata)
    .constdata                               0x080047d0   Section      200  rred.o(.constdata)
    pio2s                                    0x080047d0   Data          48  rred.o(.constdata)
    twooverpi                                0x08004800   Data         152  rred.o(.constdata)
    .constdata                               0x08004898   Section       40  sin_i.o(.constdata)
    S                                        0x08004898   Data          40  sin_i.o(.constdata)
    .constdata                               0x080048c0   Section      148  bigflt0.o(.constdata)
    tenpwrs_x                                0x080048c0   Data          60  bigflt0.o(.constdata)
    tenpwrs_i                                0x080048fc   Data          64  bigflt0.o(.constdata)
    locale$$data                             0x08004974   Section       28  lc_numeric_c.o(locale$$data)
    __lcnum_c_name                           0x08004978   Data           2  lc_numeric_c.o(locale$$data)
    __lcnum_c_start                          0x08004980   Data           0  lc_numeric_c.o(locale$$data)
    __lcnum_c_point                          0x0800498c   Data           0  lc_numeric_c.o(locale$$data)
    __lcnum_c_thousands                      0x0800498e   Data           0  lc_numeric_c.o(locale$$data)
    __lcnum_c_grouping                       0x0800498f   Data           0  lc_numeric_c.o(locale$$data)
    __lcnum_c_end                            0x08004990   Data           0  lc_numeric_c.o(locale$$data)
    .data                                    0x20000000   Section        4  delay.o(.data)
    g_fac_us                                 0x20000000   Data           4  delay.o(.data)
    .data                                    0x20000004   Section        6  usart.o(.data)
    .data                                    0x2000000c   Section       20  as5600.o(.data)
    .data                                    0x20000020   Section        1  adc.o(.data)
    .data                                    0x20000024   Section      144  motor.o(.data)
    .bss                                     0x200000b4   Section      200  usart.o(.bss)
    .bss                                     0x2000017c   Section       15  gtim.o(.bss)
    .bss                                     0x2000018c   Section      600  adc.o(.bss)
    .bss                                     0x200003e4   Section       96  libspace.o(.bss)
    HEAP                                     0x20000448   Section        0  startup_stm32f407xx.o(HEAP)
    STACK                                    0x20000448   Section     1024  startup_stm32f407xx.o(STACK)
    Heap_Mem                                 0x20000448   Data           0  startup_stm32f407xx.o(HEAP)
    Stack_Mem                                0x20000448   Data        1024  startup_stm32f407xx.o(STACK)
    __initial_sp                             0x20000848   Data           0  startup_stm32f407xx.o(STACK)

    Global Symbols

    Symbol Name                              Value     Ov Type        Size  Object(Section)

    BuildAttributes$$THM_ISAv4$E$P$D$K$B$S$7EM$VFPi3$EXTD16$VFPS$VFMA$PE$A:L22UL41UL21$X:L11$S22US41US21$IEEE1$IW$USESV6$~STKCKD$USESV7$~SHL$OTIME$ROPI$IEEEX$EBA8$UX$STANDARDLIB$REQ8$PRES8$EABIv2 0x00000000   Number         0  anon$$obj.o ABSOLUTE
    __ARM_use_no_argv                        0x00000000   Number         0  main.o ABSOLUTE
    __ARM_exceptions_init                     - Undefined Weak Reference
    __alloca_initialize                       - Undefined Weak Reference
    __arm_fini_                               - Undefined Weak Reference
    __arm_preinit_                            - Undefined Weak Reference
    __cpp_initialize__aeabi_                  - Undefined Weak Reference
    __cxa_finalize                            - Undefined Weak Reference
    __sigvec_lookup                           - Undefined Weak Reference
    _atexit_init                              - Undefined Weak Reference
    _call_atexit_fns                          - Undefined Weak Reference
    _clock_init                               - Undefined Weak Reference
    _fp_trap_init                             - Undefined Weak Reference
    _fp_trap_shutdown                         - Undefined Weak Reference
    _get_lc_collate                           - Undefined Weak Reference
    _get_lc_ctype                             - Undefined Weak Reference
    _get_lc_monetary                          - Undefined Weak Reference
    _get_lc_time                              - Undefined Weak Reference
    _getenv_init                              - Undefined Weak Reference
    _handle_redirection                       - Undefined Weak Reference
    _init_alloc                               - Undefined Weak Reference
    _init_user_alloc                          - Undefined Weak Reference
    _initio                                   - Undefined Weak Reference
    _mutex_acquire                            - Undefined Weak Reference
    _mutex_release                            - Undefined Weak Reference
    _printf_post_padding                      - Undefined Weak Reference
    _printf_pre_padding                       - Undefined Weak Reference
    _printf_truncate_signed                   - Undefined Weak Reference
    _printf_truncate_unsigned                 - Undefined Weak Reference
    _rand_init                                - Undefined Weak Reference
    _signal_finish                            - Undefined Weak Reference
    _signal_init                              - Undefined Weak Reference
    _terminate_alloc                          - Undefined Weak Reference
    _terminate_user_alloc                     - Undefined Weak Reference
    _terminateio                              - Undefined Weak Reference
    __Vectors_Size                           0x00000188   Number         0  startup_stm32f407xx.o ABSOLUTE
    __Vectors                                0x08000000   Data           4  startup_stm32f407xx.o(RESET)
    __Vectors_End                            0x08000188   Data           0  startup_stm32f407xx.o(RESET)
    __main                                   0x08000189   Thumb Code     8  __main.o(!!!main)
    __scatterload                            0x08000191   Thumb Code     0  __scatter.o(!!!scatter)
    __scatterload_rt2                        0x08000191   Thumb Code    44  __scatter.o(!!!scatter)
    __scatterload_rt2_thumb_only             0x08000191   Thumb Code     0  __scatter.o(!!!scatter)
    __scatterload_null                       0x0800019f   Thumb Code     0  __scatter.o(!!!scatter)
    __scatterload_copy                       0x080001c5   Thumb Code    26  __scatter_copy.o(!!handler_copy)
    __scatterload_zeroinit                   0x080001e1   Thumb Code    28  __scatter_zi.o(!!handler_zi)
    _printf_f                                0x080001fd   Thumb Code     0  _printf_f.o(.ARM.Collect$$_printf_percent$$00000003)
    _printf_percent                          0x080001fd   Thumb Code     0  _printf_percent.o(.ARM.Collect$$_printf_percent$$00000000)
    _printf_percent_end                      0x08000203   Thumb Code     0  _printf_percent_end.o(.ARM.Collect$$_printf_percent$$00000017)
    __rt_lib_init                            0x08000207   Thumb Code     0  libinit.o(.ARM.Collect$$libinit$$00000000)
    __rt_lib_init_fp_1                       0x08000209   Thumb Code     0  libinit2.o(.ARM.Collect$$libinit$$00000001)
    __rt_lib_init_heap_1                     0x0800020d   Thumb Code     0  libinit2.o(.ARM.Collect$$libinit$$0000000A)
    __rt_lib_init_lc_common                  0x0800020d   Thumb Code     0  libinit2.o(.ARM.Collect$$libinit$$0000000F)
    __rt_lib_init_preinit_1                  0x0800020d   Thumb Code     0  libinit2.o(.ARM.Collect$$libinit$$00000004)
    __rt_lib_init_rand_1                     0x0800020d   Thumb Code     0  libinit2.o(.ARM.Collect$$libinit$$0000000E)
    __rt_lib_init_user_alloc_1               0x0800020d   Thumb Code     0  libinit2.o(.ARM.Collect$$libinit$$0000000C)
    __rt_lib_init_lc_collate_1               0x08000213   Thumb Code     0  libinit2.o(.ARM.Collect$$libinit$$00000011)
    __rt_lib_init_lc_ctype_1                 0x08000213   Thumb Code     0  libinit2.o(.ARM.Collect$$libinit$$00000013)
    __rt_lib_init_lc_monetary_1              0x08000213   Thumb Code     0  libinit2.o(.ARM.Collect$$libinit$$00000015)
    __rt_lib_init_lc_numeric_2               0x08000213   Thumb Code     0  libinit2.o(.ARM.Collect$$libinit$$00000016)
    __rt_lib_init_alloca_1                   0x0800021d   Thumb Code     0  libinit2.o(.ARM.Collect$$libinit$$0000002E)
    __rt_lib_init_argv_1                     0x0800021d   Thumb Code     0  libinit2.o(.ARM.Collect$$libinit$$0000002C)
    __rt_lib_init_atexit_1                   0x0800021d   Thumb Code     0  libinit2.o(.ARM.Collect$$libinit$$0000001B)
    __rt_lib_init_clock_1                    0x0800021d   Thumb Code     0  libinit2.o(.ARM.Collect$$libinit$$00000021)
    __rt_lib_init_cpp_1                      0x0800021d   Thumb Code     0  libinit2.o(.ARM.Collect$$libinit$$00000032)
    __rt_lib_init_exceptions_1               0x0800021d   Thumb Code     0  libinit2.o(.ARM.Collect$$libinit$$00000030)
    __rt_lib_init_fp_trap_1                  0x0800021d   Thumb Code     0  libinit2.o(.ARM.Collect$$libinit$$0000001F)
    __rt_lib_init_getenv_1                   0x0800021d   Thumb Code     0  libinit2.o(.ARM.Collect$$libinit$$00000023)
    __rt_lib_init_lc_numeric_1               0x0800021d   Thumb Code     0  libinit2.o(.ARM.Collect$$libinit$$00000017)
    __rt_lib_init_lc_time_1                  0x0800021d   Thumb Code     0  libinit2.o(.ARM.Collect$$libinit$$00000019)
    __rt_lib_init_return                     0x0800021d   Thumb Code     0  libinit2.o(.ARM.Collect$$libinit$$00000033)
    __rt_lib_init_signal_1                   0x0800021d   Thumb Code     0  libinit2.o(.ARM.Collect$$libinit$$0000001D)
    __rt_lib_init_stdio_1                    0x0800021d   Thumb Code     0  libinit2.o(.ARM.Collect$$libinit$$00000025)
    __rt_lib_shutdown                        0x0800021f   Thumb Code     0  libshutdown.o(.ARM.Collect$$libshutdown$$00000000)
    __rt_lib_shutdown_cpp_1                  0x08000221   Thumb Code     0  libshutdown2.o(.ARM.Collect$$libshutdown$$00000004)
    __rt_lib_shutdown_fini_1                 0x08000221   Thumb Code     0  libshutdown2.o(.ARM.Collect$$libshutdown$$00000002)
    __rt_lib_shutdown_fp_trap_1              0x08000221   Thumb Code     0  libshutdown2.o(.ARM.Collect$$libshutdown$$00000009)
    __rt_lib_shutdown_heap_1                 0x08000221   Thumb Code     0  libshutdown2.o(.ARM.Collect$$libshutdown$$00000011)
    __rt_lib_shutdown_return                 0x08000221   Thumb Code     0  libshutdown2.o(.ARM.Collect$$libshutdown$$00000012)
    __rt_lib_shutdown_signal_1               0x08000221   Thumb Code     0  libshutdown2.o(.ARM.Collect$$libshutdown$$0000000C)
    __rt_lib_shutdown_stdio_1                0x08000221   Thumb Code     0  libshutdown2.o(.ARM.Collect$$libshutdown$$00000006)
    __rt_lib_shutdown_user_alloc_1           0x08000221   Thumb Code     0  libshutdown2.o(.ARM.Collect$$libshutdown$$0000000E)
    __rt_entry                               0x08000223   Thumb Code     0  __rtentry.o(.ARM.Collect$$rtentry$$00000000)
    __rt_entry_presh_1                       0x08000223   Thumb Code     0  __rtentry2.o(.ARM.Collect$$rtentry$$00000002)
    __rt_entry_sh                            0x08000223   Thumb Code     0  __rtentry4.o(.ARM.Collect$$rtentry$$00000004)
    __rt_entry_li                            0x08000229   Thumb Code     0  __rtentry2.o(.ARM.Collect$$rtentry$$0000000A)
    __rt_entry_postsh_1                      0x08000229   Thumb Code     0  __rtentry2.o(.ARM.Collect$$rtentry$$00000009)
    __rt_entry_main                          0x0800022d   Thumb Code     0  __rtentry2.o(.ARM.Collect$$rtentry$$0000000D)
    __rt_entry_postli_1                      0x0800022d   Thumb Code     0  __rtentry2.o(.ARM.Collect$$rtentry$$0000000C)
    __rt_exit                                0x08000235   Thumb Code     0  rtexit.o(.ARM.Collect$$rtexit$$00000000)
    __rt_exit_ls                             0x08000237   Thumb Code     0  rtexit2.o(.ARM.Collect$$rtexit$$00000003)
    __rt_exit_prels_1                        0x08000237   Thumb Code     0  rtexit2.o(.ARM.Collect$$rtexit$$00000002)
    __rt_exit_exit                           0x0800023b   Thumb Code     0  rtexit2.o(.ARM.Collect$$rtexit$$00000004)
    Reset_Handler                            0x08000241   Thumb Code    14  startup_stm32f407xx.o(.text)
    NMI_Handler                              0x0800024f   Thumb Code     2  startup_stm32f407xx.o(.text)
    HardFault_Handler                        0x08000251   Thumb Code     2  startup_stm32f407xx.o(.text)
    MemManage_Handler                        0x08000253   Thumb Code     2  startup_stm32f407xx.o(.text)
    BusFault_Handler                         0x08000255   Thumb Code     2  startup_stm32f407xx.o(.text)
    UsageFault_Handler                       0x08000257   Thumb Code     2  startup_stm32f407xx.o(.text)
    SVC_Handler                              0x08000259   Thumb Code     2  startup_stm32f407xx.o(.text)
    DebugMon_Handler                         0x0800025b   Thumb Code     2  startup_stm32f407xx.o(.text)
    PendSV_Handler                           0x0800025d   Thumb Code     2  startup_stm32f407xx.o(.text)
    SysTick_Handler                          0x0800025f   Thumb Code     2  startup_stm32f407xx.o(.text)
    CAN1_RX0_IRQHandler                      0x08000261   Thumb Code     0  startup_stm32f407xx.o(.text)
    CAN1_RX1_IRQHandler                      0x08000261   Thumb Code     0  startup_stm32f407xx.o(.text)
    CAN1_SCE_IRQHandler                      0x08000261   Thumb Code     0  startup_stm32f407xx.o(.text)
    CAN1_TX_IRQHandler                       0x08000261   Thumb Code     0  startup_stm32f407xx.o(.text)
    CAN2_RX0_IRQHandler                      0x08000261   Thumb Code     0  startup_stm32f407xx.o(.text)
    CAN2_RX1_IRQHandler                      0x08000261   Thumb Code     0  startup_stm32f407xx.o(.text)
    CAN2_SCE_IRQHandler                      0x08000261   Thumb Code     0  startup_stm32f407xx.o(.text)
    CAN2_TX_IRQHandler                       0x08000261   Thumb Code     0  startup_stm32f407xx.o(.text)
    DCMI_IRQHandler                          0x08000261   Thumb Code     0  startup_stm32f407xx.o(.text)
    DMA1_Stream0_IRQHandler                  0x08000261   Thumb Code     0  startup_stm32f407xx.o(.text)
    DMA1_Stream1_IRQHandler                  0x08000261   Thumb Code     0  startup_stm32f407xx.o(.text)
    DMA1_Stream2_IRQHandler                  0x08000261   Thumb Code     0  startup_stm32f407xx.o(.text)
    DMA1_Stream3_IRQHandler                  0x08000261   Thumb Code     0  startup_stm32f407xx.o(.text)
    DMA1_Stream4_IRQHandler                  0x08000261   Thumb Code     0  startup_stm32f407xx.o(.text)
    DMA1_Stream5_IRQHandler                  0x08000261   Thumb Code     0  startup_stm32f407xx.o(.text)
    DMA1_Stream6_IRQHandler                  0x08000261   Thumb Code     0  startup_stm32f407xx.o(.text)
    DMA1_Stream7_IRQHandler                  0x08000261   Thumb Code     0  startup_stm32f407xx.o(.text)
    DMA2_Stream0_IRQHandler                  0x08000261   Thumb Code     0  startup_stm32f407xx.o(.text)
    DMA2_Stream1_IRQHandler                  0x08000261   Thumb Code     0  startup_stm32f407xx.o(.text)
    DMA2_Stream2_IRQHandler                  0x08000261   Thumb Code     0  startup_stm32f407xx.o(.text)
    DMA2_Stream3_IRQHandler                  0x08000261   Thumb Code     0  startup_stm32f407xx.o(.text)
    DMA2_Stream5_IRQHandler                  0x08000261   Thumb Code     0  startup_stm32f407xx.o(.text)
    DMA2_Stream6_IRQHandler                  0x08000261   Thumb Code     0  startup_stm32f407xx.o(.text)
    DMA2_Stream7_IRQHandler                  0x08000261   Thumb Code     0  startup_stm32f407xx.o(.text)
    ETH_IRQHandler                           0x08000261   Thumb Code     0  startup_stm32f407xx.o(.text)
    ETH_WKUP_IRQHandler                      0x08000261   Thumb Code     0  startup_stm32f407xx.o(.text)
    EXTI0_IRQHandler                         0x08000261   Thumb Code     0  startup_stm32f407xx.o(.text)
    EXTI15_10_IRQHandler                     0x08000261   Thumb Code     0  startup_stm32f407xx.o(.text)
    EXTI1_IRQHandler                         0x08000261   Thumb Code     0  startup_stm32f407xx.o(.text)
    EXTI2_IRQHandler                         0x08000261   Thumb Code     0  startup_stm32f407xx.o(.text)
    EXTI3_IRQHandler                         0x08000261   Thumb Code     0  startup_stm32f407xx.o(.text)
    EXTI4_IRQHandler                         0x08000261   Thumb Code     0  startup_stm32f407xx.o(.text)
    EXTI9_5_IRQHandler                       0x08000261   Thumb Code     0  startup_stm32f407xx.o(.text)
    FLASH_IRQHandler                         0x08000261   Thumb Code     0  startup_stm32f407xx.o(.text)
    FMC_IRQHandler                           0x08000261   Thumb Code     0  startup_stm32f407xx.o(.text)
    FPU_IRQHandler                           0x08000261   Thumb Code     0  startup_stm32f407xx.o(.text)
    HASH_RNG_IRQHandler                      0x08000261   Thumb Code     0  startup_stm32f407xx.o(.text)
    I2C1_ER_IRQHandler                       0x08000261   Thumb Code     0  startup_stm32f407xx.o(.text)
    I2C1_EV_IRQHandler                       0x08000261   Thumb Code     0  startup_stm32f407xx.o(.text)
    I2C2_ER_IRQHandler                       0x08000261   Thumb Code     0  startup_stm32f407xx.o(.text)
    I2C2_EV_IRQHandler                       0x08000261   Thumb Code     0  startup_stm32f407xx.o(.text)
    I2C3_ER_IRQHandler                       0x08000261   Thumb Code     0  startup_stm32f407xx.o(.text)
    I2C3_EV_IRQHandler                       0x08000261   Thumb Code     0  startup_stm32f407xx.o(.text)
    OTG_FS_IRQHandler                        0x08000261   Thumb Code     0  startup_stm32f407xx.o(.text)
    OTG_FS_WKUP_IRQHandler                   0x08000261   Thumb Code     0  startup_stm32f407xx.o(.text)
    OTG_HS_EP1_IN_IRQHandler                 0x08000261   Thumb Code     0  startup_stm32f407xx.o(.text)
    OTG_HS_EP1_OUT_IRQHandler                0x08000261   Thumb Code     0  startup_stm32f407xx.o(.text)
    OTG_HS_IRQHandler                        0x08000261   Thumb Code     0  startup_stm32f407xx.o(.text)
    OTG_HS_WKUP_IRQHandler                   0x08000261   Thumb Code     0  startup_stm32f407xx.o(.text)
    PVD_IRQHandler                           0x08000261   Thumb Code     0  startup_stm32f407xx.o(.text)
    RCC_IRQHandler                           0x08000261   Thumb Code     0  startup_stm32f407xx.o(.text)
    RTC_Alarm_IRQHandler                     0x08000261   Thumb Code     0  startup_stm32f407xx.o(.text)
    RTC_WKUP_IRQHandler                      0x08000261   Thumb Code     0  startup_stm32f407xx.o(.text)
    SDIO_IRQHandler                          0x08000261   Thumb Code     0  startup_stm32f407xx.o(.text)
    SPI1_IRQHandler                          0x08000261   Thumb Code     0  startup_stm32f407xx.o(.text)
    SPI2_IRQHandler                          0x08000261   Thumb Code     0  startup_stm32f407xx.o(.text)
    SPI3_IRQHandler                          0x08000261   Thumb Code     0  startup_stm32f407xx.o(.text)
    TAMP_STAMP_IRQHandler                    0x08000261   Thumb Code     0  startup_stm32f407xx.o(.text)
    TIM1_BRK_TIM9_IRQHandler                 0x08000261   Thumb Code     0  startup_stm32f407xx.o(.text)
    TIM1_CC_IRQHandler                       0x08000261   Thumb Code     0  startup_stm32f407xx.o(.text)
    TIM1_TRG_COM_TIM11_IRQHandler            0x08000261   Thumb Code     0  startup_stm32f407xx.o(.text)
    TIM2_IRQHandler                          0x08000261   Thumb Code     0  startup_stm32f407xx.o(.text)
    TIM4_IRQHandler                          0x08000261   Thumb Code     0  startup_stm32f407xx.o(.text)
    TIM5_IRQHandler                          0x08000261   Thumb Code     0  startup_stm32f407xx.o(.text)
    TIM6_DAC_IRQHandler                      0x08000261   Thumb Code     0  startup_stm32f407xx.o(.text)
    TIM7_IRQHandler                          0x08000261   Thumb Code     0  startup_stm32f407xx.o(.text)
    TIM8_BRK_TIM12_IRQHandler                0x08000261   Thumb Code     0  startup_stm32f407xx.o(.text)
    TIM8_CC_IRQHandler                       0x08000261   Thumb Code     0  startup_stm32f407xx.o(.text)
    TIM8_TRG_COM_TIM14_IRQHandler            0x08000261   Thumb Code     0  startup_stm32f407xx.o(.text)
    UART4_IRQHandler                         0x08000261   Thumb Code     0  startup_stm32f407xx.o(.text)
    UART5_IRQHandler                         0x08000261   Thumb Code     0  startup_stm32f407xx.o(.text)
    USART2_IRQHandler                        0x08000261   Thumb Code     0  startup_stm32f407xx.o(.text)
    USART3_IRQHandler                        0x08000261   Thumb Code     0  startup_stm32f407xx.o(.text)
    USART6_IRQHandler                        0x08000261   Thumb Code     0  startup_stm32f407xx.o(.text)
    WWDG_IRQHandler                          0x08000261   Thumb Code     0  startup_stm32f407xx.o(.text)
    __user_initial_stackheap                 0x08000265   Thumb Code     0  startup_stm32f407xx.o(.text)
    __use_no_semihosting                     0x08000285   Thumb Code     2  use_no_semi_2.o(.text)
    __2printf                                0x08000289   Thumb Code    20  noretval__2printf.o(.text)
    __printf                                 0x080002a1   Thumb Code   104  __printf.o(.text)
    __use_two_region_memory                  0x08000309   Thumb Code     2  heapauxi.o(.text)
    __rt_heap_escrow$2region                 0x0800030b   Thumb Code     2  heapauxi.o(.text)
    __rt_heap_expand$2region                 0x0800030d   Thumb Code     2  heapauxi.o(.text)
    __semihosting$guard                      0x0800030f   Thumb Code     0  use_no_semi.o(.text)
    __use_no_semihosting_swi                 0x0800030f   Thumb Code     2  use_no_semi.o(.text)
    __read_errno                             0x08000311   Thumb Code    10  _rserrno.o(.text)
    __set_errno                              0x0800031b   Thumb Code    12  _rserrno.o(.text)
    __lib_sel_fp_printf                      0x08000327   Thumb Code     2  _printf_fp_dec.o(.text)
    _printf_fp_dec_real                      0x080004d9   Thumb Code   620  _printf_fp_dec.o(.text)
    _printf_char_file                        0x08000745   Thumb Code    32  _printf_char_file.o(.text)
    __rt_locale                              0x08000769   Thumb Code     8  rt_locale_intlibspace.o(.text)
    __aeabi_errno_addr                       0x08000771   Thumb Code     8  rt_errno_addr_intlibspace.o(.text)
    __errno$intlibspace                      0x08000771   Thumb Code     0  rt_errno_addr_intlibspace.o(.text)
    __rt_errno_addr$intlibspace              0x08000771   Thumb Code     0  rt_errno_addr_intlibspace.o(.text)
    _ll_udiv10                               0x08000779   Thumb Code   138  lludiv10.o(.text)
    _printf_char_common                      0x0800080f   Thumb Code    32  _printf_char_common.o(.text)
    _printf_fp_infnan                        0x08000835   Thumb Code   112  _printf_fp_infnan.o(.text)
    _btod_etento                             0x080008b5   Thumb Code   224  bigflt0.o(.text)
    ferror                                   0x08000999   Thumb Code     8  ferror.o(.text)
    __user_libspace                          0x080009a1   Thumb Code     8  libspace.o(.text)
    __user_perproc_libspace                  0x080009a1   Thumb Code     0  libspace.o(.text)
    __user_perthread_libspace                0x080009a1   Thumb Code     0  libspace.o(.text)
    __user_setup_stackheap                   0x080009a9   Thumb Code    74  sys_stackheap_outer.o(.text)
    exit                                     0x080009f3   Thumb Code    18  exit.o(.text)
    strcmp                                   0x08000a05   Thumb Code   128  strcmpv7m.o(.text)
    _btod_d2e                                0x08000a85   Thumb Code    62  btod.o(CL$$btod_d2e)
    _d2e_denorm_low                          0x08000ac3   Thumb Code    70  btod.o(CL$$btod_d2e_denorm_low)
    _d2e_norm_op1                            0x08000b09   Thumb Code    96  btod.o(CL$$btod_d2e_norm_op1)
    __btod_div_common                        0x08000b69   Thumb Code   696  btod.o(CL$$btod_div_common)
    _e2e                                     0x08000ea1   Thumb Code   220  btod.o(CL$$btod_e2e)
    _btod_ediv                               0x08000f7d   Thumb Code    42  btod.o(CL$$btod_ediv)
    _btod_emul                               0x08000fa7   Thumb Code    42  btod.o(CL$$btod_emul)
    __btod_mult_common                       0x08000fd1   Thumb Code   580  btod.o(CL$$btod_mult_common)
    ADC_IRQHandler                           0x08001215   Thumb Code    20  adc.o(i.ADC_IRQHandler)
    CLEAR_flag                               0x0800122d   Thumb Code    18  gtim.o(i.CLEAR_flag)
    DMA2_Stream4_IRQHandler                  0x08001245   Thumb Code    38  adc.o(i.DMA2_Stream4_IRQHandler)
    LCD_GPIO_Init                            0x08001275   Thumb Code    40  lcd_drive.o(i.LCD_GPIO_Init)
    Lcd_Init                                 0x080012a5   Thumb Code   546  lcd_drive.o(i.Lcd_Init)
    Lcd_Reset                                0x080014c9   Thumb Code    36  lcd_drive.o(i.Lcd_Reset)
    Lcd_WriteData                            0x080014f1   Thumb Code    42  lcd_drive.o(i.Lcd_WriteData)
    Lcd_WriteIndex                           0x08001521   Thumb Code    42  lcd_drive.o(i.Lcd_WriteIndex)
    Offset_CurrentReading                    0x08001551   Thumb Code   116  motor.o(i.Offset_CurrentReading)
    Programe_Run                             0x080015d1   Thumb Code    28  as5600.o(i.Programe_Run)
    RunSystimer                              0x080015f5   Thumb Code   202  gtim.o(i.RunSystimer)
    SPI_WriteData                            0x080016c5   Thumb Code    72  lcd_drive.o(i.SPI_WriteData)
    Sim_I2C1_Delay                           0x08001711   Thumb Code    10  as5600.o(i.Sim_I2C1_Delay)
    Sim_I2C1_ReceiveByte                     0x0800171d   Thumb Code   106  as5600.o(i.Sim_I2C1_ReceiveByte)
    Sim_I2C1_ReceiveByte_WithACK             0x0800178d   Thumb Code   106  as5600.o(i.Sim_I2C1_ReceiveByte_WithACK)
    Sim_I2C1_START                           0x080017fd   Thumb Code   110  as5600.o(i.Sim_I2C1_START)
    Sim_I2C1_STOP                            0x08001871   Thumb Code    94  as5600.o(i.Sim_I2C1_STOP)
    Sim_I2C1_SendACK                         0x080018d5   Thumb Code   102  as5600.o(i.Sim_I2C1_SendACK)
    Sim_I2C1_SendByte                        0x08001941   Thumb Code   158  as5600.o(i.Sim_I2C1_SendByte)
    Sim_I2C1_SendNACK                        0x080019e5   Thumb Code   102  as5600.o(i.Sim_I2C1_SendNACK)
    Sim_I2C1_Wait_Ack                        0x08001a51   Thumb Code   130  as5600.o(i.Sim_I2C1_Wait_Ack)
    Sim_I2C_Read8                            0x08001ad9   Thumb Code    98  as5600.o(i.Sim_I2C_Read8)
    TIM1_UP_TIM10_IRQHandler                 0x08001b3d   Thumb Code    24  atim.o(i.TIM1_UP_TIM10_IRQHandler)
    TIM3_IRQHandler                          0x08001b59   Thumb Code    42  gtim.o(i.TIM3_IRQHandler)
    TIM8_UP_TIM13_IRQHandler                 0x08001b8d   Thumb Code    24  atim.o(i.TIM8_UP_TIM13_IRQHandler)
    USART1_IRQHandler                        0x08001ba9   Thumb Code   116  usart.o(i.USART1_IRQHandler)
    __ARM_fpclassify                         0x08001c29   Thumb Code    48  fpclassify.o(i.__ARM_fpclassify)
    __hardfp_cos                             0x08001c59   Thumb Code   180  cos.o(i.__hardfp_cos)
    __hardfp_fmod                            0x08001d21   Thumb Code   254  fmod.o(i.__hardfp_fmod)
    __hardfp_sin                             0x08001e29   Thumb Code   180  sin.o(i.__hardfp_sin)
    __hardfp_sqrt                            0x08001ef1   Thumb Code   122  sqrt.o(i.__hardfp_sqrt)
    __ieee754_rem_pio2                       0x08001f71   Thumb Code   938  rred.o(i.__ieee754_rem_pio2)
    __kernel_cos                             0x080023a9   Thumb Code   322  cos_i.o(i.__kernel_cos)
    __kernel_poly                            0x08002519   Thumb Code   248  poly.o(i.__kernel_poly)
    __kernel_sin                             0x08002611   Thumb Code   280  sin_i.o(i.__kernel_sin)
    __mathlib_dbl_infnan                     0x08002741   Thumb Code    20  dunder.o(i.__mathlib_dbl_infnan)
    __mathlib_dbl_invalid                    0x08002759   Thumb Code    24  dunder.o(i.__mathlib_dbl_invalid)
    __mathlib_dbl_underflow                  0x08002779   Thumb Code    24  dunder.o(i.__mathlib_dbl_underflow)
    _electricalAngle                         0x08002799   Thumb Code    18  motor.o(i._electricalAngle)
    _normalizeAngle                          0x080027ad   Thumb Code   120  motor.o(i._normalizeAngle)
    _sys_exit                                0x0800282d   Thumb Code     4  usart.o(i._sys_exit)
    adc_dma_enable                           0x08002831   Thumb Code    48  adc.o(i.adc_dma_enable)
    adc_init                                 0x08002869   Thumb Code   210  adc.o(i.adc_init)
    atim_timx_cplm_pwm_init                  0x0800294d   Thumb Code   748  atim.o(i.atim_timx_cplm_pwm_init)
    atim_timx_cplm_pwm_set                   0x08002c55   Thumb Code    76  atim.o(i.atim_timx_cplm_pwm_set)
    convertRawAngleToDegrees                 0x08002ca5   Thumb Code    52  as5600.o(i.convertRawAngleToDegrees)
    delay_init                               0x08002ce1   Thumb Code    38  delay.o(i.delay_init)
    delay_ms                                 0x08002d0d   Thumb Code    18  delay.o(i.delay_ms)
    delay_us                                 0x08002d21   Thumb Code    68  delay.o(i.delay_us)
    dma_enable                               0x08002d69   Thumb Code    32  dma.o(i.dma_enable)
    fabs                                     0x08002d89   Thumb Code    24  fabs.o(i.fabs)
    fputc                                    0x08002da1   Thumb Code    22  usart.o(i.fputc)
    getRawAngle                              0x08002dbd   Thumb Code    14  as5600.o(i.getRawAngle)
    gtim_timx_int_init                       0x08002dcd   Thumb Code    76  gtim.o(i.gtim_timx_int_init)
    iic_init                                 0x08002e21   Thumb Code    74  as5600.o(i.iic_init)
    led_init                                 0x08002e75   Thumb Code    90  led.o(i.led_init)
    main                                     0x08002ed9   Thumb Code   180  main.o(i.main)
    motor_foc_algorithm_main                 0x08002fad   Thumb Code   254  motor.o(i.motor_foc_algorithm_main)
    motor_init                               0x080030d9   Thumb Code     8  motor.o(i.motor_init)
    readOneByte                              0x080030e1   Thumb Code    34  as5600.o(i.readOneByte)
    readTwoBytes                             0x08003103   Thumb Code    46  as5600.o(i.readTwoBytes)
    setPhaseVoltage                          0x08003131   Thumb Code   508  motor.o(i.setPhaseVoltage)
    setPwm                                   0x08003359   Thumb Code   336  motor.o(i.setPwm)
    sys_clock_set                            0x080034c1   Thumb Code   382  sys.o(i.sys_clock_set)
    sys_gpio_af_set                          0x0800364d   Thumb Code   104  sys.o(i.sys_gpio_af_set)
    sys_gpio_pin_set                         0x080036b5   Thumb Code    24  sys.o(i.sys_gpio_pin_set)
    sys_gpio_set                             0x080036cd   Thumb Code   222  sys.o(i.sys_gpio_set)
    sys_nvic_init                            0x080037ad   Thumb Code   116  sys.o(i.sys_nvic_init)
    sys_nvic_set_vector_table                0x0800384d   Thumb Code    12  sys.o(i.sys_nvic_set_vector_table)
    sys_stm32_clock_init                     0x0800385d   Thumb Code    58  sys.o(i.sys_stm32_clock_init)
    usart_init                               0x0800389d   Thumb Code   206  usart.o(i.usart_init)
    _get_lc_numeric                          0x0800397d   Thumb Code    44  lc_numeric_c.o(locale$$code)
    __aeabi_dneg                             0x080039a9   Thumb Code     0  basic.o(x$fpl$basic)
    _dneg                                    0x080039a9   Thumb Code     6  basic.o(x$fpl$basic)
    __aeabi_fneg                             0x080039af   Thumb Code     0  basic.o(x$fpl$basic)
    _fneg                                    0x080039af   Thumb Code     6  basic.o(x$fpl$basic)
    _dabs                                    0x080039b5   Thumb Code     6  basic.o(x$fpl$basic)
    _fabs                                    0x080039bb   Thumb Code     6  basic.o(x$fpl$basic)
    __aeabi_d2f                              0x080039c1   Thumb Code     0  d2f.o(x$fpl$d2f)
    _d2f                                     0x080039c1   Thumb Code    98  d2f.o(x$fpl$d2f)
    __aeabi_dadd                             0x08003a25   Thumb Code     0  daddsub_clz.o(x$fpl$dadd)
    _dadd                                    0x08003a25   Thumb Code   332  daddsub_clz.o(x$fpl$dadd)
    __fpl_dcmp_Inf                           0x08003b75   Thumb Code    24  dcmpi.o(x$fpl$dcmpinf)
    __aeabi_ddiv                             0x08003b8d   Thumb Code     0  ddiv.o(x$fpl$ddiv)
    _ddiv                                    0x08003b8d   Thumb Code   552  ddiv.o(x$fpl$ddiv)
    __aeabi_d2iz                             0x08003e3d   Thumb Code     0  dfix.o(x$fpl$dfix)
    _dfix                                    0x08003e3d   Thumb Code    94  dfix.o(x$fpl$dfix)
    __aeabi_i2d                              0x08003e9b   Thumb Code     0  dflt_clz.o(x$fpl$dflt)
    _dflt                                    0x08003e9b   Thumb Code    46  dflt_clz.o(x$fpl$dflt)
    __aeabi_ui2d                             0x08003ec9   Thumb Code     0  dflt_clz.o(x$fpl$dfltu)
    _dfltu                                   0x08003ec9   Thumb Code    38  dflt_clz.o(x$fpl$dfltu)
    __aeabi_cdcmple                          0x08003ef1   Thumb Code     0  dleqf.o(x$fpl$dleqf)
    _dcmple                                  0x08003ef1   Thumb Code   120  dleqf.o(x$fpl$dleqf)
    __fpl_dcmple_InfNaN                      0x08003f53   Thumb Code     0  dleqf.o(x$fpl$dleqf)
    __aeabi_dmul                             0x08003f69   Thumb Code     0  dmul.o(x$fpl$dmul)
    _dmul                                    0x08003f69   Thumb Code   332  dmul.o(x$fpl$dmul)
    __fpl_dnaninf                            0x080040bd   Thumb Code   156  dnaninf.o(x$fpl$dnaninf)
    _drem                                    0x08004159   Thumb Code   328  drem_clz.o(x$fpl$drem)
    __fpl_dretinf                            0x080042a9   Thumb Code    12  dretinf.o(x$fpl$dretinf)
    __aeabi_cdrcmple                         0x080042b5   Thumb Code     0  drleqf.o(x$fpl$drleqf)
    _drcmple                                 0x080042b5   Thumb Code   108  drleqf.o(x$fpl$drleqf)
    __aeabi_drsub                            0x08004321   Thumb Code     0  daddsub_clz.o(x$fpl$drsb)
    _drsb                                    0x08004321   Thumb Code    22  daddsub_clz.o(x$fpl$drsb)
    _dsqrt                                   0x08004339   Thumb Code   404  dsqrt_umaal.o(x$fpl$dsqrt)
    __aeabi_dsub                             0x080044d1   Thumb Code     0  daddsub_clz.o(x$fpl$dsub)
    _dsub                                    0x080044d1   Thumb Code   464  daddsub_clz.o(x$fpl$dsub)
    __aeabi_f2d                              0x080046a5   Thumb Code     0  f2d.o(x$fpl$f2d)
    _f2d                                     0x080046a5   Thumb Code    86  f2d.o(x$fpl$f2d)
    __fpl_fnaninf                            0x080046fb   Thumb Code   140  fnaninf.o(x$fpl$fnaninf)
    _fp_init                                 0x08004787   Thumb Code    10  fpinit.o(x$fpl$fpinit)
    __fplib_config_fpu_vfp                   0x0800478f   Thumb Code     0  fpinit.o(x$fpl$fpinit)
    __fplib_config_pureend_doubles           0x0800478f   Thumb Code     0  fpinit.o(x$fpl$fpinit)
    __fpl_fretinf                            0x08004791   Thumb Code    10  fretinf.o(x$fpl$fretinf)
    _printf_fp_dec                           0x0800479b   Thumb Code     4  printf1.o(x$fpl$printf1)
    __I$use$fp                               0x0800479e   Number         0  usenofp.o(x$fpl$usenofp)
    Region$$Table$$Base                      0x08004954   Number         0  anon$$obj.o(Region$$Table)
    Region$$Table$$Limit                     0x08004974   Number         0  anon$$obj.o(Region$$Table)
    __stdout                                 0x20000004   Data           4  usart.o(.data)
    g_usart_rx_sta                           0x20000008   Data           2  usart.o(.data)
    _rawStartAngle                           0x2000000c   Data           2  as5600.o(.data)
    _zPosition                               0x2000000e   Data           2  as5600.o(.data)
    _rawEndAngle                             0x20000010   Data           2  as5600.o(.data)
    _mPosition                               0x20000012   Data           2  as5600.o(.data)
    _maxAngle                                0x20000014   Data           2  as5600.o(.data)
    MenuChoice                               0x20000016   Data           1  as5600.o(.data)
    rawdata                                  0x20000018   Data           2  as5600.o(.data)
    degress                                  0x2000001c   Data           4  as5600.o(.data)
    g_adc_dma_sta                            0x20000020   Data           1  adc.o(.data)
    voltage_power_supply                     0x20000024   Data           4  motor.o(.data)
    shaft_angle                              0x20000028   Data           4  motor.o(.data)
    open_loop_timestamp                      0x2000002c   Data           4  motor.o(.data)
    zero_electric_angle                      0x20000030   Data           4  motor.o(.data)
    Ualpha                                   0x20000034   Data           4  motor.o(.data)
    Ubeta                                    0x20000038   Data           4  motor.o(.data)
    Ua                                       0x2000003c   Data           4  motor.o(.data)
    Ub                                       0x20000040   Data           4  motor.o(.data)
    Uc                                       0x20000044   Data           4  motor.o(.data)
    dc_a                                     0x20000048   Data           4  motor.o(.data)
    dc_b                                     0x2000004c   Data           4  motor.o(.data)
    dc_c                                     0x20000050   Data           4  motor.o(.data)
    ADCSampPare                              0x20000054   Data          76  motor.o(.data)
    ramp_voltage                             0x200000a0   Data           4  motor.o(.data)
    target_voltage                           0x200000a4   Data           4  motor.o(.data)
    voltage_step                             0x200000a8   Data           4  motor.o(.data)
    angle_step                               0x200000ac   Data           4  motor.o(.data)
    target_angle_step                        0x200000b0   Data           4  motor.o(.data)
    g_usart_rx_buf                           0x200000b4   Data         200  usart.o(.bss)
    TaskTimePare                             0x2000017c   Data          15  gtim.o(.bss)
    g_adc_dma_buf                            0x2000018c   Data         600  adc.o(.bss)
    __libspace_start                         0x200003e4   Data          96  libspace.o(.bss)
    __temporary_stack_top$libspace           0x20000444   Data           0  libspace.o(.bss)



==============================================================================

Memory Map of the image

  Image Entry point : 0x08000189

  Load Region LR_IROM1 (Base: 0x08000000, Size: 0x00004a44, Max: 0x00100000, ABSOLUTE)

    Execution Region ER_IROM1 (Exec base: 0x08000000, Load base: 0x08000000, Size: 0x00004990, Max: 0x00100000, ABSOLUTE)

    Exec Addr    Load Addr    Size         Type   Attr      Idx    E Section Name        Object

    0x08000000   0x08000000   0x00000188   Data   RO            3    RESET               startup_stm32f407xx.o
    0x08000188   0x08000188   0x00000008   Code   RO         1332  * !!!main             c_w.l(__main.o)
    0x08000190   0x08000190   0x00000034   Code   RO         1682    !!!scatter          c_w.l(__scatter.o)
    0x080001c4   0x080001c4   0x0000001a   Code   RO         1684    !!handler_copy      c_w.l(__scatter_copy.o)
    0x080001de   0x080001de   0x00000002   PAD
    0x080001e0   0x080001e0   0x0000001c   Code   RO         1686    !!handler_zi        c_w.l(__scatter_zi.o)
    0x080001fc   0x080001fc   0x00000000   Code   RO         1329    .ARM.Collect$$_printf_percent$$00000000  c_w.l(_printf_percent.o)
    0x080001fc   0x080001fc   0x00000006   Code   RO         1328    .ARM.Collect$$_printf_percent$$00000003  c_w.l(_printf_f.o)
    0x08000202   0x08000202   0x00000004   Code   RO         1421    .ARM.Collect$$_printf_percent$$00000017  c_w.l(_printf_percent_end.o)
    0x08000206   0x08000206   0x00000002   Code   RO         1562    .ARM.Collect$$libinit$$00000000  c_w.l(libinit.o)
    0x08000208   0x08000208   0x00000004   Code   RO         1563    .ARM.Collect$$libinit$$00000001  c_w.l(libinit2.o)
    0x0800020c   0x0800020c   0x00000000   Code   RO         1566    .ARM.Collect$$libinit$$00000004  c_w.l(libinit2.o)
    0x0800020c   0x0800020c   0x00000000   Code   RO         1569    .ARM.Collect$$libinit$$0000000A  c_w.l(libinit2.o)
    0x0800020c   0x0800020c   0x00000000   Code   RO         1571    .ARM.Collect$$libinit$$0000000C  c_w.l(libinit2.o)
    0x0800020c   0x0800020c   0x00000000   Code   RO         1573    .ARM.Collect$$libinit$$0000000E  c_w.l(libinit2.o)
    0x0800020c   0x0800020c   0x00000006   Code   RO         1574    .ARM.Collect$$libinit$$0000000F  c_w.l(libinit2.o)
    0x08000212   0x08000212   0x00000000   Code   RO         1576    .ARM.Collect$$libinit$$00000011  c_w.l(libinit2.o)
    0x08000212   0x08000212   0x00000000   Code   RO         1578    .ARM.Collect$$libinit$$00000013  c_w.l(libinit2.o)
    0x08000212   0x08000212   0x00000000   Code   RO         1580    .ARM.Collect$$libinit$$00000015  c_w.l(libinit2.o)
    0x08000212   0x08000212   0x0000000a   Code   RO         1581    .ARM.Collect$$libinit$$00000016  c_w.l(libinit2.o)
    0x0800021c   0x0800021c   0x00000000   Code   RO         1582    .ARM.Collect$$libinit$$00000017  c_w.l(libinit2.o)
    0x0800021c   0x0800021c   0x00000000   Code   RO         1584    .ARM.Collect$$libinit$$00000019  c_w.l(libinit2.o)
    0x0800021c   0x0800021c   0x00000000   Code   RO         1586    .ARM.Collect$$libinit$$0000001B  c_w.l(libinit2.o)
    0x0800021c   0x0800021c   0x00000000   Code   RO         1588    .ARM.Collect$$libinit$$0000001D  c_w.l(libinit2.o)
    0x0800021c   0x0800021c   0x00000000   Code   RO         1590    .ARM.Collect$$libinit$$0000001F  c_w.l(libinit2.o)
    0x0800021c   0x0800021c   0x00000000   Code   RO         1592    .ARM.Collect$$libinit$$00000021  c_w.l(libinit2.o)
    0x0800021c   0x0800021c   0x00000000   Code   RO         1594    .ARM.Collect$$libinit$$00000023  c_w.l(libinit2.o)
    0x0800021c   0x0800021c   0x00000000   Code   RO         1596    .ARM.Collect$$libinit$$00000025  c_w.l(libinit2.o)
    0x0800021c   0x0800021c   0x00000000   Code   RO         1600    .ARM.Collect$$libinit$$0000002C  c_w.l(libinit2.o)
    0x0800021c   0x0800021c   0x00000000   Code   RO         1602    .ARM.Collect$$libinit$$0000002E  c_w.l(libinit2.o)
    0x0800021c   0x0800021c   0x00000000   Code   RO         1604    .ARM.Collect$$libinit$$00000030  c_w.l(libinit2.o)
    0x0800021c   0x0800021c   0x00000000   Code   RO         1606    .ARM.Collect$$libinit$$00000032  c_w.l(libinit2.o)
    0x0800021c   0x0800021c   0x00000002   Code   RO         1607    .ARM.Collect$$libinit$$00000033  c_w.l(libinit2.o)
    0x0800021e   0x0800021e   0x00000002   Code   RO         1633    .ARM.Collect$$libshutdown$$00000000  c_w.l(libshutdown.o)
    0x08000220   0x08000220   0x00000000   Code   RO         1641    .ARM.Collect$$libshutdown$$00000002  c_w.l(libshutdown2.o)
    0x08000220   0x08000220   0x00000000   Code   RO         1643    .ARM.Collect$$libshutdown$$00000004  c_w.l(libshutdown2.o)
    0x08000220   0x08000220   0x00000000   Code   RO         1645    .ARM.Collect$$libshutdown$$00000006  c_w.l(libshutdown2.o)
    0x08000220   0x08000220   0x00000000   Code   RO         1648    .ARM.Collect$$libshutdown$$00000009  c_w.l(libshutdown2.o)
    0x08000220   0x08000220   0x00000000   Code   RO         1651    .ARM.Collect$$libshutdown$$0000000C  c_w.l(libshutdown2.o)
    0x08000220   0x08000220   0x00000000   Code   RO         1653    .ARM.Collect$$libshutdown$$0000000E  c_w.l(libshutdown2.o)
    0x08000220   0x08000220   0x00000000   Code   RO         1656    .ARM.Collect$$libshutdown$$00000011  c_w.l(libshutdown2.o)
    0x08000220   0x08000220   0x00000002   Code   RO         1657    .ARM.Collect$$libshutdown$$00000012  c_w.l(libshutdown2.o)
    0x08000222   0x08000222   0x00000000   Code   RO         1412    .ARM.Collect$$rtentry$$00000000  c_w.l(__rtentry.o)
    0x08000222   0x08000222   0x00000000   Code   RO         1468    .ARM.Collect$$rtentry$$00000002  c_w.l(__rtentry2.o)
    0x08000222   0x08000222   0x00000006   Code   RO         1480    .ARM.Collect$$rtentry$$00000004  c_w.l(__rtentry4.o)
    0x08000228   0x08000228   0x00000000   Code   RO         1470    .ARM.Collect$$rtentry$$00000009  c_w.l(__rtentry2.o)
    0x08000228   0x08000228   0x00000004   Code   RO         1471    .ARM.Collect$$rtentry$$0000000A  c_w.l(__rtentry2.o)
    0x0800022c   0x0800022c   0x00000000   Code   RO         1473    .ARM.Collect$$rtentry$$0000000C  c_w.l(__rtentry2.o)
    0x0800022c   0x0800022c   0x00000008   Code   RO         1474    .ARM.Collect$$rtentry$$0000000D  c_w.l(__rtentry2.o)
    0x08000234   0x08000234   0x00000002   Code   RO         1608    .ARM.Collect$$rtexit$$00000000  c_w.l(rtexit.o)
    0x08000236   0x08000236   0x00000000   Code   RO         1615    .ARM.Collect$$rtexit$$00000002  c_w.l(rtexit2.o)
    0x08000236   0x08000236   0x00000004   Code   RO         1616    .ARM.Collect$$rtexit$$00000003  c_w.l(rtexit2.o)
    0x0800023a   0x0800023a   0x00000006   Code   RO         1617    .ARM.Collect$$rtexit$$00000004  c_w.l(rtexit2.o)
    0x08000240   0x08000240   0x00000044   Code   RO            4    .text               startup_stm32f407xx.o
    0x08000284   0x08000284   0x00000002   Code   RO         1297    .text               c_w.l(use_no_semi_2.o)
    0x08000286   0x08000286   0x00000002   PAD
    0x08000288   0x08000288   0x00000018   Code   RO         1301    .text               c_w.l(noretval__2printf.o)
    0x080002a0   0x080002a0   0x00000068   Code   RO         1303    .text               c_w.l(__printf.o)
    0x08000308   0x08000308   0x00000006   Code   RO         1330    .text               c_w.l(heapauxi.o)
    0x0800030e   0x0800030e   0x00000002   Code   RO         1410    .text               c_w.l(use_no_semi.o)
    0x08000310   0x08000310   0x00000016   Code   RO         1413    .text               c_w.l(_rserrno.o)
    0x08000326   0x08000326   0x0000041e   Code   RO         1417    .text               c_w.l(_printf_fp_dec.o)
    0x08000744   0x08000744   0x00000024   Code   RO         1419    .text               c_w.l(_printf_char_file.o)
    0x08000768   0x08000768   0x00000008   Code   RO         1485    .text               c_w.l(rt_locale_intlibspace.o)
    0x08000770   0x08000770   0x00000008   Code   RO         1490    .text               c_w.l(rt_errno_addr_intlibspace.o)
    0x08000778   0x08000778   0x0000008a   Code   RO         1492    .text               c_w.l(lludiv10.o)
    0x08000802   0x08000802   0x00000002   PAD
    0x08000804   0x08000804   0x00000030   Code   RO         1494    .text               c_w.l(_printf_char_common.o)
    0x08000834   0x08000834   0x00000080   Code   RO         1496    .text               c_w.l(_printf_fp_infnan.o)
    0x080008b4   0x080008b4   0x000000e4   Code   RO         1498    .text               c_w.l(bigflt0.o)
    0x08000998   0x08000998   0x00000008   Code   RO         1523    .text               c_w.l(ferror.o)
    0x080009a0   0x080009a0   0x00000008   Code   RO         1546    .text               c_w.l(libspace.o)
    0x080009a8   0x080009a8   0x0000004a   Code   RO         1549    .text               c_w.l(sys_stackheap_outer.o)
    0x080009f2   0x080009f2   0x00000012   Code   RO         1553    .text               c_w.l(exit.o)
    0x08000a04   0x08000a04   0x00000080   Code   RO         1555    .text               c_w.l(strcmpv7m.o)
    0x08000a84   0x08000a84   0x0000003e   Code   RO         1501    CL$$btod_d2e        c_w.l(btod.o)
    0x08000ac2   0x08000ac2   0x00000046   Code   RO         1503    CL$$btod_d2e_denorm_low  c_w.l(btod.o)
    0x08000b08   0x08000b08   0x00000060   Code   RO         1502    CL$$btod_d2e_norm_op1  c_w.l(btod.o)
    0x08000b68   0x08000b68   0x00000338   Code   RO         1511    CL$$btod_div_common  c_w.l(btod.o)
    0x08000ea0   0x08000ea0   0x000000dc   Code   RO         1508    CL$$btod_e2e        c_w.l(btod.o)
    0x08000f7c   0x08000f7c   0x0000002a   Code   RO         1505    CL$$btod_ediv       c_w.l(btod.o)
    0x08000fa6   0x08000fa6   0x0000002a   Code   RO         1504    CL$$btod_emul       c_w.l(btod.o)
    0x08000fd0   0x08000fd0   0x00000244   Code   RO         1510    CL$$btod_mult_common  c_w.l(btod.o)
    0x08001214   0x08001214   0x00000018   Code   RO          752    i.ADC_IRQHandler    adc.o
    0x0800122c   0x0800122c   0x00000018   Code   RO          668    i.CLEAR_flag        gtim.o
    0x08001244   0x08001244   0x00000030   Code   RO          753    i.DMA2_Stream4_IRQHandler  adc.o
    0x08001274   0x08001274   0x00000030   Code   RO         1141    i.LCD_GPIO_Init     lcd_drive.o
    0x080012a4   0x080012a4   0x00000222   Code   RO         1144    i.Lcd_Init          lcd_drive.o
    0x080014c6   0x080014c6   0x00000002   PAD
    0x080014c8   0x080014c8   0x00000028   Code   RO         1146    i.Lcd_Reset         lcd_drive.o
    0x080014f0   0x080014f0   0x00000030   Code   RO         1149    i.Lcd_WriteData     lcd_drive.o
    0x08001520   0x08001520   0x00000030   Code   RO         1150    i.Lcd_WriteIndex    lcd_drive.o
    0x08001550   0x08001550   0x00000080   Code   RO          979    i.Offset_CurrentReading  motor.o
    0x080015d0   0x080015d0   0x00000024   Code   RO          362    i.Programe_Run      as5600.o
    0x080015f4   0x080015f4   0x000000d0   Code   RO          669    i.RunSystimer       gtim.o
    0x080016c4   0x080016c4   0x0000004c   Code   RO         1152    i.SPI_WriteData     lcd_drive.o
    0x08001710   0x08001710   0x0000000a   Code   RO          363    i.Sim_I2C1_Delay    as5600.o
    0x0800171a   0x0800171a   0x00000002   PAD
    0x0800171c   0x0800171c   0x00000070   Code   RO          364    i.Sim_I2C1_ReceiveByte  as5600.o
    0x0800178c   0x0800178c   0x00000070   Code   RO          365    i.Sim_I2C1_ReceiveByte_WithACK  as5600.o
    0x080017fc   0x080017fc   0x00000074   Code   RO          366    i.Sim_I2C1_START    as5600.o
    0x08001870   0x08001870   0x00000064   Code   RO          367    i.Sim_I2C1_STOP     as5600.o
    0x080018d4   0x080018d4   0x0000006c   Code   RO          368    i.Sim_I2C1_SendACK  as5600.o
    0x08001940   0x08001940   0x000000a4   Code   RO          369    i.Sim_I2C1_SendByte  as5600.o
    0x080019e4   0x080019e4   0x0000006c   Code   RO          370    i.Sim_I2C1_SendNACK  as5600.o
    0x08001a50   0x08001a50   0x00000088   Code   RO          371    i.Sim_I2C1_Wait_Ack  as5600.o
    0x08001ad8   0x08001ad8   0x00000062   Code   RO          373    i.Sim_I2C_Read8     as5600.o
    0x08001b3a   0x08001b3a   0x00000002   PAD
    0x08001b3c   0x08001b3c   0x0000001c   Code   RO          612    i.TIM1_UP_TIM10_IRQHandler  atim.o
    0x08001b58   0x08001b58   0x00000034   Code   RO          670    i.TIM3_IRQHandler   gtim.o
    0x08001b8c   0x08001b8c   0x0000001c   Code   RO          613    i.TIM8_UP_TIM13_IRQHandler  atim.o
    0x08001ba8   0x08001ba8   0x00000080   Code   RO          294    i.USART1_IRQHandler  usart.o
    0x08001c28   0x08001c28   0x00000030   Code   RO         1542    i.__ARM_fpclassify  m_wm.l(fpclassify.o)
    0x08001c58   0x08001c58   0x000000c8   Code   RO         1362    i.__hardfp_cos      m_wm.l(cos.o)
    0x08001d20   0x08001d20   0x00000104   Code   RO         1374    i.__hardfp_fmod     m_wm.l(fmod.o)
    0x08001e24   0x08001e24   0x00000004   PAD
    0x08001e28   0x08001e28   0x000000c8   Code   RO         1386    i.__hardfp_sin      m_wm.l(sin.o)
    0x08001ef0   0x08001ef0   0x0000007a   Code   RO         1398    i.__hardfp_sqrt     m_wm.l(sqrt.o)
    0x08001f6a   0x08001f6a   0x00000006   PAD
    0x08001f70   0x08001f70   0x00000438   Code   RO         1456    i.__ieee754_rem_pio2  m_wm.l(rred.o)
    0x080023a8   0x080023a8   0x00000170   Code   RO         1439    i.__kernel_cos      m_wm.l(cos_i.o)
    0x08002518   0x08002518   0x000000f8   Code   RO         1544    i.__kernel_poly     m_wm.l(poly.o)
    0x08002610   0x08002610   0x00000130   Code   RO         1461    i.__kernel_sin      m_wm.l(sin_i.o)
    0x08002740   0x08002740   0x00000014   Code   RO         1443    i.__mathlib_dbl_infnan  m_wm.l(dunder.o)
    0x08002754   0x08002754   0x00000004   PAD
    0x08002758   0x08002758   0x00000020   Code   RO         1445    i.__mathlib_dbl_invalid  m_wm.l(dunder.o)
    0x08002778   0x08002778   0x00000020   Code   RO         1448    i.__mathlib_dbl_underflow  m_wm.l(dunder.o)
    0x08002798   0x08002798   0x00000012   Code   RO          980    i._electricalAngle  motor.o
    0x080027aa   0x080027aa   0x00000002   PAD
    0x080027ac   0x080027ac   0x00000080   Code   RO          981    i._normalizeAngle   motor.o
    0x0800282c   0x0800282c   0x00000004   Code   RO          296    i._sys_exit         usart.o
    0x08002830   0x08002830   0x00000038   Code   RO          755    i.adc_dma_enable    adc.o
    0x08002868   0x08002868   0x000000e4   Code   RO          759    i.adc_init          adc.o
    0x0800294c   0x0800294c   0x00000308   Code   RO          614    i.atim_timx_cplm_pwm_init  atim.o
    0x08002c54   0x08002c54   0x00000050   Code   RO          615    i.atim_timx_cplm_pwm_set  atim.o
    0x08002ca4   0x08002ca4   0x0000003c   Code   RO          376    i.convertRawAngleToDegrees  as5600.o
    0x08002ce0   0x08002ce0   0x0000002c   Code   RO          140    i.delay_init        delay.o
    0x08002d0c   0x08002d0c   0x00000012   Code   RO          141    i.delay_ms          delay.o
    0x08002d1e   0x08002d1e   0x00000002   PAD
    0x08002d20   0x08002d20   0x00000048   Code   RO          142    i.delay_us          delay.o
    0x08002d68   0x08002d68   0x00000020   Code   RO          717    i.dma_enable        dma.o
    0x08002d88   0x08002d88   0x00000018   Code   RO         1538    i.fabs              m_wm.l(fabs.o)
    0x08002da0   0x08002da0   0x0000001c   Code   RO          298    i.fputc             usart.o
    0x08002dbc   0x08002dbc   0x0000000e   Code   RO          385    i.getRawAngle       as5600.o
    0x08002dca   0x08002dca   0x00000002   PAD
    0x08002dcc   0x08002dcc   0x00000054   Code   RO          671    i.gtim_timx_int_init  gtim.o
    0x08002e20   0x08002e20   0x00000054   Code   RO          389    i.iic_init          as5600.o
    0x08002e74   0x08002e74   0x00000064   Code   RO          116    i.led_init          led.o
    0x08002ed8   0x08002ed8   0x000000d4   Code   RO           13    i.main              main.o
    0x08002fac   0x08002fac   0x0000012c   Code   RO          983    i.motor_foc_algorithm_main  motor.o
    0x080030d8   0x080030d8   0x00000008   Code   RO          984    i.motor_init        motor.o
    0x080030e0   0x080030e0   0x00000022   Code   RO          391    i.readOneByte       as5600.o
    0x08003102   0x08003102   0x0000002e   Code   RO          392    i.readTwoBytes      as5600.o
    0x08003130   0x08003130   0x00000228   Code   RO          985    i.setPhaseVoltage   motor.o
    0x08003358   0x08003358   0x00000168   Code   RO          986    i.setPwm            motor.o
    0x080034c0   0x080034c0   0x0000018c   Code   RO          178    i.sys_clock_set     sys.o
    0x0800364c   0x0800364c   0x00000068   Code   RO          179    i.sys_gpio_af_set   sys.o
    0x080036b4   0x080036b4   0x00000018   Code   RO          181    i.sys_gpio_pin_set  sys.o
    0x080036cc   0x080036cc   0x000000de   Code   RO          182    i.sys_gpio_set      sys.o
    0x080037aa   0x080037aa   0x00000002   PAD
    0x080037ac   0x080037ac   0x00000078   Code   RO          187    i.sys_nvic_init     sys.o
    0x08003824   0x08003824   0x00000028   Code   RO          188    i.sys_nvic_priority_group_config  sys.o
    0x0800384c   0x0800384c   0x00000010   Code   RO          189    i.sys_nvic_set_vector_table  sys.o
    0x0800385c   0x0800385c   0x00000040   Code   RO          192    i.sys_stm32_clock_init  sys.o
    0x0800389c   0x0800389c   0x000000e0   Code   RO          299    i.usart_init        usart.o
    0x0800397c   0x0800397c   0x0000002c   Code   RO         1528    locale$$code        c_w.l(lc_numeric_c.o)
    0x080039a8   0x080039a8   0x00000018   Code   RO         1422    x$fpl$basic         fz_wm.l(basic.o)
    0x080039c0   0x080039c0   0x00000062   Code   RO         1334    x$fpl$d2f           fz_wm.l(d2f.o)
    0x08003a22   0x08003a22   0x00000002   PAD
    0x08003a24   0x08003a24   0x00000150   Code   RO         1336    x$fpl$dadd          fz_wm.l(daddsub_clz.o)
    0x08003b74   0x08003b74   0x00000018   Code   RO         1424    x$fpl$dcmpinf       fz_wm.l(dcmpi.o)
    0x08003b8c   0x08003b8c   0x000002b0   Code   RO         1343    x$fpl$ddiv          fz_wm.l(ddiv.o)
    0x08003e3c   0x08003e3c   0x0000005e   Code   RO         1530    x$fpl$dfix          fz_wm.l(dfix.o)
    0x08003e9a   0x08003e9a   0x0000002e   Code   RO         1347    x$fpl$dflt          fz_wm.l(dflt_clz.o)
    0x08003ec8   0x08003ec8   0x00000026   Code   RO         1346    x$fpl$dfltu         fz_wm.l(dflt_clz.o)
    0x08003eee   0x08003eee   0x00000002   PAD
    0x08003ef0   0x08003ef0   0x00000078   Code   RO         1352    x$fpl$dleqf         fz_wm.l(dleqf.o)
    0x08003f68   0x08003f68   0x00000154   Code   RO         1354    x$fpl$dmul          fz_wm.l(dmul.o)
    0x080040bc   0x080040bc   0x0000009c   Code   RO         1426    x$fpl$dnaninf       fz_wm.l(dnaninf.o)
    0x08004158   0x08004158   0x00000150   Code   RO         1428    x$fpl$drem          fz_wm.l(drem_clz.o)
    0x080042a8   0x080042a8   0x0000000c   Code   RO         1430    x$fpl$dretinf       fz_wm.l(dretinf.o)
    0x080042b4   0x080042b4   0x0000006c   Code   RO         1356    x$fpl$drleqf        fz_wm.l(drleqf.o)
    0x08004320   0x08004320   0x00000016   Code   RO         1337    x$fpl$drsb          fz_wm.l(daddsub_clz.o)
    0x08004336   0x08004336   0x00000002   PAD
    0x08004338   0x08004338   0x00000198   Code   RO         1432    x$fpl$dsqrt         fz_wm.l(dsqrt_umaal.o)
    0x080044d0   0x080044d0   0x000001d4   Code   RO         1338    x$fpl$dsub          fz_wm.l(daddsub_clz.o)
    0x080046a4   0x080046a4   0x00000056   Code   RO         1358    x$fpl$f2d           fz_wm.l(f2d.o)
    0x080046fa   0x080046fa   0x0000008c   Code   RO         1434    x$fpl$fnaninf       fz_wm.l(fnaninf.o)
    0x08004786   0x08004786   0x0000000a   Code   RO         1612    x$fpl$fpinit        fz_wm.l(fpinit.o)
    0x08004790   0x08004790   0x0000000a   Code   RO         1436    x$fpl$fretinf       fz_wm.l(fretinf.o)
    0x0800479a   0x0800479a   0x00000004   Code   RO         1360    x$fpl$printf1       fz_wm.l(printf1.o)
    0x0800479e   0x0800479e   0x00000000   Code   RO         1438    x$fpl$usenofp       fz_wm.l(usenofp.o)
    0x0800479e   0x0800479e   0x00000002   PAD
    0x080047a0   0x080047a0   0x00000030   Data   RO         1440    .constdata          m_wm.l(cos_i.o)
    0x080047d0   0x080047d0   0x000000c8   Data   RO         1458    .constdata          m_wm.l(rred.o)
    0x08004898   0x08004898   0x00000028   Data   RO         1462    .constdata          m_wm.l(sin_i.o)
    0x080048c0   0x080048c0   0x00000094   Data   RO         1499    .constdata          c_w.l(bigflt0.o)
    0x08004954   0x08004954   0x00000020   Data   RO         1680    Region$$Table       anon$$obj.o
    0x08004974   0x08004974   0x0000001c   Data   RO         1527    locale$$data        c_w.l(lc_numeric_c.o)


    Execution Region RW_IRAM1 (Exec base: 0x20000000, Load base: 0x08004990, Size: 0x00000848, Max: 0x00020000, ABSOLUTE)

    Exec Addr    Load Addr    Size         Type   Attr      Idx    E Section Name        Object

    0x20000000   0x08004990   0x00000004   Data   RW          143    .data               delay.o
    0x20000004   0x08004994   0x00000006   Data   RW          301    .data               usart.o
    0x2000000a   0x0800499a   0x00000002   PAD
    0x2000000c   0x0800499c   0x00000014   Data   RW          397    .data               as5600.o
    0x20000020   0x080049b0   0x00000001   Data   RW          762    .data               adc.o
    0x20000021   0x080049b1   0x00000003   PAD
    0x20000024   0x080049b4   0x00000090   Data   RW          987    .data               motor.o
    0x200000b4        -       0x000000c8   Zero   RW          300    .bss                usart.o
    0x2000017c        -       0x0000000f   Zero   RW          672    .bss                gtim.o
    0x2000018b   0x08004a44   0x00000001   PAD
    0x2000018c        -       0x00000258   Zero   RW          761    .bss                adc.o
    0x200003e4        -       0x00000060   Zero   RW         1547    .bss                c_w.l(libspace.o)
    0x20000444   0x08004a44   0x00000004   PAD
    0x20000448        -       0x00000000   Zero   RW            2    HEAP                startup_stm32f407xx.o
    0x20000448        -       0x00000400   Zero   RW            1    STACK               startup_stm32f407xx.o


==============================================================================

Image component sizes


      Code (inc. data)   RO Data    RW Data    ZI Data      Debug   Object Name

       356         40          0          1        600       2997   adc.o
      1338         74          0         20          0      11328   as5600.o
       912         40          0          0          0      33116   atim.o
       134         10          0          4          0       2071   delay.o
        32          0          0          0          0        961   dma.o
       368         30          0          0         15       3541   gtim.o
       806         28          0          0          0       3852   lcd_drive.o
       100         10          0          0          0        535   led.o
       212         32          0          0          0     568133   main.o
      1494        134          0        144          0       5866   motor.o
        68         24        392          0       1024       1012   startup_stm32f407xx.o
       986         36          0          0          0       6231   sys.o
       384         36          0          6        200       4453   usart.o

    ----------------------------------------------------------------------
      7204        494        424        180       1840     644096   Object Totals
         0          0         32          0          0          0   (incl. Generated)
        14          0          0          5          1          0   (incl. Padding)

    ----------------------------------------------------------------------

      Code (inc. data)   RO Data    RW Data    ZI Data      Debug   Library Member Name

         8          0          0          0          0         68   __main.o
       104          0          0          0          0         84   __printf.o
         0          0          0          0          0          0   __rtentry.o
        12          0          0          0          0          0   __rtentry2.o
         6          0          0          0          0          0   __rtentry4.o
        52          8          0          0          0          0   __scatter.o
        26          0          0          0          0          0   __scatter_copy.o
        28          0          0          0          0          0   __scatter_zi.o
        48          6          0          0          0         96   _printf_char_common.o
        36          4          0          0          0         80   _printf_char_file.o
         6          0          0          0          0          0   _printf_f.o
      1054          0          0          0          0        216   _printf_fp_dec.o
       128         16          0          0          0         84   _printf_fp_infnan.o
         0          0          0          0          0          0   _printf_percent.o
         4          0          0          0          0          0   _printf_percent_end.o
        22          0          0          0          0        100   _rserrno.o
       228          4        148          0          0         96   bigflt0.o
      1936        128          0          0          0        672   btod.o
        18          0          0          0          0         80   exit.o
         8          0          0          0          0         68   ferror.o
         6          0          0          0          0        152   heapauxi.o
        44         10         28          0          0         76   lc_numeric_c.o
         2          0          0          0          0          0   libinit.o
        22          0          0          0          0          0   libinit2.o
         2          0          0          0          0          0   libshutdown.o
         2          0          0          0          0          0   libshutdown2.o
         8          4          0          0         96         68   libspace.o
       138          0          0          0          0         80   lludiv10.o
        24          4          0          0          0         84   noretval__2printf.o
         8          4          0          0          0         68   rt_errno_addr_intlibspace.o
         8          4          0          0          0         68   rt_locale_intlibspace.o
         2          0          0          0          0          0   rtexit.o
        10          0          0          0          0          0   rtexit2.o
       128          0          0          0          0         68   strcmpv7m.o
        74          0          0          0          0         80   sys_stackheap_outer.o
         2          0          0          0          0         68   use_no_semi.o
         2          0          0          0          0         68   use_no_semi_2.o
        24          0          0          0          0        164   basic.o
        98          4          0          0          0        140   d2f.o
       826         16          0          0          0        492   daddsub_clz.o
        24          0          0          0          0        116   dcmpi.o
       688        140          0          0          0        256   ddiv.o
        94          4          0          0          0        140   dfix.o
        84          0          0          0          0        232   dflt_clz.o
       120          4          0          0          0        140   dleqf.o
       340         12          0          0          0        152   dmul.o
       156          4          0          0          0        140   dnaninf.o
       336         12          0          0          0        136   drem_clz.o
        12          0          0          0          0        116   dretinf.o
       108          0          0          0          0        128   drleqf.o
       408         56          0          0          0        168   dsqrt_umaal.o
        86          4          0          0          0        132   f2d.o
       140          4          0          0          0        132   fnaninf.o
        10          0          0          0          0        116   fpinit.o
        10          0          0          0          0        116   fretinf.o
         4          0          0          0          0        116   printf1.o
         0          0          0          0          0          0   usenofp.o
       200         20          0          0          0        164   cos.o
       368         46         48          0          0        200   cos_i.o
        84         16          0          0          0        372   dunder.o
        24          0          0          0          0        124   fabs.o
       260          6          0          0          0        144   fmod.o
        48          0          0          0          0        124   fpclassify.o
       248          0          0          0          0        152   poly.o
      1080        142        200          0          0        188   rred.o
       200         20          0          0          0        164   sin.o
       304         24         40          0          0        208   sin_i.o
       122          0          0          0          0        148   sqrt.o

    ----------------------------------------------------------------------
     10740        730        464          0        100       7644   Library Totals
        28          4          0          0          4          0   (incl. Padding)

    ----------------------------------------------------------------------

      Code (inc. data)   RO Data    RW Data    ZI Data      Debug   Library Name

      4206        192        176          0         96       2524   c_w.l
      3568        260          0          0          0       3132   fz_wm.l
      2938        274        288          0          0       1988   m_wm.l

    ----------------------------------------------------------------------
     10740        730        464          0        100       7644   Library Totals

    ----------------------------------------------------------------------

==============================================================================


      Code (inc. data)   RO Data    RW Data    ZI Data      Debug   

     17944       1224        888        180       1940     641788   Grand Totals
     17944       1224        888        180       1940     641788   ELF Image Totals
     17944       1224        888        180          0          0   ROM Totals

==============================================================================

    Total RO  Size (Code + RO Data)                18832 (  18.39kB)
    Total RW  Size (RW Data + ZI Data)              2120 (   2.07kB)
    Total ROM Size (Code + RO Data + RW Data)      19012 (  18.57kB)

==============================================================================

